Launching 81 tasks across 32 worker processes...
[1/81] finished 4b15g_2 / QTS  (elapsed 295.7s)
[2/81] finished 4_49 / TS  (elapsed 554.8s)
[3/81] finished 4_49 / ABC  (elapsed 614.7s)
[4/81] finished hwb4 / TS  (elapsed 634.4s)
[5/81] finished 4_49 / WOA  (elapsed 635.4s)
[6/81] finished 4b15g_1 / TS  (elapsed 638.5s)
[7/81] finished 4_49 / GA  (elapsed 653.9s)
[8/81] finished hwb4 / ABC  (elapsed 691.4s)
[9/81] finished hwb4 / WOA  (elapsed 708.9s)
[10/81] finished 4b15g_1 / WOA  (elapsed 711.1s)
[11/81] finished 4b15g_1 / ABC  (elapsed 713.2s)
[12/81] finished 4b15g_1 / GA  (elapsed 749.5s)
[13/81] finished hwb4 / GA  (elapsed 754.1s)
[14/81] finished 4_49 / PSO  (elapsed 769.0s)
[15/81] finished hwb4 / PSO  (elapsed 885.9s)
[16/81] finished 4b15g_2 / GA  (elapsed 892.4s)
[17/81] finished 4b15g_1 / PSO  (elapsed 914.1s)
[18/81] finished 4b15g_2 / TS  (elapsed 1052.6s)
[19/81] finished 4_49 / QTS  (elapsed 1066.4s)
[20/81] finished 4_49 / DE  (elapsed 1085.0s)
[21/81] finished 4_49 / AE-QTS  (elapsed 1095.5s)
[22/81] finished 4_49 / QEA  (elapsed 1114.0s)
[23/81] finished hwb4 / QTS  (elapsed 1240.8s)
[24/81] finished hwb4 / QEA  (elapsed 1245.0s)
[25/81] finished hwb4 / DE  (elapsed 1252.1s)
[26/81] finished hwb4 / AE-QTS  (elapsed 1294.9s)
[27/81] finished 4b15g_1 / DE  (elapsed 1334.8s)
[28/81] finished 4b15g_1 / QTS  (elapsed 1360.6s)
[29/81] finished 4b15g_1 / QEA  (elapsed 1391.3s)
[30/81] finished 4b15g_1 / AE-QTS  (elapsed 1427.3s)
[31/81] finished 4b15g_3 / TS  (elapsed 1457.1s)
[32/81] finished 4b15g_2 / WOA  (elapsed 1473.1s)
[33/81] finished 4b15g_2 / ABC  (elapsed 1507.7s)
[34/81] finished 4b15g_2 / DE  (elapsed 1512.0s)
[35/81] finished 4b15g_3 / GA  (elapsed 1542.7s)
[36/81] finished 4b15g_3 / WOA  (elapsed 1566.0s)
[37/81] finished 4b15g_3 / ABC  (elapsed 1567.4s)
[38/81] finished 4b15g_4 / GA  (elapsed 1653.9s)
[39/81] finished 4b15g_2 / PSO  (elapsed 1677.0s)
[40/81] finished 4b15g_4 / TS  (elapsed 1691.2s)
[41/81] finished 4b15g_2 / QEA  (elapsed 1692.6s)
[42/81] finished 4b15g_3 / PSO  (elapsed 1738.8s)
[43/81] finished 4b15g_2 / AE-QTS  (elapsed 1745.5s)
[44/81] finished 4b15g_4 / WOA  (elapsed 1799.3s)
[45/81] finished 4b15g_4 / ABC  (elapsed 1818.4s)
[46/81] finished 4b15g_4 / PSO  (elapsed 1916.8s)
[47/81] finished 4b15g_5 / TS  (elapsed 1954.1s)
[48/81] finished 4b15g_4 / AE-QTS  (elapsed 1970.8s)
[49/81] finished 4b15g_5 / GA  (elapsed 2012.0s)
[50/81] finished 4b15g_4 / QTS  (elapsed 2034.5s)
[51/81] finished 4b15g_4 / QEA  (elapsed 2069.8s)
[52/81] finished 4b15g_5 / WOA  (elapsed 2083.4s)
[53/81] finished 4b15g_3 / DE  (elapsed 2108.0s)
[54/81] finished 4b15g_3 / QTS  (elapsed 2127.3s)
[55/81] finished 4b15g_5 / ABC  (elapsed 2136.1s)
[56/81] finished 4b15g_3 / AE-QTS  (elapsed 2140.6s)
[57/81] finished 4b15g_3 / QEA  (elapsed 2162.0s)
[58/81] finished 4b15g_5 / PSO  (elapsed 2174.3s)
[59/81] finished 4b15g_4 / DE  (elapsed 2297.9s)
[60/81] finished 4b15g_5 / QTS  (elapsed 2300.0s)
[61/81] finished 4b15g_5 / QEA  (elapsed 2311.4s)
[62/81] finished 4b15g_5 / AE-QTS  (elapsed 2319.0s)
[63/81] finished 4b15g_5 / DE  (elapsed 2455.9s)
[64/81] finished nth_prime5_inc / TS  (elapsed 3104.6s)
[65/81] finished nth_prime5_inc / ABC  (elapsed 3248.2s)
[66/81] finished nth_prime5_inc / GA  (elapsed 3251.3s)
[67/81] finished nth_prime5_inc / WOA  (elapsed 3269.2s)
[68/81] finished hwb5 / TS  (elapsed 3323.5s)
[69/81] finished hwb5 / GA  (elapsed 3407.9s)
[70/81] finished hwb5 / ABC  (elapsed 3480.0s)
[71/81] finished hwb5 / WOA  (elapsed 3485.6s)
[72/81] finished nth_prime5_inc / PSO  (elapsed 3688.1s)
[73/81] finished hwb5 / PSO  (elapsed 3930.1s)
[74/81] finished nth_prime5_inc / DE  (elapsed 3933.2s)
[75/81] finished nth_prime5_inc / QTS  (elapsed 4084.6s)
[76/81] finished nth_prime5_inc / AE-QTS  (elapsed 4117.7s)
[77/81] finished nth_prime5_inc / QEA  (elapsed 4128.6s)
[78/81] finished hwb5 / DE  (elapsed 4137.9s)
[79/81] finished hwb5 / QTS  (elapsed 4263.3s)
[80/81] finished hwb5 / QEA  (elapsed 4287.1s)
[81/81] finished hwb5 / AE-QTS  (elapsed 4315.1s)
All 81 tasks complete in 4316.0s
