[Cache] Reused delta=0.005 N=10 from prior sweep (100 trials, no recompute needed)
[Cache] Reused delta=0.010 N=10 from prior sweep (100 trials, no recompute needed)
[Cache] Reused delta=0.015 N=10 from prior sweep (100 trials, no recompute needed)
[Cache] Reused delta=0.020 N=10 from prior sweep (100 trials, no recompute needed)
[Cache] Reused delta=0.030 N=10 from prior sweep (100 trials, no recompute needed)
[System] 10 configs (N=10 fixed) x 100 trials x 3000 iters | 5 cached, 5 to run (500 new trials) on 28 workers
[System] Live progress: param_sweep\6bit_p1_deltaN10\progress.txt
[ 501/1000] delta=0.001 trial  22 -> 240 gates (88.3s)
[ 502/1000] delta=0.001 trial  12 -> 242 gates (89.5s)
[ 503/1000] delta=0.001 trial  19 -> 240 gates (89.7s)
[ 504/1000] delta=0.001 trial  18 -> 244 gates (91.5s)
[ 505/1000] delta=0.001 trial  10 -> 244 gates (91.9s)
[ 506/1000] delta=0.001 trial   2 -> 244 gates (92.2s)
[ 507/1000] delta=0.001 trial  27 -> 244 gates (95.1s)
[ 508/1000] delta=0.001 trial  15 -> 242 gates (95.7s)
[ 509/1000] delta=0.001 trial  13 -> 244 gates (96.3s)
[ 510/1000] delta=0.001 trial  23 -> 240 gates (96.7s)
[ 511/1000] delta=0.001 trial  25 -> 240 gates (98.5s)
[ 512/1000] delta=0.001 trial   7 -> 236 gates (99.1s)
[ 513/1000] delta=0.001 trial   6 -> 238 gates (99.8s)
[ 514/1000] delta=0.001 trial   9 -> 242 gates (99.8s)
[ 515/1000] delta=0.001 trial  16 -> 244 gates (100.2s)
[ 516/1000] delta=0.001 trial   5 -> 240 gates (100.4s)
[ 517/1000] delta=0.001 trial   4 -> 242 gates (100.8s)
[ 518/1000] delta=0.001 trial  20 -> 240 gates (102.6s)
[ 519/1000] delta=0.001 trial   3 -> 244 gates (103.8s)
[ 520/1000] delta=0.001 trial  21 -> 240 gates (103.9s)
[ 521/1000] delta=0.001 trial   1 -> 238 gates (104.3s)
[ 522/1000] delta=0.001 trial  28 -> 242 gates (104.1s)
[ 523/1000] delta=0.001 trial  11 -> 240 gates (104.5s)
[ 524/1000] delta=0.001 trial   8 -> 244 gates (105.1s)
[ 525/1000] delta=0.001 trial  26 -> 242 gates (105.3s)
[ 526/1000] delta=0.001 trial  17 -> 242 gates (106.0s)
[ 527/1000] delta=0.001 trial  14 -> 244 gates (106.5s)
[ 528/1000] delta=0.001 trial  24 -> 240 gates (107.5s)
[ 529/1000] delta=0.001 trial  30 -> 242 gates (86.8s)
[ 530/1000] delta=0.001 trial  34 -> 242 gates (87.6s)
[ 531/1000] delta=0.001 trial  31 -> 242 gates (90.5s)
[ 532/1000] delta=0.001 trial  39 -> 242 gates (89.0s)
[ 533/1000] delta=0.001 trial  38 -> 242 gates (94.6s)
[ 534/1000] delta=0.001 trial  43 -> 244 gates (92.5s)
[ 535/1000] delta=0.001 trial  29 -> 242 gates (104.7s)
[ 536/1000] delta=0.001 trial  47 -> 242 gates (89.5s)
[ 537/1000] delta=0.001 trial  36 -> 242 gates (98.0s)
[ 538/1000] delta=0.001 trial  33 -> 240 gates (102.4s)
[ 539/1000] delta=0.001 trial  40 -> 242 gates (96.1s)
[ 540/1000] delta=0.001 trial  45 -> 244 gates (94.7s)
[ 541/1000] delta=0.001 trial  32 -> 244 gates (104.9s)
[ 542/1000] delta=0.001 trial  42 -> 242 gates (97.4s)
[ 543/1000] delta=0.001 trial  37 -> 242 gates (101.8s)
[ 544/1000] delta=0.001 trial  53 -> 242 gates (93.1s)
[ 545/1000] delta=0.001 trial  35 -> 244 gates (105.8s)
[ 546/1000] delta=0.001 trial  48 -> 244 gates (97.4s)
[ 547/1000] delta=0.001 trial  51 -> 242 gates (96.8s)
[ 548/1000] delta=0.001 trial  54 -> 242 gates (99.1s)
[ 549/1000] delta=0.001 trial  46 -> 240 gates (102.5s)
[ 550/1000] delta=0.001 trial  44 -> 240 gates (106.3s)
[ 551/1000] delta=0.001 trial  50 -> 244 gates (102.6s)
[ 552/1000] delta=0.001 trial  52 -> 240 gates (102.2s)
[ 553/1000] delta=0.001 trial  56 -> 244 gates (99.9s)
[ 554/1000] delta=0.001 trial  41 -> 242 gates (108.3s)
[ 555/1000] delta=0.001 trial  49 -> 244 gates (105.8s)
[ 556/1000] delta=0.001 trial  55 -> 244 gates (106.0s)
[ 557/1000] delta=0.001 trial  57 -> 242 gates (87.9s)
[ 558/1000] delta=0.001 trial  60 -> 240 gates (92.5s)
[ 559/1000] delta=0.001 trial  61 -> 244 gates (89.0s)
[ 560/1000] delta=0.001 trial  58 -> 240 gates (102.2s)
[ 561/1000] delta=0.001 trial  59 -> 246 gates (105.1s)
[ 562/1000] delta=0.001 trial  65 -> 240 gates (92.6s)
[ 563/1000] delta=0.001 trial  71 -> 238 gates (88.3s)
[ 564/1000] delta=0.001 trial  70 -> 238 gates (90.9s)
[ 565/1000] delta=0.001 trial  72 -> 236 gates (91.6s)
[ 566/1000] delta=0.001 trial  68 -> 244 gates (97.9s)
[ 567/1000] delta=0.001 trial  77 -> 242 gates (89.2s)
[ 568/1000] delta=0.001 trial  63 -> 244 gates (102.3s)
[ 569/1000] delta=0.001 trial  62 -> 242 gates (103.3s)
[ 570/1000] delta=0.001 trial  64 -> 240 gates (103.1s)
[ 571/1000] delta=0.001 trial  67 -> 244 gates (102.1s)
[ 572/1000] delta=0.001 trial  66 -> 240 gates (103.6s)
[ 573/1000] delta=0.001 trial  75 -> 244 gates (97.2s)
[ 574/1000] delta=0.001 trial  69 -> 240 gates (103.4s)
[ 575/1000] delta=0.001 trial  74 -> 242 gates (102.8s)
[ 576/1000] delta=0.001 trial  82 -> 244 gates (96.6s)
[ 577/1000] delta=0.001 trial  78 -> 242 gates (101.4s)
[ 578/1000] delta=0.001 trial  73 -> 242 gates (107.0s)
[ 579/1000] delta=0.001 trial  79 -> 242 gates (102.7s)
[ 580/1000] delta=0.001 trial  84 -> 244 gates (97.5s)
[ 581/1000] delta=0.001 trial  80 -> 242 gates (103.1s)
[ 582/1000] delta=0.001 trial  76 -> 244 gates (106.0s)
[ 583/1000] delta=0.001 trial  83 -> 244 gates (101.6s)
[ 584/1000] delta=0.001 trial  81 -> 242 gates (108.1s)
[ 585/1000] delta=0.001 trial  85 -> 242 gates (88.9s)
[ 586/1000] delta=0.001 trial  87 -> 242 gates (91.4s)
[ 587/1000] delta=0.001 trial  86 -> 244 gates (96.9s)
[ 588/1000] delta=0.001 trial  94 -> 240 gates (89.5s)
[ 589/1000] delta=0.001 trial  95 -> 244 gates (89.6s)
[ 590/1000] delta=0.001 trial  89 -> 244 gates (101.2s)
[ 591/1000] delta=0.001 trial  88 -> 240 gates (104.7s)
[ 592/1000] delta=0.003 trial   1 -> 208 gates (88.5s)
[ 593/1000] delta=0.001 trial  91 -> 238 gates (101.9s)
[ 594/1000] delta=0.001 trial  90 -> 240 gates (104.0s)
[ 595/1000] delta=0.001 trial  92 -> 244 gates (104.7s)
[ 596/1000] delta=0.001 trial  98 -> 242 gates (98.5s)
[ 597/1000] delta=0.001 trial  97 -> 244 gates (99.9s)
[ 598/1000] delta=0.001 trial  93 -> 240 gates (106.3s)
[ 599/1000] delta=0.003 trial   4 -> 206 gates (95.8s)
[ 600/1000] delta=0.001 trial  96 -> 240 gates (107.0s)
[ 601/1000] delta=0.003 trial   6 -> 208 gates (95.8s)
[ 602/1000] delta=0.003 trial   7 -> 208 gates (94.2s)
[ 603/1000] delta=0.001 trial  99 -> 242 gates (106.5s)
[ 604/1000] delta=0.001 trial 100 -> 242 gates (106.9s)
[System] Config C01_d0.001_N10 complete -> files written
[ 605/1000] delta=0.003 trial   2 -> 210 gates (106.3s)
[ 606/1000] delta=0.003 trial  11 -> 208 gates (97.3s)
[ 607/1000] delta=0.003 trial   9 -> 206 gates (100.1s)
[ 608/1000] delta=0.003 trial   8 -> 210 gates (102.4s)
[ 609/1000] delta=0.003 trial   3 -> 208 gates (108.7s)
[ 610/1000] delta=0.003 trial   5 -> 206 gates (104.9s)
[ 611/1000] delta=0.003 trial  10 -> 208 gates (106.1s)
[ 612/1000] delta=0.003 trial  12 -> 204 gates (102.0s)
[ 613/1000] delta=0.003 trial  13 -> 206 gates (87.4s)
[ 614/1000] delta=0.003 trial  14 -> 210 gates (87.7s)
[ 615/1000] delta=0.003 trial  17 -> 208 gates (87.5s)
[ 616/1000] delta=0.003 trial  20 -> 206 gates (88.1s)
[ 617/1000] delta=0.003 trial  15 -> 208 gates (100.4s)
[ 618/1000] delta=0.003 trial  16 -> 210 gates (98.7s)
[ 619/1000] delta=0.003 trial  24 -> 208 gates (87.4s)
[ 620/1000] delta=0.003 trial  18 -> 206 gates (100.2s)
[ 621/1000] delta=0.003 trial  21 -> 204 gates (99.9s)
[ 622/1000] delta=0.003 trial  19 -> 208 gates (101.8s)
[ 623/1000] delta=0.003 trial  22 -> 208 gates (98.4s)
[ 624/1000] delta=0.003 trial  25 -> 206 gates (98.5s)
[ 625/1000] delta=0.003 trial  23 -> 212 gates (101.6s)
[ 626/1000] delta=0.003 trial  26 -> 204 gates (102.5s)
[ 627/1000] delta=0.003 trial  27 -> 206 gates (99.6s)
[ 628/1000] delta=0.003 trial  34 -> 212 gates (91.3s)
[ 629/1000] delta=0.003 trial  30 -> 206 gates (99.6s)
[ 630/1000] delta=0.003 trial  37 -> 208 gates (91.5s)
[ 631/1000] delta=0.003 trial  36 -> 208 gates (92.9s)
[ 632/1000] delta=0.003 trial  32 -> 210 gates (101.0s)
[ 633/1000] delta=0.003 trial  31 -> 208 gates (103.0s)
[ 634/1000] delta=0.003 trial  29 -> 208 gates (103.9s)
[ 635/1000] delta=0.003 trial  28 -> 208 gates (105.7s)
[ 636/1000] delta=0.003 trial  33 -> 206 gates (102.7s)
[ 637/1000] delta=0.003 trial  38 -> 208 gates (99.9s)
[ 638/1000] delta=0.003 trial  35 -> 208 gates (103.8s)
[ 639/1000] delta=0.003 trial  39 -> 206 gates (100.8s)
[ 640/1000] delta=0.003 trial  40 -> 204 gates (101.0s)
[ 641/1000] delta=0.003 trial  41 -> 202 gates (86.9s)
[ 642/1000] delta=0.003 trial  42 -> 206 gates (87.4s)
[ 643/1000] delta=0.003 trial  43 -> 204 gates (87.5s)
[ 644/1000] delta=0.003 trial  44 -> 208 gates (87.7s)
[ 645/1000] delta=0.003 trial  47 -> 208 gates (87.3s)
[ 646/1000] delta=0.003 trial  52 -> 206 gates (87.3s)
[ 647/1000] delta=0.003 trial  45 -> 212 gates (105.1s)
[ 648/1000] delta=0.003 trial  46 -> 202 gates (101.4s)
[ 649/1000] delta=0.003 trial  50 -> 206 gates (98.1s)
[ 650/1000] delta=0.003 trial  56 -> 204 gates (87.4s)
[ 651/1000] delta=0.003 trial  49 -> 210 gates (100.3s)
[ 652/1000] delta=0.003 trial  51 -> 208 gates (100.1s)
[ 653/1000] delta=0.003 trial  48 -> 206 gates (102.1s)
[ 654/1000] delta=0.003 trial  53 -> 206 gates (101.3s)
[ 655/1000] delta=0.003 trial  55 -> 202 gates (100.5s)
[ 656/1000] delta=0.003 trial  54 -> 206 gates (102.2s)
[ 657/1000] delta=0.003 trial  58 -> 206 gates (98.3s)
[ 658/1000] delta=0.003 trial  62 -> 208 gates (96.1s)
[ 659/1000] delta=0.003 trial  59 -> 208 gates (102.0s)
[ 660/1000] delta=0.003 trial  61 -> 204 gates (101.1s)
[ 661/1000] delta=0.003 trial  63 -> 208 gates (99.9s)
[ 662/1000] delta=0.003 trial  60 -> 208 gates (102.9s)
[ 663/1000] delta=0.003 trial  57 -> 214 gates (106.2s)
[ 664/1000] delta=0.003 trial  64 -> 212 gates (101.0s)
[ 665/1000] delta=0.003 trial  68 -> 208 gates (93.2s)
[ 666/1000] delta=0.003 trial  66 -> 204 gates (98.7s)
[ 667/1000] delta=0.003 trial  69 -> 204 gates (87.0s)
[ 668/1000] delta=0.003 trial  65 -> 206 gates (103.2s)
[ 669/1000] delta=0.003 trial  67 -> 204 gates (100.8s)
[ 670/1000] delta=0.003 trial  71 -> 206 gates (87.4s)
[ 671/1000] delta=0.003 trial  70 -> 214 gates (102.6s)
[ 672/1000] delta=0.003 trial  72 -> 206 gates (87.7s)
[ 673/1000] delta=0.003 trial  73 -> 204 gates (87.4s)
[ 674/1000] delta=0.003 trial  74 -> 204 gates (87.1s)
[ 675/1000] delta=0.003 trial  78 -> 214 gates (87.4s)
[ 676/1000] delta=0.003 trial  76 -> 206 gates (100.7s)
[ 677/1000] delta=0.003 trial  77 -> 214 gates (98.2s)
[ 678/1000] delta=0.003 trial  81 -> 204 gates (97.0s)
[ 679/1000] delta=0.003 trial  75 -> 200 gates (104.1s)
[ 680/1000] delta=0.003 trial  83 -> 212 gates (88.6s)
[ 681/1000] delta=0.003 trial  80 -> 208 gates (101.5s)
[ 682/1000] delta=0.003 trial  79 -> 206 gates (103.9s)
[ 683/1000] delta=0.003 trial  82 -> 206 gates (102.6s)
[ 684/1000] delta=0.003 trial  95 -> 210 gates (87.1s)
[ 685/1000] delta=0.003 trial  84 -> 210 gates (103.2s)
[ 686/1000] delta=0.003 trial  85 -> 208 gates (102.4s)
[ 687/1000] delta=0.003 trial  88 -> 204 gates (98.4s)
[ 688/1000] delta=0.003 trial  90 -> 208 gates (100.0s)
[ 689/1000] delta=0.003 trial  86 -> 212 gates (105.0s)
[ 690/1000] delta=0.003 trial  92 -> 208 gates (99.4s)
[ 691/1000] delta=0.003 trial  87 -> 206 gates (103.0s)
[ 692/1000] delta=0.003 trial  91 -> 206 gates (100.9s)
[ 693/1000] delta=0.003 trial  89 -> 204 gates (103.2s)
[ 694/1000] delta=0.003 trial  93 -> 210 gates (99.6s)
[ 695/1000] delta=0.003 trial  97 -> 204 gates (95.4s)
[ 696/1000] delta=0.003 trial  94 -> 214 gates (102.3s)
[ 697/1000] delta=0.003 trial  96 -> 208 gates (102.9s)
[ 698/1000] delta=0.003 trial  98 -> 206 gates (87.5s)
[ 699/1000] delta=0.003 trial 100 -> 208 gates (87.6s)
[ 700/1000] delta=0.008 trial   1 -> 186 gates (84.9s)
[ 701/1000] delta=0.003 trial  99 -> 204 gates (96.1s)
[System] Config C02_d0.003_N10 complete -> files written
[ 702/1000] delta=0.008 trial   3 -> 182 gates (84.8s)
[ 703/1000] delta=0.008 trial   2 -> 186 gates (100.1s)
[ 704/1000] delta=0.008 trial   8 -> 184 gates (86.3s)
[ 705/1000] delta=0.008 trial   4 -> 186 gates (101.4s)
[ 706/1000] delta=0.008 trial   6 -> 182 gates (99.8s)
[ 707/1000] delta=0.008 trial   7 -> 186 gates (99.2s)
[ 708/1000] delta=0.008 trial  12 -> 180 gates (84.5s)
[ 709/1000] delta=0.008 trial   5 -> 180 gates (102.8s)
[ 710/1000] delta=0.008 trial  10 -> 184 gates (97.6s)
[ 711/1000] delta=0.008 trial   9 -> 184 gates (101.3s)
[ 712/1000] delta=0.008 trial  13 -> 186 gates (89.4s)
[ 713/1000] delta=0.008 trial  18 -> 190 gates (86.7s)
[ 714/1000] delta=0.008 trial  11 -> 180 gates (97.7s)
[ 715/1000] delta=0.008 trial  14 -> 182 gates (92.3s)
[ 716/1000] delta=0.008 trial  19 -> 184 gates (91.9s)
[ 717/1000] delta=0.008 trial  15 -> 180 gates (98.5s)
[ 718/1000] delta=0.008 trial  16 -> 182 gates (98.6s)
[ 719/1000] delta=0.008 trial  23 -> 184 gates (93.1s)
[ 720/1000] delta=0.008 trial  20 -> 180 gates (97.5s)
[ 721/1000] delta=0.008 trial  17 -> 188 gates (99.3s)
[ 722/1000] delta=0.008 trial  22 -> 182 gates (98.2s)
[ 723/1000] delta=0.008 trial  21 -> 182 gates (99.1s)
[ 724/1000] delta=0.008 trial  24 -> 186 gates (98.9s)
[ 725/1000] delta=0.008 trial  26 -> 182 gates (84.7s)
[ 726/1000] delta=0.008 trial  25 -> 184 gates (103.2s)
[ 727/1000] delta=0.008 trial  28 -> 182 gates (84.9s)
[ 728/1000] delta=0.008 trial  27 -> 180 gates (93.4s)
[ 729/1000] delta=0.008 trial  30 -> 180 gates (85.0s)
[ 730/1000] delta=0.008 trial  29 -> 184 gates (101.3s)
[ 731/1000] delta=0.008 trial  32 -> 186 gates (86.1s)
[ 732/1000] delta=0.008 trial  31 -> 176 gates (99.1s)
[ 733/1000] delta=0.008 trial  36 -> 190 gates (84.4s)
[ 734/1000] delta=0.008 trial  43 -> 184 gates (84.7s)
[ 735/1000] delta=0.008 trial  42 -> 186 gates (88.8s)
[ 736/1000] delta=0.008 trial  33 -> 186 gates (101.0s)
[ 737/1000] delta=0.008 trial  41 -> 186 gates (90.0s)
[ 738/1000] delta=0.008 trial  39 -> 186 gates (95.8s)
[ 739/1000] delta=0.008 trial  34 -> 182 gates (101.8s)
[ 740/1000] delta=0.008 trial  37 -> 184 gates (100.0s)
[ 741/1000] delta=0.008 trial  38 -> 178 gates (98.4s)
[ 742/1000] delta=0.008 trial  35 -> 180 gates (105.4s)
[ 743/1000] delta=0.008 trial  40 -> 180 gates (97.8s)
[ 744/1000] delta=0.008 trial  45 -> 180 gates (97.9s)
[ 745/1000] delta=0.008 trial  53 -> 182 gates (85.1s)
[ 746/1000] delta=0.008 trial  44 -> 184 gates (102.8s)
[ 747/1000] delta=0.008 trial  46 -> 178 gates (99.4s)
[ 748/1000] delta=0.008 trial  49 -> 182 gates (99.2s)
[ 749/1000] delta=0.008 trial  47 -> 184 gates (100.0s)
[ 750/1000] delta=0.008 trial  48 -> 182 gates (100.3s)
[ 751/1000] delta=0.008 trial  50 -> 184 gates (98.8s)
[ 752/1000] delta=0.008 trial  55 -> 178 gates (85.1s)
[ 753/1000] delta=0.008 trial  52 -> 186 gates (99.6s)
[ 754/1000] delta=0.008 trial  51 -> 188 gates (107.3s)
[ 755/1000] delta=0.008 trial  56 -> 188 gates (91.6s)
[ 756/1000] delta=0.008 trial  54 -> 182 gates (102.7s)
[ 757/1000] delta=0.008 trial  57 -> 182 gates (93.4s)
[ 758/1000] delta=0.008 trial  58 -> 190 gates (100.3s)
[ 759/1000] delta=0.008 trial  59 -> 182 gates (89.6s)
[ 760/1000] delta=0.008 trial  60 -> 180 gates (87.9s)
[ 761/1000] delta=0.008 trial  61 -> 186 gates (87.5s)
[ 762/1000] delta=0.008 trial  62 -> 182 gates (84.9s)
[ 763/1000] delta=0.008 trial  65 -> 184 gates (86.6s)
[ 764/1000] delta=0.008 trial  69 -> 184 gates (91.4s)
[ 765/1000] delta=0.008 trial  66 -> 184 gates (95.3s)
[ 766/1000] delta=0.008 trial  64 -> 180 gates (100.1s)
[ 767/1000] delta=0.008 trial  63 -> 186 gates (101.7s)
[ 768/1000] delta=0.008 trial  71 -> 184 gates (98.2s)
[ 769/1000] delta=0.008 trial  67 -> 186 gates (102.3s)
[ 770/1000] delta=0.008 trial  68 -> 186 gates (103.9s)
[ 771/1000] delta=0.008 trial  70 -> 186 gates (102.7s)
[ 772/1000] delta=0.008 trial  75 -> 186 gates (87.9s)
[ 773/1000] delta=0.008 trial  72 -> 178 gates (97.0s)
[ 774/1000] delta=0.008 trial  77 -> 184 gates (92.8s)
[ 775/1000] delta=0.008 trial  73 -> 184 gates (96.5s)
[ 776/1000] delta=0.008 trial  78 -> 184 gates (94.2s)
[ 777/1000] delta=0.008 trial  79 -> 186 gates (94.6s)
[ 778/1000] delta=0.008 trial  76 -> 182 gates (97.0s)
[ 779/1000] delta=0.008 trial  81 -> 184 gates (93.2s)
[ 780/1000] delta=0.008 trial  80 -> 188 gates (97.3s)
[ 781/1000] delta=0.008 trial  74 -> 180 gates (104.0s)
[ 782/1000] delta=0.008 trial  82 -> 184 gates (95.1s)
[ 783/1000] delta=0.008 trial  83 -> 182 gates (100.9s)
[ 784/1000] delta=0.008 trial  84 -> 184 gates (103.0s)
[ 785/1000] delta=0.008 trial  86 -> 180 gates (89.1s)
[ 786/1000] delta=0.008 trial  85 -> 186 gates (103.1s)
[ 787/1000] delta=0.008 trial  88 -> 184 gates (89.1s)
[ 788/1000] delta=0.008 trial  90 -> 182 gates (84.5s)
[ 789/1000] delta=0.008 trial  87 -> 178 gates (101.3s)
[ 790/1000] delta=0.008 trial  91 -> 180 gates (84.8s)
[ 791/1000] delta=0.008 trial  89 -> 190 gates (99.7s)
[ 792/1000] delta=0.008 trial  92 -> 182 gates (84.6s)
[ 793/1000] delta=0.008 trial 100 -> 180 gates (85.0s)
[ 794/1000] delta=0.008 trial  93 -> 184 gates (97.4s)
[ 795/1000] delta=0.008 trial  96 -> 184 gates (92.2s)
[ 796/1000] delta=0.008 trial  94 -> 186 gates (96.5s)
[ 797/1000] delta=0.008 trial  95 -> 176 gates (96.2s)
[ 798/1000] delta=0.008 trial  97 -> 182 gates (96.3s)
[ 799/1000] delta=0.018 trial   1 -> 184 gates (86.9s)
[ 800/1000] delta=0.008 trial  98 -> 182 gates (96.6s)
[ 801/1000] delta=0.018 trial   4 -> 190 gates (91.7s)
[ 802/1000] delta=0.018 trial  10 -> 188 gates (83.1s)
[ 803/1000] delta=0.008 trial  99 -> 188 gates (102.2s)
[System] Config C04_d0.008_N10 complete -> files written
[ 804/1000] delta=0.018 trial   3 -> 190 gates (96.5s)
[ 805/1000] delta=0.018 trial   2 -> 190 gates (97.5s)
[ 806/1000] delta=0.018 trial   6 -> 190 gates (95.9s)
[ 807/1000] delta=0.018 trial   5 -> 188 gates (101.1s)
[ 808/1000] delta=0.018 trial   7 -> 192 gates (98.2s)
[ 809/1000] delta=0.018 trial   8 -> 186 gates (96.4s)
[ 810/1000] delta=0.018 trial   9 -> 186 gates (101.8s)
[ 811/1000] delta=0.018 trial  11 -> 184 gates (98.3s)
[ 812/1000] delta=0.018 trial  12 -> 190 gates (97.5s)
[ 813/1000] delta=0.018 trial  15 -> 192 gates (82.8s)
[ 814/1000] delta=0.018 trial  16 -> 188 gates (82.8s)
[ 815/1000] delta=0.018 trial  13 -> 182 gates (99.6s)
[ 816/1000] delta=0.018 trial  14 -> 188 gates (98.7s)
[ 817/1000] delta=0.018 trial  18 -> 182 gates (82.9s)
[ 818/1000] delta=0.018 trial  20 -> 186 gates (83.9s)
[ 819/1000] delta=0.018 trial  17 -> 186 gates (97.7s)
[ 820/1000] delta=0.018 trial  19 -> 188 gates (101.5s)
[ 821/1000] delta=0.018 trial  21 -> 182 gates (82.7s)
[ 822/1000] delta=0.018 trial  23 -> 192 gates (83.0s)
[ 823/1000] delta=0.018 trial  27 -> 192 gates (83.4s)
[ 824/1000] delta=0.018 trial  22 -> 184 gates (97.2s)
[ 825/1000] delta=0.018 trial  25 -> 184 gates (96.3s)
[ 826/1000] delta=0.018 trial  30 -> 186 gates (83.3s)
[ 827/1000] delta=0.018 trial  24 -> 190 gates (97.1s)
[ 828/1000] delta=0.018 trial  28 -> 184 gates (93.9s)
[ 829/1000] delta=0.018 trial  26 -> 186 gates (100.7s)
[ 830/1000] delta=0.018 trial  29 -> 192 gates (95.8s)
[ 831/1000] delta=0.018 trial  31 -> 184 gates (94.1s)
[ 832/1000] delta=0.018 trial  32 -> 188 gates (95.3s)
[ 833/1000] delta=0.018 trial  34 -> 188 gates (96.9s)
[ 834/1000] delta=0.018 trial  33 -> 184 gates (100.7s)
[ 835/1000] delta=0.018 trial  36 -> 188 gates (95.5s)
[ 836/1000] delta=0.018 trial  35 -> 188 gates (97.0s)
[ 837/1000] delta=0.018 trial  37 -> 188 gates (96.4s)
[ 838/1000] delta=0.018 trial  39 -> 184 gates (84.8s)
[ 839/1000] delta=0.018 trial  41 -> 188 gates (82.9s)
[ 840/1000] delta=0.018 trial  38 -> 188 gates (102.8s)
[ 841/1000] delta=0.018 trial  42 -> 190 gates (82.9s)
[ 842/1000] delta=0.018 trial  40 -> 192 gates (102.2s)
[ 843/1000] delta=0.018 trial  45 -> 186 gates (87.5s)
[ 844/1000] delta=0.018 trial  43 -> 188 gates (96.5s)
[ 845/1000] delta=0.018 trial  44 -> 190 gates (100.0s)
[ 846/1000] delta=0.018 trial  46 -> 182 gates (95.3s)
[ 847/1000] delta=0.018 trial  49 -> 188 gates (83.3s)
[ 848/1000] delta=0.018 trial  47 -> 204 gates (98.4s)
[ 849/1000] delta=0.018 trial  51 -> 190 gates (83.1s)
[ 850/1000] delta=0.018 trial  50 -> 186 gates (88.4s)
[ 851/1000] delta=0.018 trial  48 -> 190 gates (96.8s)
[ 852/1000] delta=0.018 trial  54 -> 188 gates (83.4s)
[ 853/1000] delta=0.018 trial  56 -> 190 gates (94.4s)
[ 854/1000] delta=0.018 trial  52 -> 194 gates (99.7s)
[ 855/1000] delta=0.018 trial  53 -> 186 gates (100.1s)
[ 856/1000] delta=0.018 trial  55 -> 184 gates (99.7s)
[ 857/1000] delta=0.018 trial  57 -> 190 gates (97.2s)
[ 858/1000] delta=0.018 trial  62 -> 186 gates (85.8s)
[ 859/1000] delta=0.018 trial  58 -> 190 gates (94.4s)
[ 860/1000] delta=0.018 trial  60 -> 194 gates (92.9s)
[ 861/1000] delta=0.018 trial  66 -> 186 gates (83.0s)
[ 862/1000] delta=0.018 trial  59 -> 186 gates (101.2s)
[ 863/1000] delta=0.018 trial  67 -> 194 gates (82.9s)
[ 864/1000] delta=0.018 trial  63 -> 192 gates (93.1s)
[ 865/1000] delta=0.018 trial  61 -> 192 gates (97.7s)
[ 866/1000] delta=0.018 trial  65 -> 182 gates (93.6s)
[ 867/1000] delta=0.018 trial  64 -> 184 gates (98.1s)
[ 868/1000] delta=0.018 trial  69 -> 184 gates (86.4s)
[ 869/1000] delta=0.018 trial  71 -> 182 gates (82.7s)
[ 870/1000] delta=0.018 trial  68 -> 186 gates (98.4s)
[ 871/1000] delta=0.018 trial  70 -> 190 gates (97.3s)
[ 872/1000] delta=0.018 trial  72 -> 190 gates (95.8s)
[ 873/1000] delta=0.018 trial  75 -> 190 gates (83.2s)
[ 874/1000] delta=0.018 trial  77 -> 188 gates (83.0s)
[ 875/1000] delta=0.018 trial  73 -> 188 gates (97.5s)
[ 876/1000] delta=0.018 trial  74 -> 188 gates (100.0s)
[ 877/1000] delta=0.018 trial  76 -> 188 gates (99.6s)
[ 878/1000] delta=0.018 trial  80 -> 184 gates (85.9s)
[ 879/1000] delta=0.018 trial  78 -> 188 gates (96.9s)
[ 880/1000] delta=0.018 trial  79 -> 178 gates (96.7s)
[ 881/1000] delta=0.018 trial  86 -> 188 gates (83.3s)
[ 882/1000] delta=0.018 trial  89 -> 188 gates (83.1s)
[ 883/1000] delta=0.018 trial  82 -> 186 gates (97.8s)
[ 884/1000] delta=0.018 trial  91 -> 192 gates (82.8s)
[ 885/1000] delta=0.018 trial  84 -> 188 gates (97.3s)
[ 886/1000] delta=0.018 trial  81 -> 190 gates (101.0s)
[ 887/1000] delta=0.018 trial  92 -> 184 gates (83.9s)
[ 888/1000] delta=0.018 trial  83 -> 192 gates (99.4s)
[ 889/1000] delta=0.018 trial  85 -> 186 gates (96.5s)
[ 890/1000] delta=0.018 trial  87 -> 188 gates (97.0s)
[ 891/1000] delta=0.018 trial  88 -> 182 gates (96.5s)
[ 892/1000] delta=0.018 trial  90 -> 192 gates (90.8s)
[ 893/1000] delta=0.018 trial  93 -> 192 gates (95.7s)
[ 894/1000] delta=0.018 trial  97 -> 180 gates (82.9s)
[ 895/1000] delta=0.018 trial  94 -> 186 gates (99.1s)
[ 896/1000] delta=0.018 trial  95 -> 188 gates (98.8s)
[ 897/1000] delta=0.018 trial  96 -> 194 gates (95.7s)
[ 898/1000] delta=0.018 trial  98 -> 182 gates (97.2s)
[ 899/1000] delta=0.025 trial   1 -> 186 gates (85.0s)
[ 900/1000] delta=0.025 trial   2 -> 192 gates (82.5s)
[ 901/1000] delta=0.018 trial  99 -> 192 gates (97.8s)
[ 902/1000] delta=0.018 trial 100 -> 186 gates (95.1s)
[System] Config C07_d0.018_N10 complete -> files written
[ 903/1000] delta=0.025 trial   3 -> 200 gates (98.0s)
[ 904/1000] delta=0.025 trial   6 -> 190 gates (88.2s)
[ 905/1000] delta=0.025 trial   4 -> 182 gates (96.4s)
[ 906/1000] delta=0.025 trial   5 -> 186 gates (96.0s)
[ 907/1000] delta=0.025 trial   7 -> 194 gates (96.4s)
[ 908/1000] delta=0.025 trial   9 -> 186 gates (82.7s)
[ 909/1000] delta=0.025 trial   8 -> 198 gates (99.5s)
[ 910/1000] delta=0.025 trial  10 -> 188 gates (82.7s)
[ 911/1000] delta=0.025 trial  12 -> 188 gates (82.4s)
[ 912/1000] delta=0.025 trial  15 -> 186 gates (83.1s)
[ 913/1000] delta=0.025 trial  20 -> 194 gates (84.0s)
[ 914/1000] delta=0.025 trial  11 -> 190 gates (98.1s)
[ 915/1000] delta=0.025 trial  14 -> 188 gates (95.8s)
[ 916/1000] delta=0.025 trial  17 -> 188 gates (94.2s)
[ 917/1000] delta=0.025 trial  13 -> 182 gates (98.2s)
[ 918/1000] delta=0.025 trial  22 -> 194 gates (82.4s)
[ 919/1000] delta=0.025 trial  16 -> 194 gates (97.3s)
[ 920/1000] delta=0.025 trial  19 -> 196 gates (95.2s)
[ 921/1000] delta=0.025 trial  18 -> 194 gates (100.3s)
[ 922/1000] delta=0.025 trial  21 -> 194 gates (97.1s)
[ 923/1000] delta=0.025 trial  24 -> 188 gates (94.4s)
[ 924/1000] delta=0.025 trial  23 -> 192 gates (100.2s)
[ 925/1000] delta=0.025 trial  25 -> 192 gates (98.5s)
[ 926/1000] delta=0.025 trial  28 -> 188 gates (82.4s)
[ 927/1000] delta=0.025 trial  26 -> 190 gates (95.4s)
[ 928/1000] delta=0.025 trial  27 -> 186 gates (97.5s)
[ 929/1000] delta=0.025 trial  30 -> 192 gates (93.4s)
[ 930/1000] delta=0.025 trial  29 -> 194 gates (96.8s)
[ 931/1000] delta=0.025 trial  32 -> 190 gates (85.8s)
[ 932/1000] delta=0.025 trial  31 -> 192 gates (94.4s)
[ 933/1000] delta=0.025 trial  36 -> 196 gates (82.8s)
[ 934/1000] delta=0.025 trial  33 -> 194 gates (96.6s)
[ 935/1000] delta=0.025 trial  38 -> 190 gates (82.7s)
[ 936/1000] delta=0.025 trial  35 -> 192 gates (94.9s)
[ 937/1000] delta=0.025 trial  40 -> 192 gates (83.2s)
[ 938/1000] delta=0.025 trial  34 -> 188 gates (102.0s)
[ 939/1000] delta=0.025 trial  39 -> 188 gates (89.9s)
[ 940/1000] delta=0.025 trial  41 -> 196 gates (83.9s)
[ 941/1000] delta=0.025 trial  37 -> 198 gates (97.9s)
[ 942/1000] delta=0.025 trial  46 -> 200 gates (82.7s)
[ 943/1000] delta=0.025 trial  42 -> 194 gates (93.5s)
[ 944/1000] delta=0.025 trial  47 -> 192 gates (95.4s)
[ 945/1000] delta=0.025 trial  45 -> 192 gates (99.4s)
[ 946/1000] delta=0.025 trial  48 -> 196 gates (97.6s)
[ 947/1000] delta=0.025 trial  43 -> 188 gates (101.5s)
[ 948/1000] delta=0.025 trial  51 -> 184 gates (82.4s)
[ 949/1000] delta=0.025 trial  44 -> 200 gates (101.2s)
[ 950/1000] delta=0.025 trial  49 -> 190 gates (95.0s)
[ 951/1000] delta=0.025 trial  54 -> 192 gates (82.1s)
[ 952/1000] delta=0.025 trial  50 -> 200 gates (99.5s)
[ 953/1000] delta=0.025 trial  55 -> 188 gates (83.1s)
[ 954/1000] delta=0.025 trial  52 -> 188 gates (97.6s)
[ 955/1000] delta=0.025 trial  53 -> 188 gates (96.6s)
[ 956/1000] delta=0.025 trial  56 -> 190 gates (98.1s)
[ 957/1000] delta=0.025 trial  57 -> 188 gates (96.7s)
[ 958/1000] delta=0.025 trial  61 -> 194 gates (83.1s)
[ 959/1000] delta=0.025 trial  58 -> 190 gates (99.7s)
[ 960/1000] delta=0.025 trial  59 -> 196 gates (97.9s)
[ 961/1000] delta=0.025 trial  63 -> 198 gates (86.1s)
[ 962/1000] delta=0.025 trial  65 -> 188 gates (83.6s)
[ 963/1000] delta=0.025 trial  60 -> 188 gates (99.9s)
[ 964/1000] delta=0.025 trial  62 -> 194 gates (94.8s)
[ 965/1000] delta=0.025 trial  64 -> 192 gates (92.8s)
[ 966/1000] delta=0.025 trial  68 -> 188 gates (87.5s)
[ 967/1000] delta=0.025 trial  70 -> 194 gates (83.0s)
[ 968/1000] delta=0.025 trial  67 -> 182 gates (95.0s)
[ 969/1000] delta=0.025 trial  66 -> 190 gates (98.0s)
[ 970/1000] delta=0.025 trial  69 -> 196 gates (95.1s)
[ 971/1000] delta=0.025 trial  73 -> 186 gates (89.2s)
[ 972/1000] delta=0.025 trial  75 -> 194 gates (90.3s)
[ 973/1000] delta=0.025 trial  71 -> 192 gates (99.9s)
[ 974/1000] delta=0.025 trial  76 -> 190 gates (93.7s)
[ 975/1000] delta=0.025 trial  72 -> 192 gates (98.8s)
[ 976/1000] delta=0.025 trial  78 -> 194 gates (93.8s)
[ 977/1000] delta=0.025 trial  74 -> 196 gates (97.6s)
[ 978/1000] delta=0.025 trial  79 -> 188 gates (90.8s)
[ 979/1000] delta=0.025 trial  77 -> 190 gates (99.5s)
[ 980/1000] delta=0.025 trial  80 -> 194 gates (91.8s)
[ 981/1000] delta=0.025 trial  81 -> 182 gates (97.4s)
[ 982/1000] delta=0.025 trial  82 -> 182 gates (96.3s)
[ 983/1000] delta=0.025 trial  83 -> 184 gates (98.2s)
[ 984/1000] delta=0.025 trial  84 -> 186 gates (89.3s)
[ 985/1000] delta=0.025 trial  86 -> 188 gates (83.6s)
[ 986/1000] delta=0.025 trial  85 -> 190 gates (90.6s)
[ 987/1000] delta=0.025 trial  88 -> 196 gates (86.3s)
[ 988/1000] delta=0.025 trial  87 -> 192 gates (88.4s)
[ 989/1000] delta=0.025 trial  90 -> 186 gates (83.0s)
[ 990/1000] delta=0.025 trial  92 -> 198 gates (80.0s)
[ 991/1000] delta=0.025 trial  89 -> 198 gates (87.0s)
[ 992/1000] delta=0.025 trial  91 -> 196 gates (82.5s)
[ 993/1000] delta=0.025 trial  93 -> 198 gates (80.7s)
[ 994/1000] delta=0.025 trial  94 -> 194 gates (79.2s)
[ 995/1000] delta=0.025 trial  95 -> 196 gates (76.6s)
[ 996/1000] delta=0.025 trial  98 -> 196 gates (74.8s)
[ 997/1000] delta=0.025 trial  96 -> 186 gates (76.6s)
[ 998/1000] delta=0.025 trial  97 -> 188 gates (76.9s)
[ 999/1000] delta=0.025 trial  99 -> 190 gates (65.2s)
[1000/1000] delta=0.025 trial 100 -> 190 gates (63.6s)
[System] Config C09_d0.025_N10 complete -> files written

        config  delta_theta  num_neighbors  final_avg_gates  final_std  best_gates  worst_gates  median_gates  avg_time_s
C04_d0.008_N10        0.008             10           183.32      3.023         176          190         184.0       95.18
C05_d0.010_N10        0.010             10           183.70      3.051         176          190         184.0       94.02
C06_d0.015_N10        0.015             10           185.52      3.276         178          192         186.0       93.04
C03_d0.005_N10        0.005             10           185.92      2.667         180          194         186.0       95.80
C07_d0.018_N10        0.018             10           187.74      3.738         178          204         188.0       93.22
C08_d0.020_N10        0.020             10           188.44      4.360         178          198         188.0       92.47
C09_d0.025_N10        0.025             10           191.20      4.427         182          200         192.0       90.69
C10_d0.030_N10        0.030             10           193.18      4.080         186          206         192.0       91.80
C02_d0.003_N10        0.003             10           207.24      2.839         200          214         208.0       97.62
C01_d0.001_N10        0.001             10           241.88      1.976         236          246         242.0       99.02

[System] All results in: param_sweep\6bit_p1_deltaN10
[Plot] Wrote convergence_facets.pdf/png, convergence_all.pdf/png and convergence_data.csv to param_sweep\6bit_p1_deltaN10 (10 configs)
