[Cache] Reused b=0.50 N=10 from sweep #1 (100 trials, no recompute needed)
[System] 10 configs (N=10 fixed) x 100 trials x 3000 iters | 1 cached, 9 to run (900 new trials) on 28 workers
[System] Live progress: param_sweep\6bit_p1_WOA_smallb\progress.txt
[ 101/1000] b=0.05 trial   2 -> 250 gates (42.0s)
[ 102/1000] b=0.05 trial  28 -> 246 gates (41.8s)
[ 103/1000] b=0.05 trial  16 -> 244 gates (42.1s)
[ 104/1000] b=0.05 trial   9 -> 230 gates (42.4s)
[ 105/1000] b=0.05 trial  19 -> 230 gates (42.3s)
[ 106/1000] b=0.05 trial  17 -> 234 gates (42.4s)
[ 107/1000] b=0.05 trial   1 -> 238 gates (42.9s)
[ 108/1000] b=0.05 trial  24 -> 228 gates (42.9s)
[ 109/1000] b=0.05 trial   5 -> 252 gates (43.1s)
[ 110/1000] b=0.05 trial  15 -> 234 gates (43.3s)
[ 111/1000] b=0.05 trial  27 -> 236 gates (43.4s)
[ 112/1000] b=0.05 trial   7 -> 236 gates (43.6s)
[ 113/1000] b=0.05 trial  20 -> 234 gates (43.6s)
[ 114/1000] b=0.05 trial  11 -> 244 gates (43.7s)
[ 115/1000] b=0.05 trial  26 -> 240 gates (43.8s)
[ 116/1000] b=0.05 trial  13 -> 240 gates (44.1s)
[ 117/1000] b=0.05 trial  10 -> 236 gates (44.1s)
[ 118/1000] b=0.05 trial  23 -> 234 gates (44.1s)
[ 119/1000] b=0.05 trial  25 -> 248 gates (44.5s)
[ 120/1000] b=0.05 trial  21 -> 250 gates (45.5s)
[ 121/1000] b=0.05 trial  22 -> 228 gates (45.6s)
[ 122/1000] b=0.05 trial  14 -> 234 gates (45.7s)
[ 123/1000] b=0.05 trial   6 -> 248 gates (45.8s)
[ 124/1000] b=0.05 trial   4 -> 238 gates (46.6s)
[ 125/1000] b=0.05 trial  18 -> 242 gates (46.6s)
[ 126/1000] b=0.05 trial   8 -> 250 gates (46.9s)
[ 127/1000] b=0.05 trial   3 -> 250 gates (47.6s)
[ 128/1000] b=0.05 trial  12 -> 250 gates (48.2s)
[ 129/1000] b=0.05 trial  41 -> 246 gates (40.0s)
[ 130/1000] b=0.05 trial  33 -> 246 gates (42.3s)
[ 131/1000] b=0.05 trial  39 -> 242 gates (41.3s)
[ 132/1000] b=0.05 trial  29 -> 238 gates (43.0s)
[ 133/1000] b=0.05 trial  31 -> 230 gates (42.9s)
[ 134/1000] b=0.05 trial  32 -> 230 gates (42.7s)
[ 135/1000] b=0.05 trial  37 -> 242 gates (42.3s)
[ 136/1000] b=0.05 trial  40 -> 230 gates (42.9s)
[ 137/1000] b=0.05 trial  34 -> 236 gates (44.1s)
[ 138/1000] b=0.05 trial  35 -> 242 gates (44.2s)
[ 139/1000] b=0.05 trial  38 -> 242 gates (44.0s)
[ 140/1000] b=0.05 trial  48 -> 226 gates (41.9s)
[ 141/1000] b=0.05 trial  42 -> 248 gates (44.0s)
[ 142/1000] b=0.05 trial  30 -> 236 gates (46.1s)
[ 143/1000] b=0.05 trial  45 -> 232 gates (43.9s)
[ 144/1000] b=0.05 trial  53 -> 242 gates (41.6s)
[ 145/1000] b=0.05 trial  36 -> 228 gates (45.4s)
[ 146/1000] b=0.05 trial  47 -> 236 gates (44.8s)
[ 147/1000] b=0.05 trial  49 -> 232 gates (44.0s)
[ 148/1000] b=0.05 trial  55 -> 234 gates (42.7s)
[ 149/1000] b=0.05 trial  50 -> 232 gates (44.6s)
[ 150/1000] b=0.05 trial  44 -> 224 gates (46.3s)
[ 151/1000] b=0.05 trial  54 -> 222 gates (43.6s)
[ 152/1000] b=0.05 trial  43 -> 222 gates (46.9s)
[ 153/1000] b=0.05 trial  52 -> 226 gates (45.6s)
[ 154/1000] b=0.05 trial  46 -> 256 gates (47.9s)
[ 155/1000] b=0.05 trial  51 -> 236 gates (47.4s)
[ 156/1000] b=0.05 trial  56 -> 228 gates (47.3s)
[ 157/1000] b=0.05 trial  57 -> 234 gates (41.2s)
[ 158/1000] b=0.05 trial  60 -> 244 gates (40.7s)
[ 159/1000] b=0.05 trial  61 -> 242 gates (42.4s)
[ 160/1000] b=0.05 trial  59 -> 238 gates (43.3s)
[ 161/1000] b=0.05 trial  58 -> 228 gates (43.7s)
[ 162/1000] b=0.05 trial  62 -> 244 gates (44.0s)
[ 163/1000] b=0.05 trial  71 -> 238 gates (41.2s)
[ 164/1000] b=0.05 trial  69 -> 240 gates (41.9s)
[ 165/1000] b=0.05 trial  66 -> 234 gates (43.2s)
[ 166/1000] b=0.05 trial  65 -> 224 gates (43.9s)
[ 167/1000] b=0.05 trial  68 -> 242 gates (43.2s)
[ 168/1000] b=0.05 trial  67 -> 242 gates (44.1s)
[ 169/1000] b=0.05 trial  75 -> 234 gates (41.9s)
[ 170/1000] b=0.05 trial  63 -> 246 gates (46.3s)
[ 171/1000] b=0.05 trial  77 -> 236 gates (42.1s)
[ 172/1000] b=0.05 trial  72 -> 234 gates (44.4s)
[ 173/1000] b=0.05 trial  70 -> 240 gates (45.3s)
[ 174/1000] b=0.05 trial  73 -> 232 gates (45.2s)
[ 175/1000] b=0.05 trial  78 -> 236 gates (43.3s)
[ 176/1000] b=0.05 trial  81 -> 230 gates (41.6s)
[ 177/1000] b=0.05 trial  76 -> 236 gates (43.6s)
[ 178/1000] b=0.05 trial  64 -> 234 gates (47.7s)
[ 179/1000] b=0.05 trial  79 -> 242 gates (44.3s)
[ 180/1000] b=0.05 trial  74 -> 240 gates (47.7s)
[ 181/1000] b=0.05 trial  80 -> 246 gates (46.6s)
[ 182/1000] b=0.05 trial  82 -> 240 gates (46.6s)
[ 183/1000] b=0.05 trial  83 -> 222 gates (47.0s)
[ 184/1000] b=0.05 trial  84 -> 240 gates (47.2s)
[ 185/1000] b=0.05 trial  86 -> 244 gates (43.5s)
[ 186/1000] b=0.05 trial  87 -> 228 gates (43.3s)
[ 187/1000] b=0.05 trial  85 -> 232 gates (46.3s)
[ 188/1000] b=0.05 trial  90 -> 236 gates (43.4s)
[ 189/1000] b=0.05 trial  89 -> 228 gates (44.3s)
[ 190/1000] b=0.05 trial  91 -> 234 gates (44.2s)
[ 191/1000] b=0.05 trial  88 -> 222 gates (45.5s)
[ 192/1000] b=0.05 trial  95 -> 236 gates (43.1s)
[ 193/1000] b=0.05 trial  97 -> 242 gates (42.3s)
[ 194/1000] b=0.05 trial  96 -> 226 gates (42.5s)
[ 195/1000] b=0.05 trial  94 -> 248 gates (43.9s)
[ 196/1000] b=0.05 trial  92 -> 242 gates (44.8s)
[ 197/1000] b=0.10 trial   4 -> 226 gates (41.4s)
[ 198/1000] b=0.10 trial   3 -> 236 gates (41.8s)
[ 199/1000] b=0.05 trial  98 -> 242 gates (44.1s)
[ 200/1000] b=0.10 trial   2 -> 228 gates (42.9s)
[ 201/1000] b=0.10 trial   5 -> 228 gates (43.5s)
[ 202/1000] b=0.05 trial  93 -> 230 gates (47.3s)
[ 203/1000] b=0.05 trial 100 -> 248 gates (44.8s)
[ 204/1000] b=0.10 trial   7 -> 234 gates (43.5s)
[ 205/1000] b=0.05 trial  99 -> 242 gates (46.3s)
[System] Config C01_b0.05_N10 complete -> files written
[ 206/1000] b=0.10 trial   1 -> 234 gates (46.9s)
[ 207/1000] b=0.10 trial   6 -> 230 gates (47.2s)
[ 208/1000] b=0.10 trial   8 -> 220 gates (45.4s)
[ 209/1000] b=0.10 trial   9 -> 230 gates (45.9s)
[ 210/1000] b=0.10 trial  11 -> 238 gates (44.4s)
[ 211/1000] b=0.10 trial  10 -> 228 gates (45.9s)
[ 212/1000] b=0.10 trial  12 -> 246 gates (43.2s)
[ 213/1000] b=0.10 trial  21 -> 224 gates (42.0s)
[ 214/1000] b=0.10 trial  14 -> 232 gates (46.1s)
[ 215/1000] b=0.10 trial  23 -> 234 gates (42.7s)
[ 216/1000] b=0.10 trial  16 -> 226 gates (44.8s)
[ 217/1000] b=0.10 trial  22 -> 240 gates (43.4s)
[ 218/1000] b=0.10 trial  19 -> 226 gates (44.0s)
[ 219/1000] b=0.10 trial  20 -> 232 gates (44.0s)
[ 220/1000] b=0.10 trial  13 -> 244 gates (49.7s)
[ 221/1000] b=0.10 trial  18 -> 234 gates (46.1s)
[ 222/1000] b=0.10 trial  24 -> 230 gates (45.3s)
[ 223/1000] b=0.10 trial  15 -> 228 gates (48.6s)
[ 224/1000] b=0.10 trial  27 -> 228 gates (44.8s)
[ 225/1000] b=0.10 trial  17 -> 224 gates (48.5s)
[ 226/1000] b=0.10 trial  32 -> 240 gates (44.5s)
[ 227/1000] b=0.10 trial  25 -> 228 gates (48.4s)
[ 228/1000] b=0.10 trial  31 -> 222 gates (46.2s)
[ 229/1000] b=0.10 trial  30 -> 234 gates (46.9s)
[ 230/1000] b=0.10 trial  33 -> 228 gates (45.6s)
[ 231/1000] b=0.10 trial  34 -> 236 gates (44.4s)
[ 232/1000] b=0.10 trial  26 -> 232 gates (49.5s)
[ 233/1000] b=0.10 trial  28 -> 234 gates (49.4s)
[ 234/1000] b=0.10 trial  29 -> 232 gates (49.6s)
[ 235/1000] b=0.10 trial  39 -> 242 gates (42.4s)
[ 236/1000] b=0.10 trial  36 -> 218 gates (45.8s)
[ 237/1000] b=0.10 trial  38 -> 230 gates (43.8s)
[ 238/1000] b=0.10 trial  35 -> 220 gates (47.3s)
[ 239/1000] b=0.10 trial  40 -> 230 gates (45.6s)
[ 240/1000] b=0.10 trial  37 -> 224 gates (49.3s)
[ 241/1000] b=0.10 trial  41 -> 228 gates (43.0s)
[ 242/1000] b=0.10 trial  46 -> 228 gates (42.2s)
[ 243/1000] b=0.10 trial  42 -> 236 gates (43.2s)
[ 244/1000] b=0.10 trial  47 -> 228 gates (43.6s)
[ 245/1000] b=0.10 trial  44 -> 220 gates (44.6s)
[ 246/1000] b=0.10 trial  43 -> 244 gates (45.8s)
[ 247/1000] b=0.10 trial  45 -> 220 gates (45.7s)
[ 248/1000] b=0.10 trial  52 -> 224 gates (43.8s)
[ 249/1000] b=0.10 trial  50 -> 238 gates (44.7s)
[ 250/1000] b=0.10 trial  49 -> 236 gates (45.1s)
[ 251/1000] b=0.10 trial  56 -> 232 gates (42.3s)
[ 252/1000] b=0.10 trial  51 -> 234 gates (47.2s)
[ 253/1000] b=0.10 trial  48 -> 234 gates (48.4s)
[ 254/1000] b=0.10 trial  58 -> 234 gates (44.2s)
[ 255/1000] b=0.10 trial  57 -> 230 gates (44.5s)
[ 256/1000] b=0.10 trial  55 -> 220 gates (45.8s)
[ 257/1000] b=0.10 trial  59 -> 230 gates (44.8s)
[ 258/1000] b=0.10 trial  53 -> 204 gates (48.3s)
[ 259/1000] b=0.10 trial  54 -> 234 gates (46.9s)
[ 260/1000] b=0.10 trial  63 -> 226 gates (43.8s)
[ 261/1000] b=0.10 trial  66 -> 234 gates (42.9s)
[ 262/1000] b=0.10 trial  64 -> 222 gates (44.1s)
[ 263/1000] b=0.10 trial  60 -> 236 gates (49.4s)
[ 264/1000] b=0.10 trial  65 -> 230 gates (46.1s)
[ 265/1000] b=0.10 trial  61 -> 238 gates (49.5s)
[ 266/1000] b=0.10 trial  67 -> 226 gates (44.7s)
[ 267/1000] b=0.10 trial  62 -> 228 gates (49.5s)
[ 268/1000] b=0.10 trial  68 -> 234 gates (47.6s)
[ 269/1000] b=0.10 trial  69 -> 238 gates (40.8s)
[ 270/1000] b=0.10 trial  70 -> 230 gates (41.9s)
[ 271/1000] b=0.10 trial  71 -> 248 gates (42.4s)
[ 272/1000] b=0.10 trial  72 -> 244 gates (43.4s)
[ 273/1000] b=0.10 trial  74 -> 222 gates (43.0s)
[ 274/1000] b=0.10 trial  73 -> 236 gates (45.1s)
[ 275/1000] b=0.10 trial  76 -> 228 gates (44.8s)
[ 276/1000] b=0.10 trial  79 -> 242 gates (43.7s)
[ 277/1000] b=0.10 trial  81 -> 220 gates (43.1s)
[ 278/1000] b=0.10 trial  75 -> 228 gates (47.8s)
[ 279/1000] b=0.10 trial  85 -> 232 gates (42.5s)
[ 280/1000] b=0.10 trial  77 -> 234 gates (47.8s)
[ 281/1000] b=0.10 trial  87 -> 218 gates (42.9s)
[ 282/1000] b=0.10 trial  78 -> 228 gates (48.5s)
[ 283/1000] b=0.10 trial  82 -> 240 gates (44.9s)
[ 284/1000] b=0.10 trial  83 -> 210 gates (44.7s)
[ 285/1000] b=0.10 trial  90 -> 220 gates (42.4s)
[ 286/1000] b=0.10 trial  89 -> 242 gates (43.6s)
[ 287/1000] b=0.10 trial  80 -> 216 gates (48.5s)
[ 288/1000] b=0.10 trial  84 -> 230 gates (46.5s)
[ 289/1000] b=0.10 trial  86 -> 224 gates (47.9s)
[ 290/1000] b=0.10 trial  94 -> 216 gates (43.4s)
[ 291/1000] b=0.10 trial  88 -> 232 gates (49.1s)
[ 292/1000] b=0.10 trial  91 -> 238 gates (46.1s)
[ 293/1000] b=0.10 trial  93 -> 228 gates (45.9s)
[ 294/1000] b=0.10 trial  95 -> 222 gates (45.9s)
[ 295/1000] b=0.10 trial  92 -> 226 gates (49.1s)
[ 296/1000] b=0.10 trial  96 -> 220 gates (43.3s)
[ 297/1000] b=0.10 trial  97 -> 230 gates (43.3s)
[ 298/1000] b=0.10 trial  98 -> 238 gates (44.1s)
[ 299/1000] b=0.10 trial 100 -> 236 gates (42.7s)
[ 300/1000] b=0.10 trial  99 -> 234 gates (47.9s)
[System] Config C02_b0.10_N10 complete -> files written
[ 301/1000] b=0.15 trial   1 -> 224 gates (44.8s)
[ 302/1000] b=0.15 trial   2 -> 226 gates (44.1s)
[ 303/1000] b=0.15 trial   3 -> 232 gates (42.1s)
[ 304/1000] b=0.15 trial   4 -> 216 gates (41.9s)
[ 305/1000] b=0.15 trial   5 -> 232 gates (43.7s)
[ 306/1000] b=0.15 trial  11 -> 222 gates (41.2s)
[ 307/1000] b=0.15 trial   7 -> 216 gates (43.4s)
[ 308/1000] b=0.15 trial   9 -> 224 gates (44.1s)
[ 309/1000] b=0.15 trial  13 -> 226 gates (43.8s)
[ 310/1000] b=0.15 trial   8 -> 218 gates (46.9s)
[ 311/1000] b=0.15 trial  16 -> 224 gates (43.3s)
[ 312/1000] b=0.15 trial  10 -> 212 gates (46.4s)
[ 313/1000] b=0.15 trial   6 -> 236 gates (49.6s)
[ 314/1000] b=0.15 trial  20 -> 228 gates (40.6s)
[ 315/1000] b=0.15 trial  14 -> 220 gates (46.5s)
[ 316/1000] b=0.15 trial  17 -> 222 gates (44.3s)
[ 317/1000] b=0.15 trial  15 -> 232 gates (46.5s)
[ 318/1000] b=0.15 trial  12 -> 222 gates (49.3s)
[ 319/1000] b=0.15 trial  18 -> 222 gates (44.4s)
[ 320/1000] b=0.15 trial  21 -> 234 gates (43.7s)
[ 321/1000] b=0.15 trial  22 -> 230 gates (44.7s)
[ 322/1000] b=0.15 trial  19 -> 246 gates (49.2s)
[ 323/1000] b=0.15 trial  24 -> 236 gates (48.7s)
[ 324/1000] b=0.15 trial  23 -> 214 gates (48.8s)
[ 325/1000] b=0.15 trial  25 -> 222 gates (44.0s)
[ 326/1000] b=0.15 trial  26 -> 222 gates (41.5s)
[ 327/1000] b=0.15 trial  27 -> 224 gates (44.4s)
[ 328/1000] b=0.15 trial  32 -> 220 gates (41.5s)
[ 329/1000] b=0.15 trial  31 -> 224 gates (43.3s)
[ 330/1000] b=0.15 trial  34 -> 226 gates (41.4s)
[ 331/1000] b=0.15 trial  33 -> 224 gates (42.2s)
[ 332/1000] b=0.15 trial  30 -> 218 gates (45.4s)
[ 333/1000] b=0.15 trial  28 -> 222 gates (49.0s)
[ 334/1000] b=0.15 trial  29 -> 214 gates (48.9s)
[ 335/1000] b=0.15 trial  35 -> 210 gates (45.2s)
[ 336/1000] b=0.15 trial  36 -> 226 gates (44.0s)
[ 337/1000] b=0.15 trial  37 -> 222 gates (42.7s)
[ 338/1000] b=0.15 trial  39 -> 216 gates (42.6s)
[ 339/1000] b=0.15 trial  38 -> 226 gates (43.5s)
[ 340/1000] b=0.15 trial  45 -> 224 gates (41.1s)
[ 341/1000] b=0.15 trial  40 -> 202 gates (44.7s)
[ 342/1000] b=0.15 trial  44 -> 226 gates (42.5s)
[ 343/1000] b=0.15 trial  47 -> 224 gates (41.3s)
[ 344/1000] b=0.15 trial  46 -> 230 gates (43.1s)
[ 345/1000] b=0.15 trial  48 -> 218 gates (41.1s)
[ 346/1000] b=0.15 trial  42 -> 224 gates (45.3s)
[ 347/1000] b=0.15 trial  41 -> 222 gates (48.9s)
[ 348/1000] b=0.15 trial  49 -> 228 gates (44.2s)
[ 349/1000] b=0.15 trial  43 -> 220 gates (49.4s)
[ 350/1000] b=0.15 trial  50 -> 230 gates (49.3s)
[ 351/1000] b=0.15 trial  52 -> 236 gates (46.6s)
[ 352/1000] b=0.15 trial  51 -> 220 gates (48.7s)
[ 353/1000] b=0.15 trial  54 -> 216 gates (44.8s)
[ 354/1000] b=0.15 trial  53 -> 216 gates (47.4s)
[ 355/1000] b=0.15 trial  55 -> 218 gates (43.1s)
[ 356/1000] b=0.15 trial  56 -> 218 gates (44.9s)
[ 357/1000] b=0.15 trial  57 -> 238 gates (43.6s)
[ 358/1000] b=0.15 trial  60 -> 232 gates (42.9s)
[ 359/1000] b=0.15 trial  59 -> 214 gates (43.9s)
[ 360/1000] b=0.15 trial  58 -> 228 gates (45.1s)
[ 361/1000] b=0.15 trial  64 -> 222 gates (43.2s)
[ 362/1000] b=0.15 trial  65 -> 230 gates (42.9s)
[ 363/1000] b=0.15 trial  63 -> 238 gates (44.5s)
[ 364/1000] b=0.15 trial  66 -> 232 gates (43.8s)
[ 365/1000] b=0.15 trial  68 -> 220 gates (44.3s)
[ 366/1000] b=0.15 trial  67 -> 228 gates (44.8s)
[ 367/1000] b=0.15 trial  71 -> 224 gates (43.6s)
[ 368/1000] b=0.15 trial  61 -> 218 gates (49.5s)
[ 369/1000] b=0.15 trial  62 -> 228 gates (49.7s)
[ 370/1000] b=0.15 trial  69 -> 236 gates (45.2s)
[ 371/1000] b=0.15 trial  70 -> 234 gates (45.6s)
[ 372/1000] b=0.15 trial  74 -> 232 gates (44.5s)
[ 373/1000] b=0.15 trial  72 -> 222 gates (45.1s)
[ 374/1000] b=0.15 trial  73 -> 214 gates (46.8s)
[ 375/1000] b=0.15 trial  76 -> 216 gates (42.9s)
[ 376/1000] b=0.15 trial  75 -> 222 gates (45.6s)
[ 377/1000] b=0.15 trial  77 -> 222 gates (44.0s)
[ 378/1000] b=0.15 trial  78 -> 220 gates (43.3s)
[ 379/1000] b=0.15 trial  79 -> 242 gates (48.7s)
[ 380/1000] b=0.15 trial  80 -> 236 gates (49.2s)
[ 381/1000] b=0.15 trial  81 -> 224 gates (43.8s)
[ 382/1000] b=0.15 trial  83 -> 236 gates (41.9s)
[ 383/1000] b=0.15 trial  85 -> 230 gates (42.9s)
[ 384/1000] b=0.15 trial  88 -> 230 gates (40.3s)
[ 385/1000] b=0.15 trial  84 -> 228 gates (44.2s)
[ 386/1000] b=0.15 trial  87 -> 220 gates (43.2s)
[ 387/1000] b=0.15 trial  86 -> 224 gates (44.0s)
[ 388/1000] b=0.15 trial  82 -> 228 gates (49.8s)
[ 389/1000] b=0.15 trial  89 -> 226 gates (41.4s)
[ 390/1000] b=0.15 trial  91 -> 214 gates (42.0s)
[ 391/1000] b=0.15 trial  90 -> 216 gates (44.0s)
[ 392/1000] b=0.15 trial  92 -> 228 gates (43.4s)
[ 393/1000] b=0.15 trial  98 -> 226 gates (41.5s)
[ 394/1000] b=0.20 trial   1 -> 216 gates (39.9s)
[ 395/1000] b=0.15 trial  99 -> 236 gates (41.7s)
[ 396/1000] b=0.15 trial  95 -> 222 gates (43.6s)
[ 397/1000] b=0.15 trial  97 -> 228 gates (43.6s)
[ 398/1000] b=0.15 trial  93 -> 222 gates (48.8s)
[ 399/1000] b=0.15 trial  94 -> 224 gates (49.3s)
[ 400/1000] b=0.15 trial  96 -> 226 gates (49.3s)
[ 401/1000] b=0.20 trial   3 -> 220 gates (44.5s)
[ 402/1000] b=0.15 trial 100 -> 218 gates (48.0s)
[System] Config C03_b0.15_N10 complete -> files written
[ 403/1000] b=0.20 trial   4 -> 222 gates (44.0s)
[ 404/1000] b=0.20 trial   2 -> 218 gates (48.2s)
[ 405/1000] b=0.20 trial   5 -> 224 gates (46.3s)
[ 406/1000] b=0.20 trial   6 -> 226 gates (42.9s)
[ 407/1000] b=0.20 trial   7 -> 218 gates (49.1s)
[ 408/1000] b=0.20 trial  10 -> 222 gates (40.5s)
[ 409/1000] b=0.20 trial   8 -> 230 gates (48.6s)
[ 410/1000] b=0.20 trial   9 -> 216 gates (45.2s)
[ 411/1000] b=0.20 trial  12 -> 220 gates (41.6s)
[ 412/1000] b=0.20 trial  11 -> 226 gates (43.8s)
[ 413/1000] b=0.20 trial  13 -> 224 gates (43.9s)
[ 414/1000] b=0.20 trial  15 -> 214 gates (43.4s)
[ 415/1000] b=0.20 trial  14 -> 224 gates (44.8s)
[ 416/1000] b=0.20 trial  18 -> 218 gates (41.5s)
[ 417/1000] b=0.20 trial  17 -> 228 gates (44.3s)
[ 418/1000] b=0.20 trial  20 -> 214 gates (43.0s)
[ 419/1000] b=0.20 trial  19 -> 220 gates (44.6s)
[ 420/1000] b=0.20 trial  16 -> 230 gates (49.0s)
[ 421/1000] b=0.20 trial  23 -> 226 gates (42.1s)
[ 422/1000] b=0.20 trial  21 -> 222 gates (43.6s)
[ 423/1000] b=0.20 trial  25 -> 224 gates (42.5s)
[ 424/1000] b=0.20 trial  22 -> 228 gates (45.3s)
[ 425/1000] b=0.20 trial  24 -> 206 gates (46.3s)
[ 426/1000] b=0.20 trial  26 -> 232 gates (43.0s)
[ 427/1000] b=0.20 trial  29 -> 220 gates (42.5s)
[ 428/1000] b=0.20 trial  28 -> 212 gates (44.0s)
[ 429/1000] b=0.20 trial  32 -> 220 gates (43.8s)
[ 430/1000] b=0.20 trial  27 -> 230 gates (49.8s)
[ 431/1000] b=0.20 trial  30 -> 226 gates (49.0s)
[ 432/1000] b=0.20 trial  31 -> 218 gates (49.4s)
[ 433/1000] b=0.20 trial  33 -> 222 gates (49.2s)
[ 434/1000] b=0.20 trial  34 -> 226 gates (48.8s)
[ 435/1000] b=0.20 trial  36 -> 222 gates (42.0s)
[ 436/1000] b=0.20 trial  38 -> 228 gates (43.5s)
[ 437/1000] b=0.20 trial  39 -> 210 gates (41.8s)
[ 438/1000] b=0.20 trial  35 -> 216 gates (48.6s)
[ 439/1000] b=0.20 trial  37 -> 236 gates (49.1s)
[ 440/1000] b=0.20 trial  40 -> 222 gates (42.9s)
[ 441/1000] b=0.20 trial  42 -> 232 gates (41.4s)
[ 442/1000] b=0.20 trial  41 -> 222 gates (43.8s)
[ 443/1000] b=0.20 trial  43 -> 228 gates (42.1s)
[ 444/1000] b=0.20 trial  44 -> 236 gates (42.7s)
[ 445/1000] b=0.20 trial  46 -> 216 gates (40.7s)
[ 446/1000] b=0.20 trial  45 -> 228 gates (44.2s)
[ 447/1000] b=0.20 trial  49 -> 226 gates (42.9s)
[ 448/1000] b=0.20 trial  47 -> 218 gates (43.9s)
[ 449/1000] b=0.20 trial  51 -> 230 gates (42.4s)
[ 450/1000] b=0.20 trial  52 -> 222 gates (41.6s)
[ 451/1000] b=0.20 trial  53 -> 220 gates (39.4s)
[ 452/1000] b=0.20 trial  50 -> 218 gates (44.9s)
[ 453/1000] b=0.20 trial  54 -> 218 gates (41.3s)
[ 454/1000] b=0.20 trial  48 -> 230 gates (49.0s)
[ 455/1000] b=0.20 trial  55 -> 202 gates (43.5s)
[ 456/1000] b=0.20 trial  56 -> 226 gates (44.8s)
[ 457/1000] b=0.20 trial  57 -> 210 gates (43.4s)
[ 458/1000] b=0.20 trial  59 -> 226 gates (45.6s)
[ 459/1000] b=0.20 trial  58 -> 218 gates (49.1s)
[ 460/1000] b=0.20 trial  60 -> 218 gates (48.7s)
[ 461/1000] b=0.20 trial  61 -> 224 gates (48.8s)
[ 462/1000] b=0.20 trial  62 -> 226 gates (49.2s)
[ 463/1000] b=0.20 trial  63 -> 226 gates (44.0s)
[ 464/1000] b=0.20 trial  64 -> 212 gates (43.2s)
[ 465/1000] b=0.20 trial  69 -> 224 gates (43.1s)
[ 466/1000] b=0.20 trial  65 -> 220 gates (46.4s)
[ 467/1000] b=0.20 trial  70 -> 214 gates (41.7s)
[ 468/1000] b=0.20 trial  71 -> 220 gates (41.9s)
[ 469/1000] b=0.20 trial  68 -> 218 gates (45.8s)
[ 470/1000] b=0.20 trial  73 -> 218 gates (41.4s)
[ 471/1000] b=0.20 trial  66 -> 222 gates (49.0s)
[ 472/1000] b=0.20 trial  72 -> 218 gates (44.4s)
[ 473/1000] b=0.20 trial  67 -> 220 gates (49.1s)
[ 474/1000] b=0.20 trial  75 -> 214 gates (42.2s)
[ 475/1000] b=0.20 trial  74 -> 232 gates (45.3s)
[ 476/1000] b=0.20 trial  77 -> 210 gates (42.2s)
[ 477/1000] b=0.20 trial  81 -> 216 gates (40.6s)
[ 478/1000] b=0.20 trial  78 -> 226 gates (44.2s)
[ 479/1000] b=0.20 trial  80 -> 212 gates (42.8s)
[ 480/1000] b=0.20 trial  76 -> 214 gates (45.8s)
[ 481/1000] b=0.20 trial  79 -> 222 gates (45.3s)
[ 482/1000] b=0.20 trial  83 -> 216 gates (43.3s)
[ 483/1000] b=0.20 trial  84 -> 214 gates (40.9s)
[ 484/1000] b=0.20 trial  82 -> 222 gates (46.2s)
[ 485/1000] b=0.20 trial  85 -> 222 gates (42.0s)
[ 486/1000] b=0.20 trial  86 -> 226 gates (42.4s)
[ 487/1000] b=0.20 trial  87 -> 230 gates (44.9s)
[ 488/1000] b=0.20 trial  91 -> 230 gates (42.2s)
[ 489/1000] b=0.20 trial  88 -> 212 gates (48.6s)
[ 490/1000] b=0.20 trial  90 -> 208 gates (44.1s)
[ 491/1000] b=0.20 trial  89 -> 222 gates (49.8s)
[ 492/1000] b=0.20 trial  92 -> 222 gates (42.3s)
[ 493/1000] b=0.20 trial  95 -> 220 gates (41.3s)
[ 494/1000] b=0.20 trial  93 -> 216 gates (43.8s)
[ 495/1000] b=0.20 trial  96 -> 224 gates (43.7s)
[ 496/1000] b=0.20 trial  98 -> 228 gates (42.0s)
[ 497/1000] b=0.20 trial  94 -> 224 gates (47.7s)
[ 498/1000] b=0.20 trial  97 -> 222 gates (45.5s)
[ 499/1000] b=0.20 trial 100 -> 214 gates (43.9s)
[ 500/1000] b=0.25 trial   1 -> 214 gates (43.6s)
[ 501/1000] b=0.25 trial   2 -> 216 gates (42.0s)
[ 502/1000] b=0.25 trial   4 -> 222 gates (42.0s)
[ 503/1000] b=0.25 trial   3 -> 210 gates (44.1s)
[ 504/1000] b=0.25 trial   5 -> 214 gates (41.8s)
[ 505/1000] b=0.20 trial  99 -> 220 gates (49.1s)
[System] Config C04_b0.20_N10 complete -> files written
[ 506/1000] b=0.25 trial   6 -> 226 gates (42.4s)
[ 507/1000] b=0.25 trial   8 -> 222 gates (47.0s)
[ 508/1000] b=0.25 trial   7 -> 222 gates (48.7s)
[ 509/1000] b=0.25 trial  13 -> 226 gates (40.7s)
[ 510/1000] b=0.25 trial  11 -> 208 gates (43.8s)
[ 511/1000] b=0.25 trial  10 -> 220 gates (44.7s)
[ 512/1000] b=0.25 trial   9 -> 216 gates (49.0s)
[ 513/1000] b=0.25 trial  14 -> 220 gates (41.2s)
[ 514/1000] b=0.25 trial  12 -> 218 gates (49.2s)
[ 515/1000] b=0.25 trial  15 -> 224 gates (45.9s)
[ 516/1000] b=0.25 trial  16 -> 212 gates (41.8s)
[ 517/1000] b=0.25 trial  20 -> 226 gates (41.4s)
[ 518/1000] b=0.25 trial  18 -> 206 gates (46.7s)
[ 519/1000] b=0.25 trial  17 -> 220 gates (48.7s)
[ 520/1000] b=0.25 trial  22 -> 222 gates (41.4s)
[ 521/1000] b=0.25 trial  19 -> 228 gates (47.7s)
[ 522/1000] b=0.25 trial  21 -> 200 gates (44.4s)
[ 523/1000] b=0.25 trial  24 -> 210 gates (43.1s)
[ 524/1000] b=0.25 trial  25 -> 234 gates (42.4s)
[ 525/1000] b=0.25 trial  27 -> 214 gates (42.9s)
[ 526/1000] b=0.25 trial  28 -> 214 gates (42.8s)
[ 527/1000] b=0.25 trial  29 -> 228 gates (43.4s)
[ 528/1000] b=0.25 trial  30 -> 212 gates (42.5s)
[ 529/1000] b=0.25 trial  23 -> 220 gates (49.2s)
[ 530/1000] b=0.25 trial  31 -> 220 gates (42.1s)
[ 531/1000] b=0.25 trial  32 -> 212 gates (44.9s)
[ 532/1000] b=0.25 trial  26 -> 230 gates (49.7s)
[ 533/1000] b=0.25 trial  38 -> 224 gates (39.6s)
[ 534/1000] b=0.25 trial  37 -> 216 gates (40.8s)
[ 535/1000] b=0.25 trial  33 -> 222 gates (48.7s)
[ 536/1000] b=0.25 trial  39 -> 230 gates (40.2s)
[ 537/1000] b=0.25 trial  34 -> 214 gates (48.2s)
[ 538/1000] b=0.25 trial  35 -> 228 gates (44.0s)
[ 539/1000] b=0.25 trial  36 -> 226 gates (48.9s)
[ 540/1000] b=0.25 trial  41 -> 216 gates (43.5s)
[ 541/1000] b=0.25 trial  40 -> 210 gates (48.9s)
[ 542/1000] b=0.25 trial  42 -> 212 gates (48.8s)
[ 543/1000] b=0.25 trial  44 -> 220 gates (42.4s)
[ 544/1000] b=0.25 trial  43 -> 214 gates (43.9s)
[ 545/1000] b=0.25 trial  45 -> 220 gates (41.3s)
[ 546/1000] b=0.25 trial  47 -> 206 gates (42.0s)
[ 547/1000] b=0.25 trial  46 -> 228 gates (44.2s)
[ 548/1000] b=0.25 trial  50 -> 206 gates (40.3s)
[ 549/1000] b=0.25 trial  48 -> 214 gates (42.2s)
[ 550/1000] b=0.25 trial  51 -> 226 gates (42.2s)
[ 551/1000] b=0.25 trial  49 -> 220 gates (44.9s)
[ 552/1000] b=0.25 trial  54 -> 214 gates (39.7s)
[ 553/1000] b=0.25 trial  53 -> 228 gates (43.4s)
[ 554/1000] b=0.25 trial  56 -> 224 gates (43.0s)
[ 555/1000] b=0.25 trial  58 -> 208 gates (44.4s)
[ 556/1000] b=0.25 trial  55 -> 212 gates (45.7s)
[ 557/1000] b=0.25 trial  52 -> 226 gates (49.6s)
[ 558/1000] b=0.25 trial  57 -> 214 gates (48.8s)
[ 559/1000] b=0.25 trial  61 -> 220 gates (43.1s)
[ 560/1000] b=0.25 trial  62 -> 216 gates (42.5s)
[ 561/1000] b=0.25 trial  64 -> 214 gates (42.4s)
[ 562/1000] b=0.25 trial  59 -> 224 gates (47.4s)
[ 563/1000] b=0.25 trial  66 -> 212 gates (42.9s)
[ 564/1000] b=0.25 trial  60 -> 224 gates (49.1s)
[ 565/1000] b=0.25 trial  63 -> 224 gates (48.7s)
[ 566/1000] b=0.25 trial  68 -> 214 gates (40.5s)
[ 567/1000] b=0.25 trial  65 -> 224 gates (49.2s)
[ 568/1000] b=0.25 trial  69 -> 220 gates (42.8s)
[ 569/1000] b=0.25 trial  67 -> 224 gates (48.8s)
[ 570/1000] b=0.25 trial  71 -> 206 gates (42.3s)
[ 571/1000] b=0.25 trial  72 -> 212 gates (42.5s)
[ 572/1000] b=0.25 trial  70 -> 214 gates (47.3s)
[ 573/1000] b=0.25 trial  73 -> 216 gates (42.8s)
[ 574/1000] b=0.25 trial  75 -> 218 gates (41.3s)
[ 575/1000] b=0.25 trial  74 -> 208 gates (44.6s)
[ 576/1000] b=0.25 trial  77 -> 224 gates (43.0s)
[ 577/1000] b=0.25 trial  76 -> 214 gates (44.7s)
[ 578/1000] b=0.25 trial  79 -> 228 gates (41.2s)
[ 579/1000] b=0.25 trial  78 -> 212 gates (41.6s)
[ 580/1000] b=0.25 trial  80 -> 200 gates (43.9s)
[ 581/1000] b=0.25 trial  81 -> 216 gates (43.7s)
[ 582/1000] b=0.25 trial  83 -> 228 gates (40.6s)
[ 583/1000] b=0.25 trial  84 -> 218 gates (42.6s)
[ 584/1000] b=0.25 trial  82 -> 232 gates (46.3s)
[ 585/1000] b=0.25 trial  89 -> 222 gates (41.2s)
[ 586/1000] b=0.25 trial  87 -> 214 gates (42.2s)
[ 587/1000] b=0.25 trial  88 -> 218 gates (43.5s)
[ 588/1000] b=0.25 trial  91 -> 216 gates (43.3s)
[ 589/1000] b=0.25 trial  85 -> 210 gates (49.1s)
[ 590/1000] b=0.25 trial  86 -> 214 gates (49.3s)
[ 591/1000] b=0.25 trial  94 -> 230 gates (42.4s)
[ 592/1000] b=0.25 trial  90 -> 218 gates (49.1s)
[ 593/1000] b=0.25 trial  92 -> 222 gates (48.9s)
[ 594/1000] b=0.25 trial  96 -> 224 gates (44.0s)
[ 595/1000] b=0.25 trial  93 -> 226 gates (48.5s)
[ 596/1000] b=0.25 trial  95 -> 224 gates (48.9s)
[ 597/1000] b=0.25 trial  97 -> 218 gates (46.2s)
[ 598/1000] b=0.25 trial  98 -> 228 gates (42.7s)
[ 599/1000] b=0.30 trial   1 -> 224 gates (41.1s)
[ 600/1000] b=0.25 trial  99 -> 210 gates (44.1s)
[ 601/1000] b=0.25 trial 100 -> 224 gates (45.2s)
[System] Config C05_b0.25_N10 complete -> files written
[ 602/1000] b=0.30 trial   3 -> 218 gates (41.0s)
[ 603/1000] b=0.30 trial   2 -> 224 gates (44.1s)
[ 604/1000] b=0.30 trial   4 -> 210 gates (41.8s)
[ 605/1000] b=0.30 trial   5 -> 226 gates (42.8s)
[ 606/1000] b=0.30 trial   6 -> 218 gates (42.5s)
[ 607/1000] b=0.30 trial   7 -> 210 gates (45.6s)
[ 608/1000] b=0.30 trial   8 -> 214 gates (44.0s)
[ 609/1000] b=0.30 trial  10 -> 218 gates (42.7s)
[ 610/1000] b=0.30 trial   9 -> 222 gates (43.9s)
[ 611/1000] b=0.30 trial  11 -> 224 gates (43.9s)
[ 612/1000] b=0.30 trial  15 -> 222 gates (40.2s)
[ 613/1000] b=0.30 trial  14 -> 224 gates (41.9s)
[ 614/1000] b=0.30 trial  13 -> 224 gates (45.9s)
[ 615/1000] b=0.30 trial  12 -> 220 gates (48.8s)
[ 616/1000] b=0.30 trial  16 -> 222 gates (45.3s)
[ 617/1000] b=0.30 trial  19 -> 216 gates (41.6s)
[ 618/1000] b=0.30 trial  17 -> 220 gates (49.1s)
[ 619/1000] b=0.30 trial  18 -> 224 gates (48.8s)
[ 620/1000] b=0.30 trial  22 -> 220 gates (44.8s)
[ 621/1000] b=0.30 trial  20 -> 222 gates (48.8s)
[ 622/1000] b=0.30 trial  21 -> 216 gates (49.0s)
[ 623/1000] b=0.30 trial  25 -> 220 gates (42.1s)
[ 624/1000] b=0.30 trial  26 -> 216 gates (42.7s)
[ 625/1000] b=0.30 trial  23 -> 216 gates (48.6s)
[ 626/1000] b=0.30 trial  24 -> 218 gates (48.9s)
[ 627/1000] b=0.30 trial  27 -> 220 gates (43.0s)
[ 628/1000] b=0.30 trial  29 -> 208 gates (42.1s)
[ 629/1000] b=0.30 trial  28 -> 220 gates (44.6s)
[ 630/1000] b=0.30 trial  31 -> 222 gates (39.9s)
[ 631/1000] b=0.30 trial  30 -> 224 gates (42.1s)
[ 632/1000] b=0.30 trial  32 -> 214 gates (45.0s)
[ 633/1000] b=0.30 trial  34 -> 220 gates (43.5s)
[ 634/1000] b=0.30 trial  33 -> 206 gates (45.1s)
[ 635/1000] b=0.30 trial  36 -> 214 gates (41.9s)
[ 636/1000] b=0.30 trial  38 -> 218 gates (42.1s)
[ 637/1000] b=0.30 trial  35 -> 218 gates (49.6s)
[ 638/1000] b=0.30 trial  37 -> 222 gates (47.2s)
[ 639/1000] b=0.30 trial  41 -> 220 gates (42.1s)
[ 640/1000] b=0.30 trial  40 -> 214 gates (43.1s)
[ 641/1000] b=0.30 trial  39 -> 212 gates (45.3s)
[ 642/1000] b=0.30 trial  42 -> 222 gates (41.5s)
[ 643/1000] b=0.30 trial  45 -> 220 gates (42.2s)
[ 644/1000] b=0.30 trial  44 -> 210 gates (42.9s)
[ 645/1000] b=0.30 trial  43 -> 222 gates (49.0s)
[ 646/1000] b=0.30 trial  46 -> 222 gates (43.8s)
[ 647/1000] b=0.30 trial  47 -> 220 gates (43.0s)
[ 648/1000] b=0.30 trial  48 -> 206 gates (43.1s)
[ 649/1000] b=0.30 trial  51 -> 222 gates (43.8s)
[ 650/1000] b=0.30 trial  52 -> 214 gates (43.4s)
[ 651/1000] b=0.30 trial  49 -> 222 gates (48.9s)
[ 652/1000] b=0.30 trial  58 -> 222 gates (40.1s)
[ 653/1000] b=0.30 trial  56 -> 212 gates (42.3s)
[ 654/1000] b=0.30 trial  54 -> 216 gates (45.7s)
[ 655/1000] b=0.30 trial  55 -> 214 gates (45.6s)
[ 656/1000] b=0.30 trial  50 -> 218 gates (49.6s)
[ 657/1000] b=0.30 trial  59 -> 214 gates (41.9s)
[ 658/1000] b=0.30 trial  53 -> 216 gates (48.4s)
[ 659/1000] b=0.30 trial  62 -> 218 gates (40.0s)
[ 660/1000] b=0.30 trial  57 -> 222 gates (49.5s)
[ 661/1000] b=0.30 trial  60 -> 230 gates (43.2s)
[ 662/1000] b=0.30 trial  64 -> 226 gates (40.6s)
[ 663/1000] b=0.30 trial  61 -> 218 gates (47.3s)
[ 664/1000] b=0.30 trial  63 -> 236 gates (45.2s)
[ 665/1000] b=0.30 trial  67 -> 220 gates (41.7s)
[ 666/1000] b=0.30 trial  65 -> 226 gates (44.5s)
[ 667/1000] b=0.30 trial  69 -> 218 gates (41.9s)
[ 668/1000] b=0.30 trial  68 -> 222 gates (44.3s)
[ 669/1000] b=0.30 trial  70 -> 210 gates (42.5s)
[ 670/1000] b=0.30 trial  66 -> 224 gates (49.0s)
[ 671/1000] b=0.30 trial  71 -> 224 gates (42.9s)
[ 672/1000] b=0.30 trial  72 -> 230 gates (44.1s)
[ 673/1000] b=0.30 trial  74 -> 222 gates (42.9s)
[ 674/1000] b=0.30 trial  73 -> 214 gates (47.1s)
[ 675/1000] b=0.30 trial  76 -> 232 gates (43.6s)
[ 676/1000] b=0.30 trial  75 -> 210 gates (47.2s)
[ 677/1000] b=0.30 trial  81 -> 222 gates (41.3s)
[ 678/1000] b=0.30 trial  77 -> 218 gates (44.8s)
[ 679/1000] b=0.30 trial  78 -> 232 gates (45.7s)
[ 680/1000] b=0.30 trial  80 -> 228 gates (43.5s)
[ 681/1000] b=0.30 trial  79 -> 216 gates (45.7s)
[ 682/1000] b=0.30 trial  85 -> 202 gates (42.1s)
[ 683/1000] b=0.30 trial  82 -> 220 gates (43.0s)
[ 684/1000] b=0.30 trial  89 -> 214 gates (40.6s)
[ 685/1000] b=0.30 trial  84 -> 224 gates (47.2s)
[ 686/1000] b=0.30 trial  86 -> 210 gates (46.7s)
[ 687/1000] b=0.30 trial  83 -> 216 gates (49.2s)
[ 688/1000] b=0.30 trial  90 -> 216 gates (41.9s)
[ 689/1000] b=0.30 trial  87 -> 222 gates (48.2s)
[ 690/1000] b=0.30 trial  88 -> 222 gates (49.1s)
[ 691/1000] b=0.30 trial  91 -> 210 gates (45.3s)
[ 692/1000] b=0.30 trial  94 -> 216 gates (39.9s)
[ 693/1000] b=0.30 trial  92 -> 230 gates (45.0s)
[ 694/1000] b=0.30 trial  93 -> 206 gates (42.6s)
[ 695/1000] b=0.30 trial  96 -> 222 gates (40.1s)
[ 696/1000] b=0.30 trial  97 -> 224 gates (42.7s)
[ 697/1000] b=0.30 trial  99 -> 218 gates (41.8s)
[ 698/1000] b=0.30 trial  95 -> 224 gates (48.3s)
[ 699/1000] b=0.30 trial  98 -> 218 gates (47.4s)
[ 700/1000] b=0.35 trial   1 -> 220 gates (40.5s)
[ 701/1000] b=0.30 trial 100 -> 218 gates (49.2s)
[System] Config C06_b0.30_N10 complete -> files written
[ 702/1000] b=0.35 trial   3 -> 220 gates (44.1s)
[ 703/1000] b=0.35 trial   2 -> 226 gates (45.0s)
[ 704/1000] b=0.35 trial   8 -> 216 gates (40.1s)
[ 705/1000] b=0.35 trial   5 -> 224 gates (43.3s)
[ 706/1000] b=0.35 trial   7 -> 218 gates (42.0s)
[ 707/1000] b=0.35 trial   6 -> 218 gates (43.8s)
[ 708/1000] b=0.35 trial   9 -> 208 gates (42.4s)
[ 709/1000] b=0.35 trial  11 -> 206 gates (42.7s)
[ 710/1000] b=0.35 trial   4 -> 218 gates (48.9s)
[ 711/1000] b=0.35 trial  10 -> 210 gates (43.5s)
[ 712/1000] b=0.35 trial  12 -> 224 gates (41.3s)
[ 713/1000] b=0.35 trial  13 -> 226 gates (42.9s)
[ 714/1000] b=0.35 trial  14 -> 222 gates (48.9s)
[ 715/1000] b=0.35 trial  16 -> 228 gates (44.4s)
[ 716/1000] b=0.35 trial  17 -> 218 gates (44.2s)
[ 717/1000] b=0.35 trial  15 -> 220 gates (48.9s)
[ 718/1000] b=0.35 trial  21 -> 212 gates (42.3s)
[ 719/1000] b=0.35 trial  19 -> 212 gates (44.4s)
[ 720/1000] b=0.35 trial  23 -> 220 gates (41.7s)
[ 721/1000] b=0.35 trial  18 -> 220 gates (49.4s)
[ 722/1000] b=0.35 trial  22 -> 216 gates (44.7s)
[ 723/1000] b=0.35 trial  20 -> 222 gates (47.5s)
[ 724/1000] b=0.35 trial  24 -> 232 gates (42.8s)
[ 725/1000] b=0.35 trial  25 -> 222 gates (41.3s)
[ 726/1000] b=0.35 trial  26 -> 226 gates (46.0s)
[ 727/1000] b=0.35 trial  28 -> 216 gates (43.6s)
[ 728/1000] b=0.35 trial  27 -> 216 gates (44.2s)
[ 729/1000] b=0.35 trial  32 -> 224 gates (41.4s)
[ 730/1000] b=0.35 trial  29 -> 212 gates (49.1s)
[ 731/1000] b=0.35 trial  34 -> 224 gates (41.8s)
[ 732/1000] b=0.35 trial  33 -> 222 gates (42.9s)
[ 733/1000] b=0.35 trial  30 -> 214 gates (48.5s)
[ 734/1000] b=0.35 trial  36 -> 210 gates (41.8s)
[ 735/1000] b=0.35 trial  31 -> 224 gates (48.8s)
[ 736/1000] b=0.35 trial  37 -> 222 gates (42.9s)
[ 737/1000] b=0.35 trial  35 -> 220 gates (45.1s)
[ 738/1000] b=0.35 trial  39 -> 222 gates (43.0s)
[ 739/1000] b=0.35 trial  40 -> 210 gates (42.5s)
[ 740/1000] b=0.35 trial  41 -> 222 gates (40.8s)
[ 741/1000] b=0.35 trial  38 -> 226 gates (49.2s)
[ 742/1000] b=0.35 trial  44 -> 224 gates (41.7s)
[ 743/1000] b=0.35 trial  46 -> 218 gates (40.6s)
[ 744/1000] b=0.35 trial  43 -> 216 gates (45.0s)
[ 745/1000] b=0.35 trial  48 -> 212 gates (40.2s)
[ 746/1000] b=0.35 trial  47 -> 218 gates (41.6s)
[ 747/1000] b=0.35 trial  42 -> 212 gates (48.5s)
[ 748/1000] b=0.35 trial  45 -> 208 gates (48.6s)
[ 749/1000] b=0.35 trial  50 -> 218 gates (42.7s)
[ 750/1000] b=0.35 trial  52 -> 218 gates (43.9s)
[ 751/1000] b=0.35 trial  53 -> 220 gates (42.4s)
[ 752/1000] b=0.35 trial  49 -> 216 gates (49.0s)
[ 753/1000] b=0.35 trial  51 -> 222 gates (48.7s)
[ 754/1000] b=0.35 trial  54 -> 220 gates (44.9s)
[ 755/1000] b=0.35 trial  56 -> 230 gates (42.2s)
[ 756/1000] b=0.35 trial  55 -> 218 gates (43.8s)
[ 757/1000] b=0.35 trial  59 -> 206 gates (40.6s)
[ 758/1000] b=0.35 trial  62 -> 226 gates (39.3s)
[ 759/1000] b=0.35 trial  57 -> 218 gates (45.4s)
[ 760/1000] b=0.35 trial  60 -> 208 gates (42.9s)
[ 761/1000] b=0.35 trial  68 -> 218 gates (40.2s)
[ 762/1000] b=0.35 trial  64 -> 216 gates (43.1s)
[ 763/1000] b=0.35 trial  67 -> 214 gates (42.1s)
[ 764/1000] b=0.35 trial  66 -> 222 gates (43.9s)
[ 765/1000] b=0.35 trial  65 -> 228 gates (44.2s)
[ 766/1000] b=0.35 trial  58 -> 214 gates (49.1s)
[ 767/1000] b=0.35 trial  61 -> 214 gates (49.0s)
[ 768/1000] b=0.35 trial  63 -> 214 gates (48.9s)
[ 769/1000] b=0.35 trial  70 -> 224 gates (42.8s)
[ 770/1000] b=0.35 trial  71 -> 214 gates (42.4s)
[ 771/1000] b=0.35 trial  69 -> 224 gates (48.8s)
[ 772/1000] b=0.35 trial  73 -> 214 gates (42.4s)
[ 773/1000] b=0.35 trial  72 -> 216 gates (42.7s)
[ 774/1000] b=0.35 trial  77 -> 220 gates (42.2s)
[ 775/1000] b=0.35 trial  74 -> 210 gates (47.4s)
[ 776/1000] b=0.35 trial  79 -> 226 gates (39.7s)
[ 777/1000] b=0.35 trial  75 -> 228 gates (47.1s)
[ 778/1000] b=0.35 trial  78 -> 216 gates (45.4s)
[ 779/1000] b=0.35 trial  76 -> 210 gates (48.6s)
[ 780/1000] b=0.35 trial  83 -> 220 gates (42.0s)
[ 781/1000] b=0.35 trial  84 -> 216 gates (41.1s)
[ 782/1000] b=0.35 trial  80 -> 226 gates (48.2s)
[ 783/1000] b=0.35 trial  81 -> 208 gates (48.6s)
[ 784/1000] b=0.35 trial  82 -> 218 gates (45.1s)
[ 785/1000] b=0.35 trial  86 -> 210 gates (41.3s)
[ 786/1000] b=0.35 trial  87 -> 214 gates (41.1s)
[ 787/1000] b=0.35 trial  88 -> 214 gates (41.3s)
[ 788/1000] b=0.35 trial  85 -> 220 gates (44.0s)
[ 789/1000] b=0.35 trial  89 -> 220 gates (42.7s)
[ 790/1000] b=0.35 trial  92 -> 224 gates (40.8s)
[ 791/1000] b=0.35 trial  90 -> 218 gates (42.8s)
[ 792/1000] b=0.35 trial  93 -> 220 gates (42.9s)
[ 793/1000] b=0.35 trial  91 -> 228 gates (43.6s)
[ 794/1000] b=0.35 trial  94 -> 220 gates (49.3s)
[ 795/1000] b=0.35 trial  97 -> 228 gates (41.5s)
[ 796/1000] b=0.35 trial  95 -> 226 gates (49.0s)
[ 797/1000] b=0.35 trial  96 -> 220 gates (49.0s)
[ 798/1000] b=0.35 trial 100 -> 214 gates (41.6s)
[ 799/1000] b=0.35 trial  98 -> 222 gates (43.9s)
[ 800/1000] b=0.40 trial   1 -> 220 gates (42.5s)
[ 801/1000] b=0.40 trial   2 -> 222 gates (40.6s)
[ 802/1000] b=0.40 trial   4 -> 214 gates (42.2s)
[ 803/1000] b=0.40 trial   5 -> 224 gates (40.6s)
[ 804/1000] b=0.35 trial  99 -> 222 gates (49.3s)
[System] Config C07_b0.35_N10 complete -> files written
[ 805/1000] b=0.40 trial   3 -> 232 gates (48.9s)
[ 806/1000] b=0.40 trial   6 -> 224 gates (43.1s)
[ 807/1000] b=0.40 trial   7 -> 220 gates (44.0s)
[ 808/1000] b=0.40 trial   8 -> 212 gates (43.7s)
[ 809/1000] b=0.40 trial   9 -> 216 gates (44.1s)
[ 810/1000] b=0.40 trial  10 -> 216 gates (45.4s)
[ 811/1000] b=0.40 trial  11 -> 212 gates (48.5s)
[ 812/1000] b=0.40 trial  13 -> 224 gates (43.5s)
[ 813/1000] b=0.40 trial  12 -> 210 gates (49.0s)
[ 814/1000] b=0.40 trial  16 -> 210 gates (42.7s)
[ 815/1000] b=0.40 trial  15 -> 220 gates (42.8s)
[ 816/1000] b=0.40 trial  14 -> 222 gates (43.6s)
[ 817/1000] b=0.40 trial  18 -> 226 gates (40.6s)
[ 818/1000] b=0.40 trial  19 -> 230 gates (45.0s)
[ 819/1000] b=0.40 trial  20 -> 224 gates (44.0s)
[ 820/1000] b=0.40 trial  21 -> 218 gates (45.4s)
[ 821/1000] b=0.40 trial  17 -> 222 gates (48.9s)
[ 822/1000] b=0.40 trial  23 -> 212 gates (44.5s)
[ 823/1000] b=0.40 trial  26 -> 216 gates (43.6s)
[ 824/1000] b=0.40 trial  28 -> 210 gates (44.1s)
[ 825/1000] b=0.40 trial  27 -> 218 gates (45.4s)
[ 826/1000] b=0.40 trial  29 -> 222 gates (42.5s)
[ 827/1000] b=0.40 trial  22 -> 224 gates (49.2s)
[ 828/1000] b=0.40 trial  30 -> 218 gates (41.3s)
[ 829/1000] b=0.40 trial  25 -> 218 gates (48.9s)
[ 830/1000] b=0.40 trial  24 -> 224 gates (49.2s)
[ 831/1000] b=0.40 trial  31 -> 224 gates (42.0s)
[ 832/1000] b=0.40 trial  35 -> 222 gates (40.5s)
[ 833/1000] b=0.40 trial  32 -> 208 gates (48.6s)
[ 834/1000] b=0.40 trial  34 -> 222 gates (44.7s)
[ 835/1000] b=0.40 trial  37 -> 206 gates (42.9s)
[ 836/1000] b=0.40 trial  36 -> 218 gates (44.0s)
[ 837/1000] b=0.40 trial  33 -> 224 gates (48.8s)
[ 838/1000] b=0.40 trial  38 -> 218 gates (43.3s)
[ 839/1000] b=0.40 trial  43 -> 222 gates (38.6s)
[ 840/1000] b=0.40 trial  40 -> 212 gates (40.8s)
[ 841/1000] b=0.40 trial  42 -> 224 gates (42.5s)
[ 842/1000] b=0.40 trial  45 -> 218 gates (40.5s)
[ 843/1000] b=0.40 trial  44 -> 214 gates (43.2s)
[ 844/1000] b=0.40 trial  39 -> 210 gates (48.5s)
[ 845/1000] b=0.40 trial  41 -> 228 gates (49.0s)
[ 846/1000] b=0.40 trial  46 -> 224 gates (41.6s)
[ 847/1000] b=0.40 trial  47 -> 218 gates (41.8s)
[ 848/1000] b=0.40 trial  48 -> 214 gates (44.1s)
[ 849/1000] b=0.40 trial  51 -> 214 gates (40.5s)
[ 850/1000] b=0.40 trial  50 -> 222 gates (42.3s)
[ 851/1000] b=0.40 trial  49 -> 228 gates (49.0s)
[ 852/1000] b=0.40 trial  52 -> 212 gates (42.1s)
[ 853/1000] b=0.40 trial  53 -> 222 gates (42.4s)
[ 854/1000] b=0.40 trial  56 -> 222 gates (41.2s)
[ 855/1000] b=0.40 trial  54 -> 224 gates (43.2s)
[ 856/1000] b=0.40 trial  55 -> 220 gates (44.4s)
[ 857/1000] b=0.40 trial  59 -> 216 gates (43.9s)
[ 858/1000] b=0.40 trial  57 -> 216 gates (49.0s)
[ 859/1000] b=0.40 trial  58 -> 218 gates (49.1s)
[ 860/1000] b=0.40 trial  60 -> 210 gates (43.6s)
[ 861/1000] b=0.40 trial  62 -> 216 gates (43.6s)
[ 862/1000] b=0.40 trial  64 -> 218 gates (41.3s)
[ 863/1000] b=0.40 trial  63 -> 210 gates (43.5s)
[ 864/1000] b=0.40 trial  66 -> 222 gates (40.4s)
[ 865/1000] b=0.40 trial  61 -> 206 gates (49.0s)
[ 866/1000] b=0.40 trial  67 -> 224 gates (43.2s)
[ 867/1000] b=0.40 trial  68 -> 212 gates (43.1s)
[ 868/1000] b=0.40 trial  65 -> 226 gates (47.9s)
[ 869/1000] b=0.40 trial  69 -> 212 gates (45.1s)
[ 870/1000] b=0.40 trial  71 -> 230 gates (46.6s)
[ 871/1000] b=0.40 trial  70 -> 224 gates (48.6s)
[ 872/1000] b=0.40 trial  72 -> 220 gates (45.1s)
[ 873/1000] b=0.40 trial  75 -> 214 gates (43.0s)
[ 874/1000] b=0.40 trial  74 -> 224 gates (44.7s)
[ 875/1000] b=0.40 trial  73 -> 214 gates (47.4s)
[ 876/1000] b=0.40 trial  76 -> 222 gates (42.5s)
[ 877/1000] b=0.40 trial  78 -> 222 gates (42.2s)
[ 878/1000] b=0.40 trial  77 -> 210 gates (45.1s)
[ 879/1000] b=0.40 trial  80 -> 224 gates (43.0s)
[ 880/1000] b=0.40 trial  81 -> 218 gates (43.1s)
[ 881/1000] b=0.40 trial  82 -> 224 gates (44.8s)
[ 882/1000] b=0.40 trial  85 -> 218 gates (41.2s)
[ 883/1000] b=0.40 trial  84 -> 222 gates (43.3s)
[ 884/1000] b=0.40 trial  83 -> 212 gates (44.6s)
[ 885/1000] b=0.40 trial  79 -> 214 gates (48.6s)
[ 886/1000] b=0.40 trial  88 -> 230 gates (44.5s)
[ 887/1000] b=0.40 trial  90 -> 212 gates (41.6s)
[ 888/1000] b=0.40 trial  86 -> 226 gates (47.4s)
[ 889/1000] b=0.40 trial  89 -> 210 gates (44.0s)
[ 890/1000] b=0.40 trial  91 -> 224 gates (40.8s)
[ 891/1000] b=0.40 trial  87 -> 220 gates (49.0s)
[ 892/1000] b=0.40 trial  93 -> 226 gates (44.3s)
[ 893/1000] b=0.40 trial  92 -> 216 gates (45.0s)
[ 894/1000] b=0.40 trial  94 -> 220 gates (41.1s)
[ 895/1000] b=0.40 trial  96 -> 214 gates (42.9s)
[ 896/1000] b=0.40 trial  95 -> 222 gates (44.5s)
[ 897/1000] b=0.45 trial   1 -> 220 gates (42.0s)
[ 898/1000] b=0.45 trial   2 -> 220 gates (41.8s)
[ 899/1000] b=0.40 trial 100 -> 218 gates (44.3s)
[ 900/1000] b=0.40 trial  97 -> 218 gates (48.6s)
[ 901/1000] b=0.45 trial   4 -> 222 gates (41.9s)
[ 902/1000] b=0.40 trial  98 -> 222 gates (48.5s)
[ 903/1000] b=0.40 trial  99 -> 200 gates (48.7s)
[System] Config C08_b0.40_N10 complete -> files written
[ 904/1000] b=0.45 trial   3 -> 208 gates (44.4s)
[ 905/1000] b=0.45 trial   5 -> 220 gates (42.5s)
[ 906/1000] b=0.45 trial   7 -> 222 gates (41.5s)
[ 907/1000] b=0.45 trial   9 -> 220 gates (40.8s)
[ 908/1000] b=0.45 trial   8 -> 226 gates (43.2s)
[ 909/1000] b=0.45 trial  11 -> 218 gates (44.0s)
[ 910/1000] b=0.45 trial   6 -> 224 gates (49.4s)
[ 911/1000] b=0.45 trial  10 -> 208 gates (48.8s)
[ 912/1000] b=0.45 trial  13 -> 206 gates (48.8s)
[ 913/1000] b=0.45 trial  12 -> 212 gates (49.2s)
[ 914/1000] b=0.45 trial  14 -> 212 gates (42.9s)
[ 915/1000] b=0.45 trial  16 -> 230 gates (41.1s)
[ 916/1000] b=0.45 trial  17 -> 212 gates (41.0s)
[ 917/1000] b=0.45 trial  15 -> 226 gates (43.0s)
[ 918/1000] b=0.45 trial  18 -> 214 gates (44.2s)
[ 919/1000] b=0.45 trial  19 -> 216 gates (43.7s)
[ 920/1000] b=0.45 trial  22 -> 228 gates (40.4s)
[ 921/1000] b=0.45 trial  20 -> 218 gates (41.5s)
[ 922/1000] b=0.45 trial  21 -> 220 gates (43.5s)
[ 923/1000] b=0.45 trial  24 -> 208 gates (42.8s)
[ 924/1000] b=0.45 trial  23 -> 208 gates (46.3s)
[ 925/1000] b=0.45 trial  25 -> 220 gates (42.2s)
[ 926/1000] b=0.45 trial  27 -> 218 gates (44.3s)
[ 927/1000] b=0.45 trial  29 -> 214 gates (44.9s)
[ 928/1000] b=0.45 trial  26 -> 212 gates (47.9s)
[ 929/1000] b=0.45 trial  32 -> 212 gates (44.1s)
[ 930/1000] b=0.45 trial  33 -> 214 gates (42.4s)
[ 931/1000] b=0.45 trial  28 -> 220 gates (49.0s)
[ 932/1000] b=0.45 trial  30 -> 218 gates (47.4s)
[ 933/1000] b=0.45 trial  35 -> 216 gates (40.1s)
[ 934/1000] b=0.45 trial  31 -> 224 gates (49.0s)
[ 935/1000] b=0.45 trial  34 -> 226 gates (44.4s)
[ 936/1000] b=0.45 trial  36 -> 222 gates (42.6s)
[ 937/1000] b=0.45 trial  37 -> 218 gates (42.5s)
[ 938/1000] b=0.45 trial  38 -> 214 gates (45.7s)
[ 939/1000] b=0.45 trial  43 -> 218 gates (39.6s)
[ 940/1000] b=0.45 trial  41 -> 206 gates (46.3s)
[ 941/1000] b=0.45 trial  44 -> 214 gates (44.0s)
[ 942/1000] b=0.45 trial  45 -> 212 gates (42.7s)
[ 943/1000] b=0.45 trial  49 -> 226 gates (39.9s)
[ 944/1000] b=0.45 trial  39 -> 216 gates (48.9s)
[ 945/1000] b=0.45 trial  40 -> 214 gates (48.8s)
[ 946/1000] b=0.45 trial  47 -> 220 gates (42.9s)
[ 947/1000] b=0.45 trial  50 -> 218 gates (39.9s)
[ 948/1000] b=0.45 trial  46 -> 212 gates (44.7s)
[ 949/1000] b=0.45 trial  42 -> 220 gates (49.2s)
[ 950/1000] b=0.45 trial  48 -> 214 gates (47.2s)
[ 951/1000] b=0.45 trial  52 -> 212 gates (42.1s)
[ 952/1000] b=0.45 trial  51 -> 220 gates (48.2s)
[ 953/1000] b=0.45 trial  53 -> 232 gates (41.4s)
[ 954/1000] b=0.45 trial  54 -> 214 gates (43.3s)
[ 955/1000] b=0.45 trial  55 -> 216 gates (42.4s)
[ 956/1000] b=0.45 trial  57 -> 228 gates (44.8s)
[ 957/1000] b=0.45 trial  58 -> 216 gates (44.2s)
[ 958/1000] b=0.45 trial  60 -> 218 gates (43.9s)
[ 959/1000] b=0.45 trial  56 -> 210 gates (48.8s)
[ 960/1000] b=0.45 trial  64 -> 220 gates (41.3s)
[ 961/1000] b=0.45 trial  61 -> 216 gates (44.5s)
[ 962/1000] b=0.45 trial  62 -> 216 gates (44.6s)
[ 963/1000] b=0.45 trial  59 -> 216 gates (49.0s)
[ 964/1000] b=0.45 trial  63 -> 222 gates (45.3s)
[ 965/1000] b=0.45 trial  67 -> 214 gates (38.9s)
[ 966/1000] b=0.45 trial  65 -> 226 gates (43.8s)
[ 967/1000] b=0.45 trial  66 -> 220 gates (43.1s)
[ 968/1000] b=0.45 trial  70 -> 218 gates (39.4s)
[ 969/1000] b=0.45 trial  69 -> 218 gates (40.7s)
[ 970/1000] b=0.45 trial  71 -> 216 gates (41.4s)
[ 971/1000] b=0.45 trial  68 -> 222 gates (44.6s)
[ 972/1000] b=0.45 trial  76 -> 210 gates (42.8s)
[ 973/1000] b=0.45 trial  73 -> 218 gates (47.6s)
[ 974/1000] b=0.45 trial  75 -> 218 gates (47.0s)
[ 975/1000] b=0.45 trial  74 -> 220 gates (47.3s)
[ 976/1000] b=0.45 trial  72 -> 216 gates (48.4s)
[ 977/1000] b=0.45 trial  77 -> 214 gates (48.7s)
[ 978/1000] b=0.45 trial  79 -> 206 gates (42.4s)
[ 979/1000] b=0.45 trial  78 -> 218 gates (47.6s)
[ 980/1000] b=0.45 trial  81 -> 224 gates (41.1s)
[ 981/1000] b=0.45 trial  80 -> 218 gates (46.6s)
[ 982/1000] b=0.45 trial  83 -> 218 gates (39.6s)
[ 983/1000] b=0.45 trial  82 -> 216 gates (41.9s)
[ 984/1000] b=0.45 trial  85 -> 220 gates (41.0s)
[ 985/1000] b=0.45 trial  84 -> 220 gates (41.7s)
[ 986/1000] b=0.45 trial  86 -> 224 gates (42.1s)
[ 987/1000] b=0.45 trial  89 -> 216 gates (39.8s)
[ 988/1000] b=0.45 trial  88 -> 222 gates (40.7s)
[ 989/1000] b=0.45 trial  87 -> 222 gates (42.9s)
[ 990/1000] b=0.45 trial  90 -> 216 gates (41.4s)
[ 991/1000] b=0.45 trial  91 -> 220 gates (41.3s)
[ 992/1000] b=0.45 trial  92 -> 212 gates (40.5s)
[ 993/1000] b=0.45 trial  93 -> 214 gates (39.6s)
[ 994/1000] b=0.45 trial  94 -> 222 gates (39.4s)
[ 995/1000] b=0.45 trial  95 -> 212 gates (37.5s)
[ 996/1000] b=0.45 trial  96 -> 224 gates (36.4s)
[ 997/1000] b=0.45 trial  97 -> 214 gates (36.1s)
[ 998/1000] b=0.45 trial  98 -> 214 gates (35.8s)
[ 999/1000] b=0.45 trial  99 -> 216 gates (34.3s)
[1000/1000] b=0.45 trial 100 -> 226 gates (33.9s)
[System] Config C09_b0.45_N10 complete -> files written

       config    b  num_neighbors  final_avg_gates  final_std  best_gates  worst_gates  median_gates  avg_time_s
C09_b0.45_N10 0.45             10           217.56      5.348         206          232         218.0       43.30
C10_b0.50_N10 0.50             10           218.04      5.953         200          234         218.0       43.78
C05_b0.25_N10 0.25             10           218.44      7.142         200          234         218.0       44.45
C07_b0.35_N10 0.35             10           218.66      5.762         206          232         219.0       44.24
C08_b0.40_N10 0.40             10           218.66      6.034         200          232         219.0       44.40
C06_b0.30_N10 0.30             10           219.02      6.010         202          236         220.0       44.41
C04_b0.20_N10 0.20             10           221.20      6.431         202          236         222.0       44.51
C03_b0.15_N10 0.15             10           224.56      7.316         202          246         224.0       44.78
C02_b0.10_N10 0.10             10           230.08      7.704         204          248         230.0       45.29
C01_b0.05_N10 0.05             10           237.26      7.651         222          256         236.0       44.16

[System] All results in: param_sweep\6bit_p1_WOA_smallb
[Plot] Wrote convergence_facets.pdf/png, convergence_all.pdf/png and convergence_data.csv to param_sweep\6bit_p1_WOA_smallb (10 configs)
