[System] 10 configs x 100 trials x 3000 iters = 1000 runs on 28 workers
[System] Live progress: param_sweep\6bit_p1\progress.txt
[   1/1000] d=0.010 N=20 trial  15 -> 182 gates (165.6s)
[   2/1000] d=0.010 N=20 trial   1 -> 180 gates (169.8s)
[   3/1000] d=0.010 N=20 trial  26 -> 182 gates (170.7s)
[   4/1000] d=0.010 N=20 trial  17 -> 186 gates (173.1s)
[   5/1000] d=0.010 N=20 trial   2 -> 186 gates (178.5s)
[   6/1000] d=0.010 N=20 trial   5 -> 182 gates (181.3s)
[   7/1000] d=0.010 N=20 trial  11 -> 180 gates (182.8s)
[   8/1000] d=0.010 N=20 trial   9 -> 186 gates (183.8s)
[   9/1000] d=0.010 N=20 trial  28 -> 184 gates (185.0s)
[  10/1000] d=0.010 N=20 trial  27 -> 182 gates (185.1s)
[  11/1000] d=0.010 N=20 trial   4 -> 176 gates (185.9s)
[  12/1000] d=0.010 N=20 trial  25 -> 180 gates (186.7s)
[  13/1000] d=0.010 N=20 trial   7 -> 188 gates (188.1s)
[  14/1000] d=0.010 N=20 trial  14 -> 182 gates (189.1s)
[  15/1000] d=0.010 N=20 trial  10 -> 186 gates (191.1s)
[  16/1000] d=0.010 N=20 trial  12 -> 184 gates (191.4s)
[  17/1000] d=0.010 N=20 trial  21 -> 184 gates (191.4s)
[  18/1000] d=0.010 N=20 trial  16 -> 186 gates (192.4s)
[  19/1000] d=0.010 N=20 trial  18 -> 184 gates (193.3s)
[  20/1000] d=0.010 N=20 trial   6 -> 182 gates (194.0s)
[  21/1000] d=0.010 N=20 trial  20 -> 188 gates (194.3s)
[  22/1000] d=0.010 N=20 trial  23 -> 182 gates (195.4s)
[  23/1000] d=0.010 N=20 trial  22 -> 186 gates (196.2s)
[  24/1000] d=0.010 N=20 trial  19 -> 184 gates (196.8s)
[  25/1000] d=0.010 N=20 trial   3 -> 184 gates (197.9s)
[  26/1000] d=0.010 N=20 trial   8 -> 186 gates (200.4s)
[  27/1000] d=0.010 N=20 trial  24 -> 182 gates (201.2s)
[  28/1000] d=0.010 N=20 trial  13 -> 182 gates (202.0s)
[  29/1000] d=0.010 N=20 trial  31 -> 184 gates (168.4s)
[  30/1000] d=0.010 N=20 trial  29 -> 186 gates (177.3s)
[  31/1000] d=0.010 N=20 trial  40 -> 186 gates (169.4s)
[  32/1000] d=0.010 N=20 trial  32 -> 182 gates (184.8s)
[  33/1000] d=0.010 N=20 trial  42 -> 182 gates (169.2s)
[  34/1000] d=0.010 N=20 trial  34 -> 182 gates (180.2s)
[  35/1000] d=0.010 N=20 trial  33 -> 182 gates (186.2s)
[  36/1000] d=0.010 N=20 trial  47 -> 182 gates (175.3s)
[  37/1000] d=0.010 N=20 trial  35 -> 184 gates (187.7s)
[  38/1000] d=0.010 N=20 trial  30 -> 182 gates (201.1s)
[  39/1000] d=0.010 N=20 trial  53 -> 188 gates (175.4s)
[  40/1000] d=0.010 N=20 trial  39 -> 182 gates (190.9s)
[  41/1000] d=0.010 N=20 trial  37 -> 184 gates (193.1s)
[  42/1000] d=0.010 N=20 trial  38 -> 184 gates (193.7s)
[  43/1000] d=0.010 N=20 trial  41 -> 188 gates (193.6s)
[  44/1000] d=0.010 N=20 trial  49 -> 184 gates (187.2s)
[  45/1000] d=0.010 N=20 trial  52 -> 188 gates (185.7s)
[  46/1000] d=0.010 N=20 trial  36 -> 182 gates (199.6s)
[  47/1000] d=0.010 N=20 trial  46 -> 178 gates (190.9s)
[  48/1000] d=0.010 N=20 trial  48 -> 180 gates (191.8s)
[  49/1000] d=0.010 N=20 trial  44 -> 180 gates (197.9s)
[  50/1000] d=0.010 N=20 trial  45 -> 186 gates (198.6s)
[  51/1000] d=0.010 N=20 trial  51 -> 182 gates (197.1s)
[  52/1000] d=0.010 N=20 trial  55 -> 186 gates (196.3s)
[  53/1000] d=0.010 N=20 trial  43 -> 184 gates (206.6s)
[  54/1000] d=0.010 N=20 trial  50 -> 184 gates (202.7s)
[  55/1000] d=0.010 N=20 trial  54 -> 184 gates (199.3s)
[  56/1000] d=0.010 N=20 trial  56 -> 186 gates (204.9s)
[  57/1000] d=0.010 N=20 trial  57 -> 186 gates (187.7s)
[  58/1000] d=0.010 N=20 trial  61 -> 186 gates (177.6s)
[  59/1000] d=0.010 N=20 trial  58 -> 184 gates (197.6s)
[  60/1000] d=0.010 N=20 trial  59 -> 182 gates (188.0s)
[  61/1000] d=0.010 N=20 trial  67 -> 184 gates (172.6s)
[  62/1000] d=0.010 N=20 trial  68 -> 176 gates (172.7s)
[  63/1000] d=0.010 N=20 trial  64 -> 182 gates (182.8s)
[  64/1000] d=0.010 N=20 trial  65 -> 182 gates (181.5s)
[  65/1000] d=0.010 N=20 trial  62 -> 188 gates (192.8s)
[  66/1000] d=0.010 N=20 trial  63 -> 180 gates (190.1s)
[  67/1000] d=0.010 N=20 trial  60 -> 186 gates (200.0s)
[  68/1000] d=0.010 N=20 trial  75 -> 186 gates (179.7s)
[  69/1000] d=0.010 N=20 trial  72 -> 186 gates (183.7s)
[  70/1000] d=0.010 N=20 trial  69 -> 186 gates (187.2s)
[  71/1000] d=0.010 N=20 trial  80 -> 182 gates (173.7s)
[  72/1000] d=0.010 N=20 trial  83 -> 184 gates (180.8s)
[  73/1000] d=0.010 N=20 trial  73 -> 186 gates (198.5s)
[  74/1000] d=0.010 N=20 trial  78 -> 184 gates (191.1s)
[  75/1000] d=0.010 N=20 trial  66 -> 184 gates (213.2s)
[  76/1000] d=0.010 N=20 trial  77 -> 176 gates (195.8s)
[  77/1000] d=0.010 N=20 trial  76 -> 184 gates (200.1s)
[  78/1000] d=0.010 N=20 trial  71 -> 178 gates (205.4s)
[  79/1000] d=0.010 N=20 trial  70 -> 184 gates (209.5s)
[  80/1000] d=0.010 N=20 trial  82 -> 184 gates (190.4s)
[  81/1000] d=0.010 N=20 trial  74 -> 186 gates (206.6s)
[  82/1000] d=0.010 N=20 trial  81 -> 184 gates (194.6s)
[  83/1000] d=0.010 N=20 trial  79 -> 178 gates (204.5s)
[  84/1000] d=0.010 N=20 trial  84 -> 180 gates (205.4s)
[  85/1000] d=0.010 N=20 trial  86 -> 184 gates (180.4s)
[  86/1000] d=0.010 N=20 trial  89 -> 184 gates (171.3s)
[  87/1000] d=0.010 N=20 trial  85 -> 186 gates (190.5s)
[  88/1000] d=0.010 N=20 trial  91 -> 184 gates (168.8s)
[  89/1000] d=0.010 N=20 trial  94 -> 182 gates (168.7s)
[  90/1000] d=0.010 N=20 trial  90 -> 184 gates (183.7s)
[  91/1000] d=0.010 N=20 trial  87 -> 182 gates (195.4s)
[  92/1000] d=0.010 N=20 trial  88 -> 186 gates (195.4s)
[  93/1000] d=0.010 N=20 trial  97 -> 184 gates (176.7s)
[  94/1000] d=0.010 N=20 trial  92 -> 180 gates (196.1s)
[  95/1000] d=0.010 N=20 trial  99 -> 182 gates (177.2s)
[  96/1000] d=0.010 N=20 trial  93 -> 182 gates (197.4s)
[  97/1000] d=0.010 N=20 trial  95 -> 182 gates (194.0s)
[  98/1000] d=0.010 N=20 trial  98 -> 182 gates (188.4s)
[  99/1000] d=0.010 N=20 trial 100 -> 192 gates (179.8s)
[ 100/1000] d=0.015 N=20 trial   5 -> 186 gates (180.2s)
[ 101/1000] d=0.010 N=20 trial  96 -> 180 gates (204.5s)
[System] Config C06_d0.010_N20 complete -> files written
[ 102/1000] d=0.015 N=20 trial   1 -> 180 gates (188.4s)
[ 103/1000] d=0.015 N=20 trial  10 -> 182 gates (179.5s)
[ 104/1000] d=0.015 N=20 trial   4 -> 180 gates (189.4s)
[ 105/1000] d=0.015 N=20 trial   9 -> 184 gates (187.4s)
[ 106/1000] d=0.015 N=20 trial   2 -> 182 gates (197.0s)
[ 107/1000] d=0.015 N=20 trial   3 -> 178 gates (197.6s)
[ 108/1000] d=0.015 N=20 trial   8 -> 180 gates (197.1s)
[ 109/1000] d=0.015 N=20 trial   6 -> 182 gates (202.2s)
[ 110/1000] d=0.015 N=20 trial  11 -> 182 gates (194.8s)
[ 111/1000] d=0.015 N=20 trial   7 -> 182 gates (208.3s)
[ 112/1000] d=0.015 N=20 trial  12 -> 182 gates (184.7s)
[ 113/1000] d=0.015 N=20 trial  14 -> 178 gates (171.5s)
[ 114/1000] d=0.015 N=20 trial  18 -> 180 gates (168.8s)
[ 115/1000] d=0.015 N=20 trial  17 -> 180 gates (179.5s)
[ 116/1000] d=0.015 N=20 trial  13 -> 182 gates (187.4s)
[ 117/1000] d=0.015 N=20 trial  16 -> 184 gates (183.8s)
[ 118/1000] d=0.015 N=20 trial  15 -> 184 gates (196.1s)
[ 119/1000] d=0.015 N=20 trial  20 -> 188 gates (184.8s)
[ 120/1000] d=0.015 N=20 trial  23 -> 188 gates (182.2s)
[ 121/1000] d=0.015 N=20 trial  28 -> 186 gates (167.2s)
[ 122/1000] d=0.015 N=20 trial  19 -> 182 gates (202.3s)
[ 123/1000] d=0.015 N=20 trial  29 -> 186 gates (176.5s)
[ 124/1000] d=0.015 N=20 trial  33 -> 182 gates (167.9s)
[ 125/1000] d=0.015 N=20 trial  21 -> 180 gates (204.5s)
[ 126/1000] d=0.015 N=20 trial  27 -> 188 gates (188.2s)
[ 127/1000] d=0.015 N=20 trial  24 -> 182 gates (198.0s)
[ 128/1000] d=0.015 N=20 trial  22 -> 192 gates (202.7s)
[ 129/1000] d=0.015 N=20 trial  25 -> 182 gates (200.7s)
[ 130/1000] d=0.015 N=20 trial  26 -> 192 gates (201.9s)
[ 131/1000] d=0.015 N=20 trial  30 -> 184 gates (192.1s)
[ 132/1000] d=0.015 N=20 trial  31 -> 188 gates (191.2s)
[ 133/1000] d=0.015 N=20 trial  34 -> 192 gates (187.3s)
[ 134/1000] d=0.015 N=20 trial  32 -> 182 gates (198.5s)
[ 135/1000] d=0.015 N=20 trial  37 -> 180 gates (185.2s)
[ 136/1000] d=0.015 N=20 trial  38 -> 184 gates (181.8s)
[ 137/1000] d=0.015 N=20 trial  35 -> 184 gates (194.3s)
[ 138/1000] d=0.015 N=20 trial  36 -> 184 gates (195.3s)
[ 139/1000] d=0.015 N=20 trial  39 -> 180 gates (184.5s)
[ 140/1000] d=0.015 N=20 trial  40 -> 188 gates (185.0s)
[ 141/1000] d=0.015 N=20 trial  41 -> 184 gates (171.9s)
[ 142/1000] d=0.015 N=20 trial  42 -> 182 gates (167.9s)
[ 143/1000] d=0.015 N=20 trial  43 -> 184 gates (182.1s)
[ 144/1000] d=0.015 N=20 trial  46 -> 186 gates (179.9s)
[ 145/1000] d=0.015 N=20 trial  44 -> 186 gates (201.2s)
[ 146/1000] d=0.015 N=20 trial  49 -> 194 gates (173.4s)
[ 147/1000] d=0.015 N=20 trial  45 -> 180 gates (207.6s)
[ 148/1000] d=0.015 N=20 trial  52 -> 184 gates (167.5s)
[ 149/1000] d=0.015 N=20 trial  47 -> 182 gates (190.5s)
[ 150/1000] d=0.015 N=20 trial  50 -> 186 gates (183.2s)
[ 151/1000] d=0.015 N=20 trial  48 -> 184 gates (194.0s)
[ 152/1000] d=0.015 N=20 trial  54 -> 186 gates (181.7s)
[ 153/1000] d=0.015 N=20 trial  53 -> 192 gates (187.4s)
[ 154/1000] d=0.015 N=20 trial  55 -> 188 gates (187.7s)
[ 155/1000] d=0.015 N=20 trial  51 -> 184 gates (194.5s)
[ 156/1000] d=0.015 N=20 trial  56 -> 182 gates (188.0s)
[ 157/1000] d=0.015 N=20 trial  64 -> 182 gates (168.9s)
[ 158/1000] d=0.015 N=20 trial  57 -> 178 gates (193.1s)
[ 159/1000] d=0.015 N=20 trial  59 -> 182 gates (186.4s)
[ 160/1000] d=0.015 N=20 trial  60 -> 184 gates (191.1s)
[ 161/1000] d=0.015 N=20 trial  58 -> 186 gates (199.1s)
[ 162/1000] d=0.015 N=20 trial  61 -> 180 gates (198.7s)
[ 163/1000] d=0.015 N=20 trial  63 -> 178 gates (191.7s)
[ 164/1000] d=0.015 N=20 trial  65 -> 178 gates (191.8s)
[ 165/1000] d=0.015 N=20 trial  62 -> 186 gates (200.0s)
[ 166/1000] d=0.015 N=20 trial  68 -> 178 gates (197.1s)
[ 167/1000] d=0.015 N=20 trial  67 -> 190 gates (198.3s)
[ 168/1000] d=0.015 N=20 trial  66 -> 186 gates (201.2s)
[ 169/1000] d=0.015 N=20 trial  69 -> 184 gates (170.4s)
[ 170/1000] d=0.015 N=20 trial  70 -> 186 gates (167.9s)
[ 171/1000] d=0.015 N=20 trial  71 -> 180 gates (177.8s)
[ 172/1000] d=0.015 N=20 trial  72 -> 184 gates (186.3s)
[ 173/1000] d=0.015 N=20 trial  77 -> 182 gates (168.8s)
[ 174/1000] d=0.015 N=20 trial  75 -> 182 gates (182.9s)
[ 175/1000] d=0.015 N=20 trial  76 -> 188 gates (183.9s)
[ 176/1000] d=0.015 N=20 trial  73 -> 188 gates (196.8s)
[ 177/1000] d=0.015 N=20 trial  74 -> 180 gates (196.8s)
[ 178/1000] d=0.015 N=20 trial  79 -> 182 gates (185.3s)
[ 179/1000] d=0.015 N=20 trial  78 -> 188 gates (189.6s)
[ 180/1000] d=0.015 N=20 trial  87 -> 192 gates (168.0s)
[ 181/1000] d=0.015 N=20 trial  88 -> 186 gates (167.6s)
[ 182/1000] d=0.015 N=20 trial  82 -> 186 gates (186.9s)
[ 183/1000] d=0.015 N=20 trial  81 -> 188 gates (193.9s)
[ 184/1000] d=0.015 N=20 trial  85 -> 182 gates (186.5s)
[ 185/1000] d=0.015 N=20 trial  80 -> 188 gates (200.2s)
[ 186/1000] d=0.015 N=20 trial  84 -> 180 gates (194.0s)
[ 187/1000] d=0.015 N=20 trial  83 -> 178 gates (196.8s)
[ 188/1000] d=0.015 N=20 trial  86 -> 184 gates (191.6s)
[ 189/1000] d=0.015 N=20 trial  89 -> 188 gates (192.2s)
[ 190/1000] d=0.015 N=20 trial  90 -> 184 gates (184.7s)
[ 191/1000] d=0.015 N=20 trial  91 -> 186 gates (194.2s)
[ 192/1000] d=0.015 N=20 trial  93 -> 182 gates (192.1s)
[ 193/1000] d=0.015 N=20 trial  95 -> 180 gates (195.2s)
[ 194/1000] d=0.015 N=20 trial  92 -> 184 gates (209.2s)
[ 195/1000] d=0.015 N=20 trial  96 -> 190 gates (199.5s)
[ 196/1000] d=0.015 N=20 trial  94 -> 180 gates (204.2s)
[ 197/1000] d=0.015 N=20 trial  97 -> 188 gates (169.6s)
[ 198/1000] d=0.015 N=20 trial  98 -> 180 gates (167.8s)
[ 199/1000] d=0.015 N=20 trial  99 -> 188 gates (183.4s)
[ 200/1000] d=0.015 N=20 trial 100 -> 180 gates (175.1s)
[System] Config C07_d0.015_N20 complete -> files written
[ 201/1000] d=0.020 N=20 trial   3 -> 188 gates (166.7s)
[ 202/1000] d=0.020 N=20 trial   1 -> 188 gates (180.3s)
[ 203/1000] d=0.020 N=20 trial   2 -> 182 gates (181.1s)
[ 204/1000] d=0.020 N=20 trial   9 -> 178 gates (166.5s)
[ 205/1000] d=0.020 N=20 trial   7 -> 192 gates (180.5s)
[ 206/1000] d=0.020 N=20 trial  10 -> 186 gates (167.9s)
[ 207/1000] d=0.020 N=20 trial   8 -> 184 gates (183.3s)
[ 208/1000] d=0.020 N=20 trial   4 -> 182 gates (200.3s)
[ 209/1000] d=0.020 N=20 trial   5 -> 186 gates (202.0s)
[ 210/1000] d=0.020 N=20 trial   6 -> 190 gates (201.3s)
[ 211/1000] d=0.020 N=20 trial  12 -> 186 gates (181.4s)
[ 212/1000] d=0.020 N=20 trial  13 -> 188 gates (189.7s)
[ 213/1000] d=0.020 N=20 trial  14 -> 176 gates (193.3s)
[ 214/1000] d=0.020 N=20 trial  16 -> 184 gates (189.7s)
[ 215/1000] d=0.020 N=20 trial  15 -> 184 gates (192.5s)
[ 216/1000] d=0.020 N=20 trial  11 -> 186 gates (204.5s)
[ 217/1000] d=0.020 N=20 trial  18 -> 190 gates (185.8s)
[ 218/1000] d=0.020 N=20 trial  17 -> 180 gates (196.1s)
[ 219/1000] d=0.020 N=20 trial  19 -> 182 gates (194.6s)
[ 220/1000] d=0.020 N=20 trial  20 -> 184 gates (192.6s)
[ 221/1000] d=0.020 N=20 trial  23 -> 188 gates (186.2s)
[ 222/1000] d=0.020 N=20 trial  25 -> 178 gates (168.7s)
[ 223/1000] d=0.020 N=20 trial  21 -> 188 gates (196.2s)
[ 224/1000] d=0.020 N=20 trial  22 -> 184 gates (198.4s)
[ 225/1000] d=0.020 N=20 trial  24 -> 178 gates (197.5s)
[ 226/1000] d=0.020 N=20 trial  26 -> 190 gates (185.2s)
[ 227/1000] d=0.020 N=20 trial  28 -> 190 gates (169.7s)
[ 228/1000] d=0.020 N=20 trial  27 -> 186 gates (187.9s)
[ 229/1000] d=0.020 N=20 trial  33 -> 184 gates (166.3s)
[ 230/1000] d=0.020 N=20 trial  29 -> 188 gates (194.9s)
[ 231/1000] d=0.020 N=20 trial  34 -> 180 gates (166.4s)
[ 232/1000] d=0.020 N=20 trial  32 -> 188 gates (178.8s)
[ 233/1000] d=0.020 N=20 trial  30 -> 182 gates (205.8s)
[ 234/1000] d=0.020 N=20 trial  31 -> 186 gates (196.9s)
[ 235/1000] d=0.020 N=20 trial  37 -> 180 gates (186.0s)
[ 236/1000] d=0.020 N=20 trial  39 -> 186 gates (182.6s)
[ 237/1000] d=0.020 N=20 trial  43 -> 182 gates (167.2s)
[ 238/1000] d=0.020 N=20 trial  36 -> 182 gates (193.3s)
[ 239/1000] d=0.020 N=20 trial  35 -> 180 gates (197.6s)
[ 240/1000] d=0.020 N=20 trial  41 -> 186 gates (172.2s)
[ 241/1000] d=0.020 N=20 trial  42 -> 186 gates (171.4s)
[ 242/1000] d=0.020 N=20 trial  38 -> 184 gates (197.6s)
[ 243/1000] d=0.020 N=20 trial  40 -> 178 gates (203.7s)
[ 244/1000] d=0.020 N=20 trial  44 -> 192 gates (192.5s)
[ 245/1000] d=0.020 N=20 trial  45 -> 180 gates (193.6s)
[ 246/1000] d=0.020 N=20 trial  47 -> 192 gates (181.4s)
[ 247/1000] d=0.020 N=20 trial  46 -> 180 gates (193.9s)
[ 248/1000] d=0.020 N=20 trial  50 -> 188 gates (169.1s)
[ 249/1000] d=0.020 N=20 trial  51 -> 182 gates (168.5s)
[ 250/1000] d=0.020 N=20 trial  49 -> 184 gates (185.3s)
[ 251/1000] d=0.020 N=20 trial  48 -> 192 gates (202.2s)
[ 252/1000] d=0.020 N=20 trial  52 -> 182 gates (198.2s)
[ 253/1000] d=0.020 N=20 trial  53 -> 186 gates (195.7s)
[ 254/1000] d=0.020 N=20 trial  54 -> 184 gates (197.1s)
[ 255/1000] d=0.020 N=20 trial  56 -> 186 gates (166.2s)
[ 256/1000] d=0.020 N=20 trial  55 -> 184 gates (196.9s)
[ 257/1000] d=0.020 N=20 trial  57 -> 194 gates (181.0s)
[ 258/1000] d=0.020 N=20 trial  58 -> 180 gates (193.1s)
[ 259/1000] d=0.020 N=20 trial  59 -> 182 gates (194.6s)
[ 260/1000] d=0.020 N=20 trial  60 -> 182 gates (192.0s)
[ 261/1000] d=0.020 N=20 trial  65 -> 188 gates (167.1s)
[ 262/1000] d=0.020 N=20 trial  61 -> 184 gates (195.9s)
[ 263/1000] d=0.020 N=20 trial  62 -> 182 gates (198.8s)
[ 264/1000] d=0.020 N=20 trial  67 -> 182 gates (175.2s)
[ 265/1000] d=0.020 N=20 trial  66 -> 184 gates (181.0s)
[ 266/1000] d=0.020 N=20 trial  64 -> 182 gates (189.7s)
[ 267/1000] d=0.020 N=20 trial  68 -> 188 gates (186.1s)
[ 268/1000] d=0.020 N=20 trial  63 -> 182 gates (196.8s)
[ 269/1000] d=0.020 N=20 trial  69 -> 186 gates (191.9s)
[ 270/1000] d=0.020 N=20 trial  71 -> 182 gates (167.0s)
[ 271/1000] d=0.020 N=20 trial  72 -> 184 gates (166.2s)
[ 272/1000] d=0.020 N=20 trial  70 -> 184 gates (184.6s)
[ 273/1000] d=0.020 N=20 trial  76 -> 186 gates (170.5s)
[ 274/1000] d=0.020 N=20 trial  75 -> 182 gates (173.0s)
[ 275/1000] d=0.020 N=20 trial  77 -> 190 gates (183.4s)
[ 276/1000] d=0.020 N=20 trial  73 -> 186 gates (196.6s)
[ 277/1000] d=0.020 N=20 trial  74 -> 184 gates (192.7s)
[ 278/1000] d=0.020 N=20 trial  78 -> 182 gates (195.9s)
[ 279/1000] d=0.020 N=20 trial  79 -> 184 gates (193.9s)
[ 280/1000] d=0.020 N=20 trial  80 -> 182 gates (192.3s)
[ 281/1000] d=0.020 N=20 trial  82 -> 180 gates (188.3s)
[ 282/1000] d=0.020 N=20 trial  81 -> 186 gates (204.5s)
[ 283/1000] d=0.020 N=20 trial  83 -> 184 gates (190.8s)
[ 284/1000] d=0.005 N=10 trial   2 -> 186 gates (85.9s)
[ 285/1000] d=0.005 N=10 trial   1 -> 184 gates (102.1s)
[ 286/1000] d=0.020 N=20 trial  84 -> 190 gates (190.9s)
[ 287/1000] d=0.005 N=10 trial   3 -> 184 gates (96.3s)
[ 288/1000] d=0.005 N=10 trial   4 -> 188 gates (101.5s)
[ 289/1000] d=0.005 N=10 trial   5 -> 188 gates (100.7s)
[ 290/1000] d=0.020 N=20 trial  85 -> 188 gates (192.7s)
[ 291/1000] d=0.020 N=20 trial  92 -> 190 gates (165.9s)
[ 292/1000] d=0.020 N=20 trial  86 -> 184 gates (187.2s)
[ 293/1000] d=0.020 N=20 trial  93 -> 188 gates (167.3s)
[ 294/1000] d=0.005 N=10 trial   6 -> 190 gates (96.1s)
[ 295/1000] d=0.020 N=20 trial  87 -> 188 gates (196.1s)
[ 296/1000] d=0.020 N=20 trial  89 -> 182 gates (189.7s)
[ 297/1000] d=0.005 N=10 trial   7 -> 182 gates (100.4s)
[ 298/1000] d=0.020 N=20 trial  96 -> 188 gates (166.3s)
[ 299/1000] d=0.020 N=20 trial  88 -> 184 gates (197.7s)
[ 300/1000] d=0.020 N=20 trial  97 -> 184 gates (166.3s)
[ 301/1000] d=0.020 N=20 trial  90 -> 184 gates (193.0s)
[ 302/1000] d=0.020 N=20 trial  99 -> 180 gates (168.6s)
[ 303/1000] d=0.005 N=10 trial   8 -> 192 gates (97.1s)
[ 304/1000] d=0.020 N=20 trial 100 -> 184 gates (173.5s)
[ 305/1000] d=0.020 N=20 trial  91 -> 186 gates (198.1s)
[ 306/1000] d=0.005 N=10 trial   9 -> 190 gates (93.6s)
[ 307/1000] d=0.020 N=20 trial  95 -> 186 gates (196.5s)
[ 308/1000] d=0.020 N=20 trial  94 -> 186 gates (197.8s)
[ 309/1000] d=0.005 N=10 trial  12 -> 188 gates (85.9s)
[ 310/1000] d=0.005 N=10 trial  10 -> 184 gates (103.7s)
[ 311/1000] d=0.020 N=20 trial  98 -> 188 gates (196.0s)
[System] Config C08_d0.020_N20 complete -> files written
[ 312/1000] d=0.005 N=10 trial  11 -> 186 gates (103.3s)
[ 313/1000] d=0.005 N=10 trial  14 -> 184 gates (94.5s)
[ 314/1000] d=0.005 N=10 trial  13 -> 184 gates (102.0s)
[ 315/1000] d=0.005 N=10 trial  17 -> 184 gates (85.7s)
[ 316/1000] d=0.005 N=10 trial  16 -> 188 gates (96.2s)
[ 317/1000] d=0.005 N=10 trial  15 -> 188 gates (103.9s)
[ 318/1000] d=0.005 N=10 trial  19 -> 188 gates (85.9s)
[ 319/1000] d=0.005 N=10 trial  20 -> 190 gates (87.6s)
[ 320/1000] d=0.005 N=10 trial  21 -> 190 gates (86.2s)
[ 321/1000] d=0.005 N=10 trial  18 -> 188 gates (99.4s)
[ 322/1000] d=0.005 N=10 trial  28 -> 184 gates (86.0s)
[ 323/1000] d=0.005 N=10 trial  22 -> 186 gates (101.2s)
[ 324/1000] d=0.005 N=10 trial  23 -> 186 gates (98.0s)
[ 325/1000] d=0.005 N=10 trial  31 -> 192 gates (86.4s)
[ 326/1000] d=0.005 N=10 trial  24 -> 188 gates (100.1s)
[ 327/1000] d=0.005 N=10 trial  26 -> 186 gates (98.0s)
[ 328/1000] d=0.005 N=10 trial  25 -> 180 gates (98.7s)
[ 329/1000] d=0.005 N=10 trial  29 -> 186 gates (100.4s)
[ 330/1000] d=0.005 N=10 trial  30 -> 184 gates (100.1s)
[ 331/1000] d=0.005 N=10 trial  27 -> 184 gates (105.3s)
[ 332/1000] d=0.005 N=10 trial  33 -> 180 gates (96.0s)
[ 333/1000] d=0.005 N=10 trial  32 -> 182 gates (100.1s)
[ 334/1000] d=0.005 N=10 trial  37 -> 188 gates (86.0s)
[ 335/1000] d=0.005 N=10 trial  34 -> 186 gates (100.2s)
[ 336/1000] d=0.005 N=10 trial  38 -> 186 gates (96.9s)
[ 337/1000] d=0.005 N=10 trial  36 -> 186 gates (101.3s)
[ 338/1000] d=0.005 N=10 trial  39 -> 184 gates (100.8s)
[ 339/1000] d=0.005 N=10 trial  35 -> 186 gates (106.8s)
[ 340/1000] d=0.005 N=10 trial  41 -> 186 gates (85.8s)
[ 341/1000] d=0.005 N=10 trial  40 -> 192 gates (100.9s)
[ 342/1000] d=0.005 N=10 trial  42 -> 186 gates (87.6s)
[ 343/1000] d=0.005 N=10 trial  43 -> 188 gates (93.2s)
[ 344/1000] d=0.005 N=10 trial  46 -> 184 gates (86.1s)
[ 345/1000] d=0.005 N=10 trial  45 -> 186 gates (90.6s)
[ 346/1000] d=0.005 N=10 trial  48 -> 186 gates (86.3s)
[ 347/1000] d=0.005 N=10 trial  44 -> 182 gates (102.5s)
[ 348/1000] d=0.005 N=10 trial  47 -> 188 gates (100.2s)
[ 349/1000] d=0.005 N=10 trial  49 -> 186 gates (96.8s)
[ 350/1000] d=0.005 N=10 trial  53 -> 184 gates (86.5s)
[ 351/1000] d=0.005 N=10 trial  50 -> 188 gates (99.3s)
[ 352/1000] d=0.005 N=10 trial  52 -> 186 gates (100.2s)
[ 353/1000] d=0.005 N=10 trial  51 -> 180 gates (103.1s)
[ 354/1000] d=0.005 N=10 trial  55 -> 190 gates (98.3s)
[ 355/1000] d=0.005 N=10 trial  54 -> 184 gates (100.9s)
[ 356/1000] d=0.005 N=10 trial  56 -> 184 gates (101.7s)
[ 357/1000] d=0.005 N=10 trial  57 -> 188 gates (98.2s)
[ 358/1000] d=0.005 N=10 trial  62 -> 186 gates (90.0s)
[ 359/1000] d=0.005 N=10 trial  58 -> 194 gates (98.3s)
[ 360/1000] d=0.005 N=10 trial  59 -> 186 gates (99.0s)
[ 361/1000] d=0.005 N=10 trial  61 -> 184 gates (97.3s)
[ 362/1000] d=0.005 N=10 trial  60 -> 188 gates (101.8s)
[ 363/1000] d=0.005 N=10 trial  64 -> 186 gates (86.3s)
[ 364/1000] d=0.005 N=10 trial  63 -> 186 gates (100.9s)
[ 365/1000] d=0.005 N=10 trial  68 -> 182 gates (86.1s)
[ 366/1000] d=0.005 N=10 trial  65 -> 184 gates (99.0s)
[ 367/1000] d=0.005 N=10 trial  69 -> 186 gates (87.0s)
[ 368/1000] d=0.005 N=10 trial  67 -> 186 gates (99.9s)
[ 369/1000] d=0.005 N=10 trial  70 -> 188 gates (87.2s)
[ 370/1000] d=0.005 N=10 trial  66 -> 186 gates (106.6s)
[ 371/1000] d=0.005 N=10 trial  71 -> 184 gates (86.4s)
[ 372/1000] d=0.005 N=10 trial  72 -> 180 gates (85.8s)
[ 373/1000] d=0.005 N=10 trial  74 -> 186 gates (88.2s)
[ 374/1000] d=0.005 N=10 trial  73 -> 182 gates (97.0s)
[ 375/1000] d=0.005 N=10 trial  75 -> 182 gates (97.6s)
[ 376/1000] d=0.005 N=10 trial  76 -> 190 gates (98.5s)
[ 377/1000] d=0.005 N=10 trial  77 -> 186 gates (99.8s)
[ 378/1000] d=0.005 N=10 trial  78 -> 186 gates (96.7s)
[ 379/1000] d=0.005 N=10 trial  79 -> 188 gates (98.0s)
[ 380/1000] d=0.005 N=10 trial  80 -> 186 gates (98.0s)
[ 381/1000] d=0.005 N=10 trial  82 -> 186 gates (95.3s)
[ 382/1000] d=0.005 N=10 trial  84 -> 186 gates (93.5s)
[ 383/1000] d=0.005 N=10 trial  81 -> 184 gates (101.9s)
[ 384/1000] d=0.005 N=10 trial  85 -> 184 gates (95.6s)
[ 385/1000] d=0.005 N=10 trial  83 -> 186 gates (100.7s)
[ 386/1000] d=0.005 N=10 trial  88 -> 188 gates (96.9s)
[ 387/1000] d=0.005 N=10 trial  91 -> 186 gates (92.3s)
[ 388/1000] d=0.005 N=10 trial  89 -> 188 gates (96.2s)
[ 389/1000] d=0.005 N=10 trial  86 -> 184 gates (103.2s)
[ 390/1000] d=0.005 N=10 trial  87 -> 186 gates (103.1s)
[ 391/1000] d=0.005 N=10 trial  93 -> 188 gates (86.1s)
[ 392/1000] d=0.005 N=10 trial  90 -> 184 gates (99.3s)
[ 393/1000] d=0.005 N=10 trial  94 -> 184 gates (86.4s)
[ 394/1000] d=0.005 N=10 trial  92 -> 188 gates (97.5s)
[ 395/1000] d=0.005 N=10 trial  95 -> 182 gates (96.9s)
[ 396/1000] d=0.005 N=10 trial  99 -> 188 gates (85.6s)
[ 397/1000] d=0.005 N=10 trial  97 -> 184 gates (93.4s)
[ 398/1000] d=0.005 N=10 trial 100 -> 184 gates (85.8s)
[ 399/1000] d=0.005 N=10 trial  96 -> 188 gates (95.5s)
[ 400/1000] d=0.010 N=10 trial   1 -> 186 gates (89.2s)
[ 401/1000] d=0.005 N=10 trial  98 -> 184 gates (101.1s)
[System] Config C01_d0.005_N10 complete -> files written
[ 402/1000] d=0.010 N=10 trial   4 -> 186 gates (84.3s)
[ 403/1000] d=0.010 N=10 trial   2 -> 186 gates (103.5s)
[ 404/1000] d=0.010 N=10 trial   3 -> 178 gates (94.9s)
[ 405/1000] d=0.010 N=10 trial   5 -> 186 gates (90.3s)
[ 406/1000] d=0.010 N=10 trial   6 -> 182 gates (98.7s)
[ 407/1000] d=0.010 N=10 trial   7 -> 182 gates (94.3s)
[ 408/1000] d=0.010 N=10 trial  12 -> 182 gates (84.8s)
[ 409/1000] d=0.010 N=10 trial   9 -> 186 gates (96.9s)
[ 410/1000] d=0.010 N=10 trial   8 -> 190 gates (100.3s)
[ 411/1000] d=0.010 N=10 trial  13 -> 184 gates (94.5s)
[ 412/1000] d=0.010 N=10 trial  10 -> 182 gates (101.3s)
[ 413/1000] d=0.010 N=10 trial  22 -> 182 gates (84.4s)
[ 414/1000] d=0.010 N=10 trial  21 -> 184 gates (84.9s)
[ 415/1000] d=0.010 N=10 trial  18 -> 182 gates (92.7s)
[ 416/1000] d=0.010 N=10 trial  11 -> 180 gates (103.2s)
[ 417/1000] d=0.010 N=10 trial  14 -> 186 gates (98.5s)
[ 418/1000] d=0.010 N=10 trial  17 -> 186 gates (96.6s)
[ 419/1000] d=0.010 N=10 trial  16 -> 188 gates (97.2s)
[ 420/1000] d=0.010 N=10 trial  15 -> 186 gates (98.5s)
[ 421/1000] d=0.010 N=10 trial  19 -> 180 gates (98.2s)
[ 422/1000] d=0.010 N=10 trial  24 -> 182 gates (83.8s)
[ 423/1000] d=0.010 N=10 trial  26 -> 184 gates (84.2s)
[ 424/1000] d=0.010 N=10 trial  20 -> 186 gates (100.9s)
[ 425/1000] d=0.010 N=10 trial  23 -> 186 gates (95.1s)
[ 426/1000] d=0.010 N=10 trial  27 -> 178 gates (94.0s)
[ 427/1000] d=0.010 N=10 trial  28 -> 180 gates (88.5s)
[ 428/1000] d=0.010 N=10 trial  25 -> 184 gates (105.8s)
[ 429/1000] d=0.010 N=10 trial  30 -> 186 gates (84.5s)
[ 430/1000] d=0.010 N=10 trial  29 -> 186 gates (101.9s)
[ 431/1000] d=0.010 N=10 trial  33 -> 180 gates (84.4s)
[ 432/1000] d=0.010 N=10 trial  31 -> 186 gates (96.3s)
[ 433/1000] d=0.010 N=10 trial  32 -> 184 gates (97.2s)
[ 434/1000] d=0.010 N=10 trial  34 -> 184 gates (100.5s)
[ 435/1000] d=0.010 N=10 trial  35 -> 178 gates (102.4s)
[ 436/1000] d=0.010 N=10 trial  36 -> 184 gates (99.1s)
[ 437/1000] d=0.010 N=10 trial  41 -> 182 gates (84.7s)
[ 438/1000] d=0.010 N=10 trial  42 -> 176 gates (85.0s)
[ 439/1000] d=0.010 N=10 trial  43 -> 186 gates (84.2s)
[ 440/1000] d=0.010 N=10 trial  38 -> 190 gates (97.6s)
[ 441/1000] d=0.010 N=10 trial  40 -> 186 gates (94.6s)
[ 442/1000] d=0.010 N=10 trial  37 -> 184 gates (101.3s)
[ 443/1000] d=0.010 N=10 trial  39 -> 186 gates (100.1s)
[ 444/1000] d=0.010 N=10 trial  45 -> 186 gates (92.6s)
[ 445/1000] d=0.010 N=10 trial  51 -> 182 gates (84.1s)
[ 446/1000] d=0.010 N=10 trial  44 -> 186 gates (98.8s)
[ 447/1000] d=0.010 N=10 trial  48 -> 190 gates (97.4s)
[ 448/1000] d=0.010 N=10 trial  47 -> 178 gates (99.9s)
[ 449/1000] d=0.010 N=10 trial  53 -> 182 gates (83.9s)
[ 450/1000] d=0.010 N=10 trial  46 -> 182 gates (101.1s)
[ 451/1000] d=0.010 N=10 trial  49 -> 186 gates (97.8s)
[ 452/1000] d=0.010 N=10 trial  54 -> 182 gates (84.1s)
[ 453/1000] d=0.010 N=10 trial  50 -> 184 gates (97.6s)
[ 454/1000] d=0.010 N=10 trial  52 -> 186 gates (97.9s)
[ 455/1000] d=0.010 N=10 trial  55 -> 184 gates (99.6s)
[ 456/1000] d=0.010 N=10 trial  57 -> 182 gates (88.9s)
[ 457/1000] d=0.010 N=10 trial  56 -> 186 gates (97.7s)
[ 458/1000] d=0.010 N=10 trial  59 -> 182 gates (89.0s)
[ 459/1000] d=0.010 N=10 trial  58 -> 182 gates (98.9s)
[ 460/1000] d=0.010 N=10 trial  60 -> 186 gates (95.1s)
[ 461/1000] d=0.010 N=10 trial  61 -> 178 gates (95.4s)
[ 462/1000] d=0.010 N=10 trial  62 -> 182 gates (86.4s)
[ 463/1000] d=0.010 N=10 trial  65 -> 180 gates (84.6s)
[ 464/1000] d=0.010 N=10 trial  64 -> 190 gates (90.9s)
[ 465/1000] d=0.010 N=10 trial  66 -> 188 gates (89.8s)
[ 466/1000] d=0.010 N=10 trial  63 -> 182 gates (94.6s)
[ 467/1000] d=0.010 N=10 trial  73 -> 186 gates (84.0s)
[ 468/1000] d=0.010 N=10 trial  67 -> 184 gates (95.9s)
[ 469/1000] d=0.010 N=10 trial  68 -> 182 gates (94.6s)
[ 470/1000] d=0.010 N=10 trial  70 -> 182 gates (97.2s)
[ 471/1000] d=0.010 N=10 trial  71 -> 180 gates (93.6s)
[ 472/1000] d=0.010 N=10 trial  77 -> 182 gates (84.0s)
[ 473/1000] d=0.010 N=10 trial  69 -> 178 gates (99.4s)
[ 474/1000] d=0.010 N=10 trial  80 -> 188 gates (84.2s)
[ 475/1000] d=0.010 N=10 trial  72 -> 188 gates (97.7s)
[ 476/1000] d=0.010 N=10 trial  74 -> 186 gates (99.4s)
[ 477/1000] d=0.010 N=10 trial  75 -> 184 gates (97.8s)
[ 478/1000] d=0.010 N=10 trial  78 -> 182 gates (95.4s)
[ 479/1000] d=0.010 N=10 trial  81 -> 180 gates (94.8s)
[ 480/1000] d=0.010 N=10 trial  76 -> 180 gates (100.9s)
[ 481/1000] d=0.010 N=10 trial  79 -> 184 gates (100.1s)
[ 482/1000] d=0.010 N=10 trial  82 -> 184 gates (96.6s)
[ 483/1000] d=0.010 N=10 trial  86 -> 186 gates (84.2s)
[ 484/1000] d=0.010 N=10 trial  84 -> 182 gates (98.1s)
[ 485/1000] d=0.010 N=10 trial  83 -> 182 gates (99.2s)
[ 486/1000] d=0.010 N=10 trial  85 -> 182 gates (98.5s)
[ 487/1000] d=0.010 N=10 trial  87 -> 184 gates (95.7s)
[ 488/1000] d=0.010 N=10 trial  88 -> 186 gates (96.4s)
[ 489/1000] d=0.010 N=10 trial  90 -> 186 gates (84.4s)
[ 490/1000] d=0.010 N=10 trial  89 -> 182 gates (100.0s)
[ 491/1000] d=0.010 N=10 trial  91 -> 182 gates (93.1s)
[ 492/1000] d=0.010 N=10 trial  95 -> 190 gates (84.0s)
[ 493/1000] d=0.010 N=10 trial  96 -> 188 gates (89.7s)
[ 494/1000] d=0.010 N=10 trial  93 -> 182 gates (95.9s)
[ 495/1000] d=0.010 N=10 trial 100 -> 188 gates (84.1s)
[ 496/1000] d=0.010 N=10 trial  92 -> 184 gates (99.4s)
[ 497/1000] d=0.010 N=10 trial  94 -> 184 gates (98.5s)
[ 498/1000] d=0.010 N=10 trial  99 -> 184 gates (91.3s)
[ 499/1000] d=0.010 N=10 trial  97 -> 182 gates (95.6s)
[ 500/1000] d=0.015 N=10 trial   2 -> 186 gates (91.4s)
[ 501/1000] d=0.010 N=10 trial  98 -> 178 gates (99.1s)
[System] Config C02_d0.010_N10 complete -> files written
[ 502/1000] d=0.015 N=10 trial   1 -> 186 gates (99.8s)
[ 503/1000] d=0.015 N=10 trial   9 -> 190 gates (83.5s)
[ 504/1000] d=0.015 N=10 trial  10 -> 192 gates (83.4s)
[ 505/1000] d=0.015 N=10 trial   3 -> 184 gates (102.5s)
[ 506/1000] d=0.015 N=10 trial   6 -> 188 gates (96.1s)
[ 507/1000] d=0.015 N=10 trial   7 -> 188 gates (94.0s)
[ 508/1000] d=0.015 N=10 trial   8 -> 182 gates (93.4s)
[ 509/1000] d=0.015 N=10 trial   4 -> 188 gates (100.6s)
[ 510/1000] d=0.015 N=10 trial   5 -> 184 gates (100.4s)
[ 511/1000] d=0.015 N=10 trial  11 -> 184 gates (83.4s)
[ 512/1000] d=0.015 N=10 trial  14 -> 188 gates (84.7s)
[ 513/1000] d=0.015 N=10 trial  12 -> 184 gates (95.6s)
[ 514/1000] d=0.015 N=10 trial  13 -> 188 gates (99.6s)
[ 515/1000] d=0.015 N=10 trial  15 -> 186 gates (94.1s)
[ 516/1000] d=0.015 N=10 trial  17 -> 188 gates (83.7s)
[ 517/1000] d=0.015 N=10 trial  16 -> 182 gates (94.2s)
[ 518/1000] d=0.015 N=10 trial  21 -> 178 gates (82.9s)
[ 519/1000] d=0.015 N=10 trial  18 -> 186 gates (98.7s)
[ 520/1000] d=0.015 N=10 trial  23 -> 190 gates (83.1s)
[ 521/1000] d=0.015 N=10 trial  19 -> 180 gates (95.7s)
[ 522/1000] d=0.015 N=10 trial  20 -> 188 gates (98.7s)
[ 523/1000] d=0.015 N=10 trial  22 -> 190 gates (97.6s)
[ 524/1000] d=0.015 N=10 trial  24 -> 184 gates (96.8s)
[ 525/1000] d=0.015 N=10 trial  25 -> 188 gates (96.0s)
[ 526/1000] d=0.015 N=10 trial  31 -> 184 gates (83.3s)
[ 527/1000] d=0.015 N=10 trial  27 -> 186 gates (94.9s)
[ 528/1000] d=0.015 N=10 trial  32 -> 184 gates (83.3s)
[ 529/1000] d=0.015 N=10 trial  26 -> 190 gates (101.2s)
[ 530/1000] d=0.015 N=10 trial  36 -> 182 gates (83.4s)
[ 531/1000] d=0.015 N=10 trial  33 -> 188 gates (86.3s)
[ 532/1000] d=0.015 N=10 trial  29 -> 188 gates (95.2s)
[ 533/1000] d=0.015 N=10 trial  28 -> 184 gates (99.4s)
[ 534/1000] d=0.015 N=10 trial  30 -> 186 gates (96.3s)
[ 535/1000] d=0.015 N=10 trial  35 -> 184 gates (97.9s)
[ 536/1000] d=0.015 N=10 trial  37 -> 184 gates (96.3s)
[ 537/1000] d=0.015 N=10 trial  34 -> 186 gates (99.8s)
[ 538/1000] d=0.015 N=10 trial  40 -> 192 gates (84.5s)
[ 539/1000] d=0.015 N=10 trial  38 -> 182 gates (99.0s)
[ 540/1000] d=0.015 N=10 trial  39 -> 190 gates (99.5s)
[ 541/1000] d=0.015 N=10 trial  44 -> 190 gates (83.5s)
[ 542/1000] d=0.015 N=10 trial  41 -> 188 gates (98.4s)
[ 543/1000] d=0.015 N=10 trial  42 -> 188 gates (98.1s)
[ 544/1000] d=0.015 N=10 trial  43 -> 182 gates (95.2s)
[ 545/1000] d=0.015 N=10 trial  45 -> 190 gates (94.8s)
[ 546/1000] d=0.015 N=10 trial  46 -> 180 gates (90.1s)
[ 547/1000] d=0.015 N=10 trial  48 -> 184 gates (87.9s)
[ 548/1000] d=0.015 N=10 trial  47 -> 184 gates (96.0s)
[ 549/1000] d=0.015 N=10 trial  55 -> 184 gates (83.7s)
[ 550/1000] d=0.015 N=10 trial  50 -> 190 gates (95.9s)
[ 551/1000] d=0.015 N=10 trial  49 -> 184 gates (102.3s)
[ 552/1000] d=0.015 N=10 trial  52 -> 184 gates (90.2s)
[ 553/1000] d=0.015 N=10 trial  54 -> 178 gates (86.8s)
[ 554/1000] d=0.015 N=10 trial  53 -> 184 gates (90.0s)
[ 555/1000] d=0.015 N=10 trial  51 -> 182 gates (95.6s)
[ 556/1000] d=0.015 N=10 trial  56 -> 188 gates (89.4s)
[ 557/1000] d=0.015 N=10 trial  57 -> 184 gates (83.6s)
[ 558/1000] d=0.015 N=10 trial  58 -> 184 gates (83.4s)
[ 559/1000] d=0.015 N=10 trial  60 -> 188 gates (95.7s)
[ 560/1000] d=0.015 N=10 trial  59 -> 184 gates (96.7s)
[ 561/1000] d=0.015 N=10 trial  61 -> 184 gates (97.1s)
[ 562/1000] d=0.015 N=10 trial  64 -> 180 gates (87.0s)
[ 563/1000] d=0.015 N=10 trial  62 -> 188 gates (100.0s)
[ 564/1000] d=0.015 N=10 trial  63 -> 184 gates (94.1s)
[ 565/1000] d=0.015 N=10 trial  65 -> 184 gates (96.0s)
[ 566/1000] d=0.015 N=10 trial  66 -> 190 gates (94.0s)
[ 567/1000] d=0.015 N=10 trial  67 -> 182 gates (96.3s)
[ 568/1000] d=0.015 N=10 trial  69 -> 186 gates (83.5s)
[ 569/1000] d=0.015 N=10 trial  68 -> 186 gates (96.4s)
[ 570/1000] d=0.015 N=10 trial  70 -> 182 gates (93.4s)
[ 571/1000] d=0.015 N=10 trial  71 -> 180 gates (95.8s)
[ 572/1000] d=0.015 N=10 trial  72 -> 184 gates (96.8s)
[ 573/1000] d=0.015 N=10 trial  73 -> 188 gates (98.2s)
[ 574/1000] d=0.015 N=10 trial  74 -> 186 gates (94.6s)
[ 575/1000] d=0.015 N=10 trial  75 -> 190 gates (97.7s)
[ 576/1000] d=0.015 N=10 trial  78 -> 184 gates (82.9s)
[ 577/1000] d=0.015 N=10 trial  81 -> 188 gates (83.3s)
[ 578/1000] d=0.015 N=10 trial  85 -> 178 gates (83.3s)
[ 579/1000] d=0.015 N=10 trial  76 -> 186 gates (99.2s)
[ 580/1000] d=0.015 N=10 trial  83 -> 186 gates (88.6s)
[ 581/1000] d=0.015 N=10 trial  82 -> 180 gates (92.5s)
[ 582/1000] d=0.015 N=10 trial  80 -> 186 gates (96.3s)
[ 583/1000] d=0.015 N=10 trial  77 -> 192 gates (99.3s)
[ 584/1000] d=0.015 N=10 trial  79 -> 186 gates (98.5s)
[ 585/1000] d=0.015 N=10 trial  84 -> 192 gates (95.5s)
[ 586/1000] d=0.015 N=10 trial  86 -> 190 gates (96.0s)
[ 587/1000] d=0.015 N=10 trial  90 -> 182 gates (83.6s)
[ 588/1000] d=0.015 N=10 trial  93 -> 182 gates (82.7s)
[ 589/1000] d=0.015 N=10 trial  89 -> 182 gates (96.0s)
[ 590/1000] d=0.015 N=10 trial  87 -> 186 gates (99.6s)
[ 591/1000] d=0.015 N=10 trial  88 -> 188 gates (100.6s)
[ 592/1000] d=0.015 N=10 trial  91 -> 186 gates (96.7s)
[ 593/1000] d=0.015 N=10 trial  96 -> 188 gates (83.4s)
[ 594/1000] d=0.015 N=10 trial  92 -> 190 gates (96.2s)
[ 595/1000] d=0.015 N=10 trial  94 -> 186 gates (96.8s)
[ 596/1000] d=0.015 N=10 trial  95 -> 184 gates (94.2s)
[ 597/1000] d=0.015 N=10 trial  97 -> 182 gates (93.7s)
[ 598/1000] d=0.015 N=10 trial  98 -> 182 gates (83.4s)
[ 599/1000] d=0.015 N=10 trial  99 -> 184 gates (97.2s)
[ 600/1000] d=0.015 N=10 trial 100 -> 186 gates (95.6s)
[System] Config C03_d0.015_N10 complete -> files written
[ 601/1000] d=0.020 N=10 trial   4 -> 186 gates (82.5s)
[ 602/1000] d=0.020 N=10 trial   5 -> 190 gates (82.8s)
[ 603/1000] d=0.020 N=10 trial   6 -> 190 gates (82.9s)
[ 604/1000] d=0.020 N=10 trial   1 -> 196 gates (98.6s)
[ 605/1000] d=0.020 N=10 trial   8 -> 188 gates (83.4s)
[ 606/1000] d=0.020 N=10 trial   2 -> 188 gates (98.7s)
[ 607/1000] d=0.020 N=10 trial   3 -> 178 gates (98.7s)
[ 608/1000] d=0.020 N=10 trial   7 -> 190 gates (96.5s)
[ 609/1000] d=0.020 N=10 trial   9 -> 184 gates (93.8s)
[ 610/1000] d=0.020 N=10 trial  11 -> 190 gates (93.0s)
[ 611/1000] d=0.020 N=10 trial  12 -> 194 gates (94.6s)
[ 612/1000] d=0.020 N=10 trial  10 -> 192 gates (97.2s)
[ 613/1000] d=0.020 N=10 trial  14 -> 188 gates (95.3s)
[ 614/1000] d=0.020 N=10 trial  13 -> 182 gates (99.1s)
[ 615/1000] d=0.020 N=10 trial  15 -> 194 gates (94.2s)
[ 616/1000] d=0.020 N=10 trial  16 -> 190 gates (86.3s)
[ 617/1000] d=0.020 N=10 trial  20 -> 188 gates (82.6s)
[ 618/1000] d=0.020 N=10 trial  21 -> 190 gates (88.0s)
[ 619/1000] d=0.020 N=10 trial  17 -> 198 gates (98.6s)
[ 620/1000] d=0.020 N=10 trial  19 -> 196 gates (97.5s)
[ 621/1000] d=0.020 N=10 trial  26 -> 196 gates (82.7s)
[ 622/1000] d=0.020 N=10 trial  18 -> 184 gates (103.4s)
[ 623/1000] d=0.020 N=10 trial  22 -> 182 gates (97.3s)
[ 624/1000] d=0.020 N=10 trial  24 -> 188 gates (95.7s)
[ 625/1000] d=0.020 N=10 trial  25 -> 186 gates (93.3s)
[ 626/1000] d=0.020 N=10 trial  23 -> 192 gates (102.1s)
[ 627/1000] d=0.020 N=10 trial  29 -> 184 gates (82.5s)
[ 628/1000] d=0.020 N=10 trial  28 -> 186 gates (88.8s)
[ 629/1000] d=0.020 N=10 trial  30 -> 190 gates (82.7s)
[ 630/1000] d=0.020 N=10 trial  27 -> 188 gates (91.8s)
[ 631/1000] d=0.020 N=10 trial  33 -> 194 gates (83.2s)
[ 632/1000] d=0.020 N=10 trial  31 -> 182 gates (90.6s)
[ 633/1000] d=0.020 N=10 trial  32 -> 190 gates (97.5s)
[ 634/1000] d=0.020 N=10 trial  34 -> 194 gates (97.3s)
[ 635/1000] d=0.020 N=10 trial  36 -> 192 gates (92.7s)
[ 636/1000] d=0.020 N=10 trial  37 -> 192 gates (91.2s)
[ 637/1000] d=0.020 N=10 trial  35 -> 190 gates (100.5s)
[ 638/1000] d=0.020 N=10 trial  41 -> 194 gates (90.3s)
[ 639/1000] d=0.020 N=10 trial  45 -> 182 gates (82.6s)
[ 640/1000] d=0.020 N=10 trial  38 -> 184 gates (97.3s)
[ 641/1000] d=0.020 N=10 trial  39 -> 184 gates (98.1s)
[ 642/1000] d=0.020 N=10 trial  42 -> 182 gates (93.5s)
[ 643/1000] d=0.020 N=10 trial  40 -> 188 gates (98.8s)
[ 644/1000] d=0.020 N=10 trial  43 -> 188 gates (95.6s)
[ 645/1000] d=0.020 N=10 trial  47 -> 184 gates (82.5s)
[ 646/1000] d=0.020 N=10 trial  44 -> 184 gates (96.0s)
[ 647/1000] d=0.020 N=10 trial  49 -> 196 gates (82.9s)
[ 648/1000] d=0.020 N=10 trial  46 -> 188 gates (95.5s)
[ 649/1000] d=0.020 N=10 trial  52 -> 186 gates (88.6s)
[ 650/1000] d=0.020 N=10 trial  50 -> 194 gates (95.6s)
[ 651/1000] d=0.020 N=10 trial  51 -> 188 gates (96.9s)
[ 652/1000] d=0.020 N=10 trial  48 -> 180 gates (103.0s)
[ 653/1000] d=0.020 N=10 trial  53 -> 188 gates (94.2s)
[ 654/1000] d=0.020 N=10 trial  55 -> 194 gates (82.3s)
[ 655/1000] d=0.020 N=10 trial  54 -> 188 gates (99.8s)
[ 656/1000] d=0.020 N=10 trial  56 -> 184 gates (90.1s)
[ 657/1000] d=0.020 N=10 trial  59 -> 182 gates (83.3s)
[ 658/1000] d=0.020 N=10 trial  57 -> 192 gates (94.1s)
[ 659/1000] d=0.020 N=10 trial  58 -> 192 gates (95.7s)
[ 660/1000] d=0.020 N=10 trial  60 -> 192 gates (97.3s)
[ 661/1000] d=0.020 N=10 trial  64 -> 190 gates (82.2s)
[ 662/1000] d=0.020 N=10 trial  63 -> 184 gates (82.8s)
[ 663/1000] d=0.020 N=10 trial  62 -> 192 gates (93.7s)
[ 664/1000] d=0.020 N=10 trial  61 -> 186 gates (96.8s)
[ 665/1000] d=0.020 N=10 trial  67 -> 190 gates (82.9s)
[ 666/1000] d=0.020 N=10 trial  65 -> 194 gates (94.3s)
[ 667/1000] d=0.020 N=10 trial  66 -> 188 gates (90.5s)
[ 668/1000] d=0.020 N=10 trial  68 -> 194 gates (95.9s)
[ 669/1000] d=0.020 N=10 trial  70 -> 190 gates (92.9s)
[ 670/1000] d=0.020 N=10 trial  73 -> 182 gates (91.7s)
[ 671/1000] d=0.020 N=10 trial  69 -> 186 gates (97.9s)
[ 672/1000] d=0.020 N=10 trial  71 -> 186 gates (98.6s)
[ 673/1000] d=0.020 N=10 trial  74 -> 188 gates (95.0s)
[ 674/1000] d=0.020 N=10 trial  72 -> 186 gates (98.2s)
[ 675/1000] d=0.020 N=10 trial  75 -> 188 gates (94.1s)
[ 676/1000] d=0.020 N=10 trial  77 -> 196 gates (83.0s)
[ 677/1000] d=0.020 N=10 trial  76 -> 188 gates (98.2s)
[ 678/1000] d=0.020 N=10 trial  81 -> 182 gates (85.5s)
[ 679/1000] d=0.020 N=10 trial  78 -> 182 gates (92.6s)
[ 680/1000] d=0.020 N=10 trial  82 -> 186 gates (82.4s)
[ 681/1000] d=0.020 N=10 trial  80 -> 190 gates (95.5s)
[ 682/1000] d=0.020 N=10 trial  79 -> 190 gates (98.7s)
[ 683/1000] d=0.020 N=10 trial  83 -> 192 gates (93.0s)
[ 684/1000] d=0.020 N=10 trial  85 -> 194 gates (88.4s)
[ 685/1000] d=0.020 N=10 trial  84 -> 188 gates (96.8s)
[ 686/1000] d=0.020 N=10 trial  86 -> 184 gates (95.3s)
[ 687/1000] d=0.020 N=10 trial  87 -> 192 gates (96.4s)
[ 688/1000] d=0.020 N=10 trial  89 -> 184 gates (82.2s)
[ 689/1000] d=0.020 N=10 trial  88 -> 182 gates (91.8s)
[ 690/1000] d=0.020 N=10 trial  93 -> 198 gates (82.8s)
[ 691/1000] d=0.020 N=10 trial  90 -> 188 gates (94.2s)
[ 692/1000] d=0.020 N=10 trial  95 -> 194 gates (82.8s)
[ 693/1000] d=0.020 N=10 trial  91 -> 188 gates (97.1s)
[ 694/1000] d=0.020 N=10 trial  92 -> 190 gates (96.9s)
[ 695/1000] d=0.020 N=10 trial  94 -> 188 gates (97.8s)
[ 696/1000] d=0.020 N=10 trial  97 -> 186 gates (89.4s)
[ 697/1000] d=0.020 N=10 trial  98 -> 186 gates (90.8s)
[ 698/1000] d=0.020 N=10 trial  96 -> 186 gates (97.6s)
[ 699/1000] d=0.030 N=10 trial   4 -> 192 gates (85.6s)
[ 700/1000] d=0.030 N=10 trial   1 -> 192 gates (93.9s)
[ 701/1000] d=0.020 N=10 trial  99 -> 188 gates (99.9s)
[ 702/1000] d=0.030 N=10 trial   6 -> 194 gates (82.0s)
[ 703/1000] d=0.020 N=10 trial 100 -> 182 gates (99.2s)
[System] Config C04_d0.020_N10 complete -> files written
[ 704/1000] d=0.030 N=10 trial   7 -> 194 gates (82.0s)
[ 705/1000] d=0.030 N=10 trial   2 -> 190 gates (97.0s)
[ 706/1000] d=0.030 N=10 trial   8 -> 186 gates (82.0s)
[ 707/1000] d=0.030 N=10 trial   5 -> 198 gates (92.5s)
[ 708/1000] d=0.030 N=10 trial   3 -> 190 gates (99.9s)
[ 709/1000] d=0.030 N=10 trial   9 -> 202 gates (94.4s)
[ 710/1000] d=0.030 N=10 trial  10 -> 198 gates (94.4s)
[ 711/1000] d=0.030 N=10 trial  16 -> 190 gates (81.3s)
[ 712/1000] d=0.030 N=10 trial  11 -> 194 gates (101.3s)
[ 713/1000] d=0.030 N=10 trial  12 -> 192 gates (97.3s)
[ 714/1000] d=0.030 N=10 trial  13 -> 192 gates (93.4s)
[ 715/1000] d=0.030 N=10 trial  14 -> 198 gates (98.6s)
[ 716/1000] d=0.030 N=10 trial  19 -> 200 gates (82.3s)
[ 717/1000] d=0.030 N=10 trial  18 -> 196 gates (86.1s)
[ 718/1000] d=0.030 N=10 trial  15 -> 186 gates (98.6s)
[ 719/1000] d=0.030 N=10 trial  20 -> 194 gates (82.3s)
[ 720/1000] d=0.030 N=10 trial  17 -> 190 gates (96.9s)
[ 721/1000] d=0.030 N=10 trial  22 -> 194 gates (92.2s)
[ 722/1000] d=0.030 N=10 trial  21 -> 194 gates (98.3s)
[ 723/1000] d=0.030 N=10 trial  25 -> 192 gates (86.9s)
[ 724/1000] d=0.030 N=10 trial  24 -> 192 gates (92.4s)
[ 725/1000] d=0.030 N=10 trial  30 -> 190 gates (81.8s)
[ 726/1000] d=0.030 N=10 trial  32 -> 192 gates (81.8s)
[ 727/1000] d=0.030 N=10 trial  23 -> 194 gates (100.1s)
[ 728/1000] d=0.030 N=10 trial  34 -> 196 gates (81.9s)
[ 729/1000] d=0.030 N=10 trial  27 -> 192 gates (95.8s)
[ 730/1000] d=0.030 N=10 trial  28 -> 192 gates (93.7s)
[ 731/1000] d=0.030 N=10 trial  26 -> 194 gates (99.8s)
[ 732/1000] d=0.030 N=10 trial  31 -> 194 gates (92.3s)
[ 733/1000] d=0.030 N=10 trial  29 -> 198 gates (97.7s)
[ 734/1000] d=0.030 N=10 trial  33 -> 196 gates (94.5s)
[ 735/1000] d=0.030 N=10 trial  37 -> 192 gates (82.0s)
[ 736/1000] d=0.030 N=10 trial  35 -> 196 gates (96.7s)
[ 737/1000] d=0.030 N=10 trial  36 -> 196 gates (98.4s)
[ 738/1000] d=0.030 N=10 trial  38 -> 202 gates (85.0s)
[ 739/1000] d=0.030 N=10 trial  39 -> 194 gates (81.8s)
[ 740/1000] d=0.030 N=10 trial  40 -> 198 gates (93.7s)
[ 741/1000] d=0.030 N=10 trial  41 -> 192 gates (96.5s)
[ 742/1000] d=0.030 N=10 trial  47 -> 192 gates (81.9s)
[ 743/1000] d=0.030 N=10 trial  44 -> 192 gates (87.0s)
[ 744/1000] d=0.030 N=10 trial  45 -> 186 gates (87.3s)
[ 745/1000] d=0.030 N=10 trial  42 -> 192 gates (100.4s)
[ 746/1000] d=0.030 N=10 trial  48 -> 192 gates (89.8s)
[ 747/1000] d=0.030 N=10 trial  43 -> 196 gates (99.7s)
[ 748/1000] d=0.030 N=10 trial  46 -> 192 gates (97.2s)
[ 749/1000] d=0.030 N=10 trial  49 -> 190 gates (92.9s)
[ 750/1000] d=0.030 N=10 trial  54 -> 192 gates (85.3s)
[ 751/1000] d=0.030 N=10 trial  50 -> 186 gates (96.4s)
[ 752/1000] d=0.030 N=10 trial  55 -> 186 gates (86.6s)
[ 753/1000] d=0.030 N=10 trial  51 -> 192 gates (95.5s)
[ 754/1000] d=0.030 N=10 trial  53 -> 190 gates (92.1s)
[ 755/1000] d=0.030 N=10 trial  56 -> 198 gates (90.0s)
[ 756/1000] d=0.030 N=10 trial  59 -> 194 gates (84.2s)
[ 757/1000] d=0.030 N=10 trial  52 -> 202 gates (99.6s)
[ 758/1000] d=0.030 N=10 trial  63 -> 188 gates (81.7s)
[ 759/1000] d=0.030 N=10 trial  57 -> 196 gates (94.3s)
[ 760/1000] d=0.030 N=10 trial  60 -> 190 gates (91.6s)
[ 761/1000] d=0.030 N=10 trial  58 -> 194 gates (95.2s)
[ 762/1000] d=0.030 N=10 trial  66 -> 196 gates (81.9s)
[ 763/1000] d=0.030 N=10 trial  61 -> 196 gates (97.2s)
[ 764/1000] d=0.030 N=10 trial  62 -> 192 gates (98.4s)
[ 765/1000] d=0.030 N=10 trial  64 -> 192 gates (91.1s)
[ 766/1000] d=0.030 N=10 trial  67 -> 190 gates (81.5s)
[ 767/1000] d=0.030 N=10 trial  65 -> 198 gates (100.3s)
[ 768/1000] d=0.030 N=10 trial  72 -> 190 gates (82.1s)
[ 769/1000] d=0.030 N=10 trial  70 -> 196 gates (90.3s)
[ 770/1000] d=0.030 N=10 trial  68 -> 198 gates (97.3s)
[ 771/1000] d=0.030 N=10 trial  69 -> 190 gates (93.6s)
[ 772/1000] d=0.030 N=10 trial  71 -> 188 gates (98.3s)
[ 773/1000] d=0.030 N=10 trial  73 -> 194 gates (95.7s)
[ 774/1000] d=0.030 N=10 trial  77 -> 192 gates (81.8s)
[ 775/1000] d=0.030 N=10 trial  75 -> 198 gates (96.9s)
[ 776/1000] d=0.030 N=10 trial  74 -> 198 gates (98.8s)
[ 777/1000] d=0.030 N=10 trial  76 -> 188 gates (101.8s)
[ 778/1000] d=0.030 N=10 trial  80 -> 206 gates (81.9s)
[ 779/1000] d=0.030 N=10 trial  84 -> 190 gates (81.7s)
[ 780/1000] d=0.030 N=10 trial  78 -> 192 gates (93.8s)
[ 781/1000] d=0.030 N=10 trial  86 -> 196 gates (82.0s)
[ 782/1000] d=0.030 N=10 trial  79 -> 190 gates (97.4s)
[ 783/1000] d=0.030 N=10 trial  82 -> 192 gates (93.2s)
[ 784/1000] d=0.030 N=10 trial  88 -> 202 gates (82.5s)
[ 785/1000] d=0.030 N=10 trial  85 -> 186 gates (91.2s)
[ 786/1000] d=0.030 N=10 trial  81 -> 190 gates (97.5s)
[ 787/1000] d=0.030 N=10 trial  89 -> 194 gates (88.2s)
[ 788/1000] d=0.030 N=10 trial  83 -> 190 gates (99.4s)
[ 789/1000] d=0.030 N=10 trial  90 -> 190 gates (86.1s)
[ 790/1000] d=0.030 N=10 trial  87 -> 188 gates (100.7s)
[ 791/1000] d=0.030 N=10 trial  91 -> 188 gates (90.7s)
[ 792/1000] d=0.030 N=10 trial  93 -> 190 gates (94.3s)
[ 793/1000] d=0.030 N=10 trial  92 -> 190 gates (95.0s)
[ 794/1000] d=0.010 N=6  trial   2 -> 190 gates (50.6s)
[ 795/1000] d=0.030 N=10 trial  94 -> 198 gates (96.6s)
[ 796/1000] d=0.010 N=6  trial   1 -> 188 gates (62.0s)
[ 797/1000] d=0.030 N=10 trial  96 -> 196 gates (82.2s)
[ 798/1000] d=0.010 N=6  trial   6 -> 184 gates (50.4s)
[ 799/1000] d=0.010 N=6  trial   3 -> 184 gates (59.5s)
[ 800/1000] d=0.030 N=10 trial  95 -> 198 gates (98.5s)
[ 801/1000] d=0.010 N=6  trial   5 -> 182 gates (56.9s)
[ 802/1000] d=0.010 N=6  trial   4 -> 184 gates (61.3s)
[ 803/1000] d=0.010 N=6  trial   7 -> 188 gates (50.5s)
[ 804/1000] d=0.010 N=6  trial   9 -> 182 gates (50.6s)
[ 805/1000] d=0.010 N=6  trial   8 -> 190 gates (55.2s)
[ 806/1000] d=0.030 N=10 trial  99 -> 188 gates (92.2s)
[ 807/1000] d=0.010 N=6  trial  12 -> 188 gates (52.9s)
[ 808/1000] d=0.010 N=6  trial  13 -> 184 gates (52.4s)
[ 809/1000] d=0.030 N=10 trial  97 -> 188 gates (96.8s)
[ 810/1000] d=0.010 N=6  trial  15 -> 180 gates (50.5s)
[ 811/1000] d=0.010 N=6  trial  10 -> 184 gates (57.5s)
[ 812/1000] d=0.010 N=6  trial  11 -> 182 gates (59.7s)
[ 813/1000] d=0.010 N=6  trial  14 -> 186 gates (58.7s)
[ 814/1000] d=0.030 N=10 trial 100 -> 200 gates (94.5s)
[ 815/1000] d=0.030 N=10 trial  98 -> 192 gates (103.2s)
[System] Config C05_d0.030_N10 complete -> files written
[ 816/1000] d=0.010 N=6  trial  17 -> 182 gates (59.5s)
[ 817/1000] d=0.010 N=6  trial  16 -> 188 gates (64.9s)
[ 818/1000] d=0.010 N=6  trial  19 -> 192 gates (59.7s)
[ 819/1000] d=0.010 N=6  trial  18 -> 184 gates (60.6s)
[ 820/1000] d=0.010 N=6  trial  20 -> 188 gates (58.9s)
[ 821/1000] d=0.010 N=6  trial  22 -> 186 gates (57.1s)
[ 822/1000] d=0.010 N=6  trial  23 -> 182 gates (56.0s)
[ 823/1000] d=0.010 N=6  trial  25 -> 186 gates (50.5s)
[ 824/1000] d=0.010 N=6  trial  26 -> 186 gates (50.7s)
[ 825/1000] d=0.010 N=6  trial  21 -> 180 gates (62.9s)
[ 826/1000] d=0.010 N=6  trial  27 -> 186 gates (50.6s)
[ 827/1000] d=0.010 N=6  trial  31 -> 192 gates (50.5s)
[ 828/1000] d=0.010 N=6  trial  24 -> 178 gates (61.3s)
[ 829/1000] d=0.010 N=6  trial  29 -> 190 gates (56.0s)
[ 830/1000] d=0.010 N=6  trial  28 -> 182 gates (60.7s)
[ 831/1000] d=0.010 N=6  trial  32 -> 188 gates (50.7s)
[ 832/1000] d=0.010 N=6  trial  30 -> 184 gates (59.4s)
[ 833/1000] d=0.010 N=6  trial  33 -> 186 gates (50.4s)
[ 834/1000] d=0.010 N=6  trial  34 -> 186 gates (50.9s)
[ 835/1000] d=0.010 N=6  trial  36 -> 190 gates (56.1s)
[ 836/1000] d=0.010 N=6  trial  35 -> 186 gates (57.3s)
[ 837/1000] d=0.010 N=6  trial  37 -> 182 gates (57.5s)
[ 838/1000] d=0.010 N=6  trial  38 -> 182 gates (57.2s)
[ 839/1000] d=0.010 N=6  trial  39 -> 188 gates (57.3s)
[ 840/1000] d=0.010 N=6  trial  44 -> 190 gates (50.5s)
[ 841/1000] d=0.010 N=6  trial  40 -> 188 gates (59.9s)
[ 842/1000] d=0.010 N=6  trial  41 -> 190 gates (59.7s)
[ 843/1000] d=0.010 N=6  trial  42 -> 188 gates (58.9s)
[ 844/1000] d=0.010 N=6  trial  43 -> 186 gates (62.4s)
[ 845/1000] d=0.010 N=6  trial  45 -> 186 gates (57.8s)
[ 846/1000] d=0.010 N=6  trial  46 -> 186 gates (58.0s)
[ 847/1000] d=0.010 N=6  trial  51 -> 186 gates (50.8s)
[ 848/1000] d=0.010 N=6  trial  47 -> 190 gates (59.8s)
[ 849/1000] d=0.010 N=6  trial  48 -> 190 gates (58.9s)
[ 850/1000] d=0.010 N=6  trial  54 -> 182 gates (54.7s)
[ 851/1000] d=0.010 N=6  trial  55 -> 184 gates (50.9s)
[ 852/1000] d=0.010 N=6  trial  52 -> 174 gates (56.6s)
[ 853/1000] d=0.010 N=6  trial  50 -> 184 gates (59.2s)
[ 854/1000] d=0.010 N=6  trial  49 -> 184 gates (61.9s)
[ 855/1000] d=0.010 N=6  trial  53 -> 188 gates (60.7s)
[ 856/1000] d=0.010 N=6  trial  56 -> 190 gates (58.7s)
[ 857/1000] d=0.010 N=6  trial  59 -> 188 gates (50.7s)
[ 858/1000] d=0.010 N=6  trial  61 -> 184 gates (53.1s)
[ 859/1000] d=0.010 N=6  trial  58 -> 190 gates (55.4s)
[ 860/1000] d=0.010 N=6  trial  62 -> 194 gates (50.9s)
[ 861/1000] d=0.010 N=6  trial  57 -> 184 gates (60.1s)
[ 862/1000] d=0.010 N=6  trial  63 -> 188 gates (50.6s)
[ 863/1000] d=0.010 N=6  trial  60 -> 188 gates (61.0s)
[ 864/1000] d=0.010 N=6  trial  64 -> 184 gates (50.8s)
[ 865/1000] d=0.010 N=6  trial  65 -> 190 gates (56.8s)
[ 866/1000] d=0.010 N=6  trial  66 -> 188 gates (56.3s)
[ 867/1000] d=0.010 N=6  trial  69 -> 184 gates (52.4s)
[ 868/1000] d=0.010 N=6  trial  67 -> 188 gates (60.8s)
[ 869/1000] d=0.010 N=6  trial  68 -> 188 gates (57.5s)
[ 870/1000] d=0.010 N=6  trial  71 -> 184 gates (58.4s)
[ 871/1000] d=0.010 N=6  trial  70 -> 192 gates (61.0s)
[ 872/1000] d=0.010 N=6  trial  73 -> 184 gates (55.4s)
[ 873/1000] d=0.010 N=6  trial  72 -> 188 gates (61.4s)
[ 874/1000] d=0.010 N=6  trial  75 -> 182 gates (52.3s)
[ 875/1000] d=0.010 N=6  trial  76 -> 182 gates (55.4s)
[ 876/1000] d=0.010 N=6  trial  81 -> 184 gates (50.4s)
[ 877/1000] d=0.010 N=6  trial  74 -> 190 gates (60.9s)
[ 878/1000] d=0.010 N=6  trial  78 -> 188 gates (56.3s)
[ 879/1000] d=0.010 N=6  trial  77 -> 184 gates (58.6s)
[ 880/1000] d=0.010 N=6  trial  79 -> 184 gates (57.5s)
[ 881/1000] d=0.010 N=6  trial  85 -> 184 gates (50.6s)
[ 882/1000] d=0.010 N=6  trial  80 -> 180 gates (59.0s)
[ 883/1000] d=0.010 N=6  trial  82 -> 184 gates (59.9s)
[ 884/1000] d=0.010 N=6  trial  83 -> 184 gates (58.5s)
[ 885/1000] d=0.010 N=6  trial  88 -> 180 gates (50.8s)
[ 886/1000] d=0.010 N=6  trial  84 -> 188 gates (57.6s)
[ 887/1000] d=0.010 N=6  trial  86 -> 186 gates (54.7s)
[ 888/1000] d=0.010 N=6  trial  87 -> 186 gates (56.3s)
[ 889/1000] d=0.010 N=6  trial  89 -> 184 gates (55.8s)
[ 890/1000] d=0.010 N=6  trial  92 -> 186 gates (51.9s)
[ 891/1000] d=0.010 N=6  trial  90 -> 190 gates (56.4s)
[ 892/1000] d=0.010 N=6  trial  91 -> 188 gates (60.9s)
[ 893/1000] d=0.010 N=6  trial  95 -> 184 gates (50.5s)
[ 894/1000] d=0.010 N=6  trial  94 -> 182 gates (56.9s)
[ 895/1000] d=0.010 N=6  trial  93 -> 186 gates (60.7s)
[ 896/1000] d=0.010 N=6  trial  98 -> 188 gates (54.5s)
[ 897/1000] d=0.010 N=6  trial  96 -> 186 gates (59.1s)
[ 898/1000] d=0.010 N=6  trial 100 -> 184 gates (50.4s)
[ 899/1000] d=0.010 N=6  trial  97 -> 184 gates (60.8s)
[ 900/1000] d=0.010 N=6  trial  99 -> 186 gates (58.0s)
[System] Config C09_d0.010_N6 complete -> files written
[ 901/1000] d=0.020 N=6  trial   4 -> 192 gates (49.3s)
[ 902/1000] d=0.020 N=6  trial   2 -> 190 gates (56.4s)
[ 903/1000] d=0.020 N=6  trial   1 -> 190 gates (62.1s)
[ 904/1000] d=0.020 N=6  trial   8 -> 186 gates (49.3s)
[ 905/1000] d=0.020 N=6  trial   5 -> 196 gates (56.1s)
[ 906/1000] d=0.020 N=6  trial   3 -> 192 gates (61.0s)
[ 907/1000] d=0.020 N=6  trial   6 -> 198 gates (56.4s)
[ 908/1000] d=0.020 N=6  trial  13 -> 190 gates (49.9s)
[ 909/1000] d=0.020 N=6  trial   7 -> 194 gates (58.4s)
[ 910/1000] d=0.020 N=6  trial  15 -> 190 gates (49.3s)
[ 911/1000] d=0.020 N=6  trial  10 -> 188 gates (58.6s)
[ 912/1000] d=0.020 N=6  trial  14 -> 192 gates (53.5s)
[ 913/1000] d=0.020 N=6  trial  17 -> 198 gates (49.7s)
[ 914/1000] d=0.020 N=6  trial   9 -> 192 gates (60.5s)
[ 915/1000] d=0.020 N=6  trial  11 -> 192 gates (56.7s)
[ 916/1000] d=0.020 N=6  trial  12 -> 198 gates (57.2s)
[ 917/1000] d=0.020 N=6  trial  16 -> 204 gates (57.0s)
[ 918/1000] d=0.020 N=6  trial  21 -> 192 gates (49.5s)
[ 919/1000] d=0.020 N=6  trial  18 -> 188 gates (59.7s)
[ 920/1000] d=0.020 N=6  trial  19 -> 190 gates (57.8s)
[ 921/1000] d=0.020 N=6  trial  23 -> 190 gates (49.6s)
[ 922/1000] d=0.020 N=6  trial  20 -> 188 gates (59.2s)
[ 923/1000] d=0.020 N=6  trial  22 -> 188 gates (57.0s)
[ 924/1000] d=0.020 N=6  trial  26 -> 194 gates (49.3s)
[ 925/1000] d=0.020 N=6  trial  25 -> 194 gates (57.3s)
[ 926/1000] d=0.020 N=6  trial  24 -> 196 gates (58.4s)
[ 927/1000] d=0.020 N=6  trial  29 -> 200 gates (50.4s)
[ 928/1000] d=0.020 N=6  trial  27 -> 182 gates (58.6s)
[ 929/1000] d=0.020 N=6  trial  32 -> 194 gates (49.5s)
[ 930/1000] d=0.020 N=6  trial  28 -> 196 gates (60.3s)
[ 931/1000] d=0.020 N=6  trial  30 -> 192 gates (56.9s)
[ 932/1000] d=0.020 N=6  trial  36 -> 194 gates (49.9s)
[ 933/1000] d=0.020 N=6  trial  33 -> 190 gates (54.8s)
[ 934/1000] d=0.020 N=6  trial  38 -> 196 gates (49.4s)
[ 935/1000] d=0.020 N=6  trial  35 -> 194 gates (53.6s)
[ 936/1000] d=0.020 N=6  trial  34 -> 186 gates (55.6s)
[ 937/1000] d=0.020 N=6  trial  31 -> 192 gates (61.5s)
[ 938/1000] d=0.020 N=6  trial  41 -> 190 gates (49.6s)
[ 939/1000] d=0.020 N=6  trial  39 -> 196 gates (55.8s)
[ 940/1000] d=0.020 N=6  trial  37 -> 200 gates (60.4s)
[ 941/1000] d=0.020 N=6  trial  44 -> 198 gates (56.3s)
[ 942/1000] d=0.020 N=6  trial  40 -> 196 gates (57.9s)
[ 943/1000] d=0.020 N=6  trial  42 -> 196 gates (57.8s)
[ 944/1000] d=0.020 N=6  trial  43 -> 188 gates (57.8s)
[ 945/1000] d=0.020 N=6  trial  46 -> 190 gates (49.5s)
[ 946/1000] d=0.020 N=6  trial  45 -> 200 gates (59.8s)
[ 947/1000] d=0.020 N=6  trial  47 -> 188 gates (55.6s)
[ 948/1000] d=0.020 N=6  trial  49 -> 192 gates (49.5s)
[ 949/1000] d=0.020 N=6  trial  48 -> 200 gates (58.5s)
[ 950/1000] d=0.020 N=6  trial  50 -> 200 gates (58.1s)
[ 951/1000] d=0.020 N=6  trial  52 -> 188 gates (53.6s)
[ 952/1000] d=0.020 N=6  trial  51 -> 190 gates (55.3s)
[ 953/1000] d=0.020 N=6  trial  53 -> 196 gates (56.1s)
[ 954/1000] d=0.020 N=6  trial  57 -> 188 gates (49.2s)
[ 955/1000] d=0.020 N=6  trial  55 -> 192 gates (55.8s)
[ 956/1000] d=0.020 N=6  trial  54 -> 202 gates (57.8s)
[ 957/1000] d=0.020 N=6  trial  56 -> 202 gates (56.2s)
[ 958/1000] d=0.020 N=6  trial  58 -> 196 gates (52.0s)
[ 959/1000] d=0.020 N=6  trial  60 -> 190 gates (49.8s)
[ 960/1000] d=0.020 N=6  trial  59 -> 188 gates (57.5s)
[ 961/1000] d=0.020 N=6  trial  62 -> 192 gates (54.5s)
[ 962/1000] d=0.020 N=6  trial  61 -> 192 gates (57.8s)
[ 963/1000] d=0.020 N=6  trial  66 -> 188 gates (54.0s)
[ 964/1000] d=0.020 N=6  trial  64 -> 186 gates (57.0s)
[ 965/1000] d=0.020 N=6  trial  63 -> 194 gates (59.8s)
[ 966/1000] d=0.020 N=6  trial  71 -> 184 gates (49.5s)
[ 967/1000] d=0.020 N=6  trial  68 -> 196 gates (51.5s)
[ 968/1000] d=0.020 N=6  trial  65 -> 194 gates (61.2s)
[ 969/1000] d=0.020 N=6  trial  73 -> 194 gates (51.5s)
[ 970/1000] d=0.020 N=6  trial  67 -> 182 gates (60.0s)
[ 971/1000] d=0.020 N=6  trial  72 -> 196 gates (57.3s)
[ 972/1000] d=0.020 N=6  trial  76 -> 190 gates (49.5s)
[ 973/1000] d=0.020 N=6  trial  70 -> 194 gates (59.2s)
[ 974/1000] d=0.020 N=6  trial  69 -> 198 gates (60.0s)
[ 975/1000] d=0.020 N=6  trial  77 -> 182 gates (49.5s)
[ 976/1000] d=0.020 N=6  trial  74 -> 190 gates (56.9s)
[ 977/1000] d=0.020 N=6  trial  75 -> 192 gates (59.9s)
[ 978/1000] d=0.020 N=6  trial  80 -> 196 gates (51.0s)
[ 979/1000] d=0.020 N=6  trial  78 -> 190 gates (55.7s)
[ 980/1000] d=0.020 N=6  trial  79 -> 188 gates (56.5s)
[ 981/1000] d=0.020 N=6  trial  82 -> 190 gates (50.2s)
[ 982/1000] d=0.020 N=6  trial  81 -> 198 gates (54.1s)
[ 983/1000] d=0.020 N=6  trial  85 -> 194 gates (50.0s)
[ 984/1000] d=0.020 N=6  trial  84 -> 192 gates (53.1s)
[ 985/1000] d=0.020 N=6  trial  83 -> 188 gates (53.8s)
[ 986/1000] d=0.020 N=6  trial  87 -> 198 gates (50.5s)
[ 987/1000] d=0.020 N=6  trial  86 -> 196 gates (54.3s)
[ 988/1000] d=0.020 N=6  trial  88 -> 198 gates (52.3s)
[ 989/1000] d=0.020 N=6  trial  89 -> 192 gates (50.0s)
[ 990/1000] d=0.020 N=6  trial  90 -> 184 gates (48.8s)
[ 991/1000] d=0.020 N=6  trial  91 -> 190 gates (50.3s)
[ 992/1000] d=0.020 N=6  trial  92 -> 186 gates (48.9s)
[ 993/1000] d=0.020 N=6  trial  95 -> 196 gates (46.6s)
[ 994/1000] d=0.020 N=6  trial  93 -> 186 gates (47.7s)
[ 995/1000] d=0.020 N=6  trial  94 -> 190 gates (48.0s)
[ 996/1000] d=0.020 N=6  trial  96 -> 194 gates (46.5s)
[ 997/1000] d=0.020 N=6  trial  97 -> 198 gates (45.5s)
[ 998/1000] d=0.020 N=6  trial  99 -> 184 gates (42.9s)
[ 999/1000] d=0.020 N=6  trial  98 -> 186 gates (44.0s)
[1000/1000] d=0.020 N=6  trial 100 -> 184 gates (42.3s)
[System] Config C10_d0.020_N6 complete -> files written

        config  delta_theta  num_neighbors  final_avg_gates  final_std  best_gates  worst_gates  median_gates  avg_time_s
C06_d0.010_N20        0.010             20           183.42      2.776         176          192         184.0      189.00
C02_d0.010_N10        0.010             10           183.70      3.051         176          190         184.0       94.02
C07_d0.015_N20        0.015             20           183.92      3.719         178          194         184.0      188.01
C08_d0.020_N20        0.020             20           184.74      3.596         176          194         184.0      186.47
C03_d0.015_N10        0.015             10           185.52      3.276         178          192         186.0       93.04
 C09_d0.010_N6        0.010              6           185.76      3.326         174          194         186.0       56.33
C01_d0.005_N10        0.005             10           185.92      2.667         180          194         186.0       95.80
C04_d0.020_N10        0.020             10           188.44      4.360         178          198         188.0       92.47
 C10_d0.020_N6        0.020              6           192.26      4.780         182          204         192.0       54.01
C05_d0.030_N10        0.030             10           193.18      4.080         186          206         192.0       91.80

[System] All results in: param_sweep\6bit_p1
[Plot] Wrote convergence_facets.pdf/png, convergence_all.pdf/png and convergence_data.csv to param_sweep\6bit_p1 (10 configs)
