[Cache] Reused b=0.45, a:2.0->0.0 (p=1.0) from earlier sweep (100 trials, no recompute needed)
[Cache] Reused b=0.30, a:2.0->0.0 (p=1.0) from earlier sweep (100 trials, no recompute needed)
[System] 10 configs (N=10 fixed) x 100 trials x 3000 iters | 2 cached, 8 to run (800 new trials) on 28 workers
[System] Live progress: param_sweep\6bit_p1_WOA_ab\progress.txt
[ 201/1000] b=0.45, a:3.0->0.0 (p=1.0) trial  26 -> 210 gates (40.4s)
[ 202/1000] b=0.45, a:3.0->0.0 (p=1.0) trial  17 -> 220 gates (41.3s)
[ 203/1000] b=0.45, a:3.0->0.0 (p=1.0) trial  21 -> 212 gates (41.4s)
[ 204/1000] b=0.45, a:3.0->0.0 (p=1.0) trial   5 -> 224 gates (41.7s)
[ 205/1000] b=0.45, a:3.0->0.0 (p=1.0) trial  13 -> 220 gates (41.7s)
[ 206/1000] b=0.45, a:3.0->0.0 (p=1.0) trial  15 -> 218 gates (41.9s)
[ 207/1000] b=0.45, a:3.0->0.0 (p=1.0) trial  14 -> 222 gates (42.1s)
[ 208/1000] b=0.45, a:3.0->0.0 (p=1.0) trial  18 -> 222 gates (42.1s)
[ 209/1000] b=0.45, a:3.0->0.0 (p=1.0) trial  22 -> 224 gates (42.2s)
[ 210/1000] b=0.45, a:3.0->0.0 (p=1.0) trial  23 -> 220 gates (42.3s)
[ 211/1000] b=0.45, a:3.0->0.0 (p=1.0) trial   6 -> 224 gates (42.5s)
[ 212/1000] b=0.45, a:3.0->0.0 (p=1.0) trial  16 -> 216 gates (43.1s)
[ 213/1000] b=0.45, a:3.0->0.0 (p=1.0) trial  28 -> 214 gates (43.1s)
[ 214/1000] b=0.45, a:3.0->0.0 (p=1.0) trial  10 -> 216 gates (43.7s)
[ 215/1000] b=0.45, a:3.0->0.0 (p=1.0) trial   9 -> 216 gates (43.8s)
[ 216/1000] b=0.45, a:3.0->0.0 (p=1.0) trial  24 -> 212 gates (44.0s)
[ 217/1000] b=0.45, a:3.0->0.0 (p=1.0) trial   8 -> 218 gates (44.3s)
[ 218/1000] b=0.45, a:3.0->0.0 (p=1.0) trial  27 -> 214 gates (44.5s)
[ 219/1000] b=0.45, a:3.0->0.0 (p=1.0) trial  12 -> 226 gates (45.8s)
[ 220/1000] b=0.45, a:3.0->0.0 (p=1.0) trial   3 -> 214 gates (46.4s)
[ 221/1000] b=0.45, a:3.0->0.0 (p=1.0) trial   7 -> 212 gates (46.3s)
[ 222/1000] b=0.45, a:3.0->0.0 (p=1.0) trial  11 -> 218 gates (47.4s)
[ 223/1000] b=0.45, a:3.0->0.0 (p=1.0) trial   4 -> 218 gates (47.5s)
[ 224/1000] b=0.45, a:3.0->0.0 (p=1.0) trial  25 -> 216 gates (47.4s)
[ 225/1000] b=0.45, a:3.0->0.0 (p=1.0) trial  19 -> 218 gates (47.4s)
[ 226/1000] b=0.45, a:3.0->0.0 (p=1.0) trial  20 -> 212 gates (47.5s)
[ 227/1000] b=0.45, a:3.0->0.0 (p=1.0) trial   1 -> 224 gates (47.9s)
[ 228/1000] b=0.45, a:3.0->0.0 (p=1.0) trial   2 -> 210 gates (48.2s)
[ 229/1000] b=0.45, a:3.0->0.0 (p=1.0) trial  29 -> 214 gates (42.0s)
[ 230/1000] b=0.45, a:3.0->0.0 (p=1.0) trial  32 -> 212 gates (41.5s)
[ 231/1000] b=0.45, a:3.0->0.0 (p=1.0) trial  36 -> 226 gates (41.9s)
[ 232/1000] b=0.45, a:3.0->0.0 (p=1.0) trial  31 -> 220 gates (42.7s)
[ 233/1000] b=0.45, a:3.0->0.0 (p=1.0) trial  38 -> 210 gates (42.4s)
[ 234/1000] b=0.45, a:3.0->0.0 (p=1.0) trial  30 -> 218 gates (43.4s)
[ 235/1000] b=0.45, a:3.0->0.0 (p=1.0) trial  33 -> 212 gates (43.2s)
[ 236/1000] b=0.45, a:3.0->0.0 (p=1.0) trial  41 -> 214 gates (41.7s)
[ 237/1000] b=0.45, a:3.0->0.0 (p=1.0) trial  39 -> 226 gates (43.4s)
[ 238/1000] b=0.45, a:3.0->0.0 (p=1.0) trial  46 -> 208 gates (41.3s)
[ 239/1000] b=0.45, a:3.0->0.0 (p=1.0) trial  42 -> 228 gates (42.3s)
[ 240/1000] b=0.45, a:3.0->0.0 (p=1.0) trial  34 -> 226 gates (44.3s)
[ 241/1000] b=0.45, a:3.0->0.0 (p=1.0) trial  37 -> 222 gates (44.0s)
[ 242/1000] b=0.45, a:3.0->0.0 (p=1.0) trial  43 -> 224 gates (43.2s)
[ 243/1000] b=0.45, a:3.0->0.0 (p=1.0) trial  44 -> 226 gates (43.1s)
[ 244/1000] b=0.45, a:3.0->0.0 (p=1.0) trial  40 -> 218 gates (44.4s)
[ 245/1000] b=0.45, a:3.0->0.0 (p=1.0) trial  45 -> 214 gates (43.3s)
[ 246/1000] b=0.45, a:3.0->0.0 (p=1.0) trial  48 -> 218 gates (41.8s)
[ 247/1000] b=0.45, a:3.0->0.0 (p=1.0) trial  47 -> 220 gates (43.0s)
[ 248/1000] b=0.45, a:3.0->0.0 (p=1.0) trial  35 -> 208 gates (47.4s)
[ 249/1000] b=0.45, a:3.0->0.0 (p=1.0) trial  56 -> 214 gates (43.4s)
[ 250/1000] b=0.45, a:3.0->0.0 (p=1.0) trial  49 -> 218 gates (47.4s)
[ 251/1000] b=0.45, a:3.0->0.0 (p=1.0) trial  50 -> 218 gates (47.3s)
[ 252/1000] b=0.45, a:3.0->0.0 (p=1.0) trial  53 -> 222 gates (47.3s)
[ 253/1000] b=0.45, a:3.0->0.0 (p=1.0) trial  51 -> 224 gates (47.7s)
[ 254/1000] b=0.45, a:3.0->0.0 (p=1.0) trial  55 -> 224 gates (47.3s)
[ 255/1000] b=0.45, a:3.0->0.0 (p=1.0) trial  54 -> 216 gates (47.6s)
[ 256/1000] b=0.45, a:3.0->0.0 (p=1.0) trial  52 -> 222 gates (47.8s)
[ 257/1000] b=0.45, a:3.0->0.0 (p=1.0) trial  57 -> 226 gates (41.5s)
[ 258/1000] b=0.45, a:3.0->0.0 (p=1.0) trial  59 -> 218 gates (41.2s)
[ 259/1000] b=0.45, a:3.0->0.0 (p=1.0) trial  58 -> 214 gates (42.6s)
[ 260/1000] b=0.45, a:3.0->0.0 (p=1.0) trial  61 -> 220 gates (43.1s)
[ 261/1000] b=0.45, a:3.0->0.0 (p=1.0) trial  72 -> 220 gates (40.6s)
[ 262/1000] b=0.45, a:3.0->0.0 (p=1.0) trial  68 -> 226 gates (41.9s)
[ 263/1000] b=0.45, a:3.0->0.0 (p=1.0) trial  65 -> 218 gates (42.9s)
[ 264/1000] b=0.45, a:3.0->0.0 (p=1.0) trial  67 -> 216 gates (43.1s)
[ 265/1000] b=0.45, a:3.0->0.0 (p=1.0) trial  64 -> 224 gates (44.1s)
[ 266/1000] b=0.45, a:3.0->0.0 (p=1.0) trial  60 -> 220 gates (44.9s)
[ 267/1000] b=0.45, a:3.0->0.0 (p=1.0) trial  70 -> 220 gates (42.5s)
[ 268/1000] b=0.45, a:3.0->0.0 (p=1.0) trial  73 -> 226 gates (41.9s)
[ 269/1000] b=0.45, a:3.0->0.0 (p=1.0) trial  69 -> 222 gates (43.3s)
[ 270/1000] b=0.45, a:3.0->0.0 (p=1.0) trial  66 -> 218 gates (43.9s)
[ 271/1000] b=0.45, a:3.0->0.0 (p=1.0) trial  62 -> 224 gates (45.0s)
[ 272/1000] b=0.45, a:3.0->0.0 (p=1.0) trial  71 -> 222 gates (43.8s)
[ 273/1000] b=0.45, a:3.0->0.0 (p=1.0) trial  75 -> 228 gates (42.7s)
[ 274/1000] b=0.45, a:3.0->0.0 (p=1.0) trial  63 -> 222 gates (47.1s)
[ 275/1000] b=0.45, a:3.0->0.0 (p=1.0) trial  77 -> 214 gates (41.9s)
[ 276/1000] b=0.45, a:3.0->0.0 (p=1.0) trial  74 -> 220 gates (45.6s)
[ 277/1000] b=0.45, a:3.0->0.0 (p=1.0) trial  76 -> 224 gates (47.4s)
[ 278/1000] b=0.45, a:3.0->0.0 (p=1.0) trial  79 -> 220 gates (42.1s)
[ 279/1000] b=0.45, a:3.0->0.0 (p=1.0) trial  81 -> 216 gates (43.0s)
[ 280/1000] b=0.45, a:3.0->0.0 (p=1.0) trial  80 -> 210 gates (43.5s)
[ 281/1000] b=0.45, a:3.0->0.0 (p=1.0) trial  78 -> 218 gates (46.7s)
[ 282/1000] b=0.45, a:3.0->0.0 (p=1.0) trial  84 -> 216 gates (47.3s)
[ 283/1000] b=0.45, a:3.0->0.0 (p=1.0) trial  82 -> 214 gates (47.6s)
[ 284/1000] b=0.45, a:3.0->0.0 (p=1.0) trial  83 -> 218 gates (48.4s)
[ 285/1000] b=0.45, a:3.0->0.0 (p=1.0) trial  85 -> 218 gates (41.3s)
[ 286/1000] b=0.45, a:3.0->0.0 (p=1.0) trial  87 -> 218 gates (42.7s)
[ 287/1000] b=0.45, a:3.0->0.0 (p=1.0) trial  86 -> 210 gates (43.7s)
[ 288/1000] b=0.45, a:3.0->0.0 (p=1.0) trial  88 -> 206 gates (41.4s)
[ 289/1000] b=0.45, a:3.0->0.0 (p=1.0) trial  91 -> 218 gates (42.0s)
[ 290/1000] b=0.45, a:3.0->0.0 (p=1.0) trial  93 -> 218 gates (41.8s)
[ 291/1000] b=0.45, a:3.0->0.0 (p=1.0) trial  96 -> 220 gates (42.1s)
[ 292/1000] b=0.45, a:3.0->0.0 (p=1.0) trial  98 -> 220 gates (42.8s)
[ 293/1000] b=0.45, a:3.0->0.0 (p=1.0) trial  97 -> 208 gates (42.9s)
[ 294/1000] b=0.45, a:3.0->0.0 (p=1.0) trial  92 -> 222 gates (43.7s)
[ 295/1000] b=0.45, a:3.0->0.0 (p=1.0) trial  95 -> 208 gates (43.5s)
[ 296/1000] b=0.45, a:3.0->0.0 (p=1.0) trial  90 -> 210 gates (45.7s)
[ 297/1000] b=0.45, a:3.0->0.0 (p=1.0) trial  99 -> 218 gates (44.0s)
[ 298/1000] b=0.45, a:3.0->0.0 (p=1.0) trial 100 -> 214 gates (43.0s)
[ 299/1000] b=0.45, a:3.0->0.0 (p=1.0) trial  89 -> 228 gates (46.5s)
[ 300/1000] b=0.45, a:1.0->0.0 (p=1.0) trial   1 -> 218 gates (43.8s)
[ 301/1000] b=0.45, a:3.0->0.0 (p=1.0) trial  94 -> 206 gates (47.1s)
[System] Config C02_b0.45_as3.0_ap1.0_N10 complete -> files written
[ 302/1000] b=0.45, a:1.0->0.0 (p=1.0) trial   3 -> 208 gates (44.2s)
[ 303/1000] b=0.45, a:1.0->0.0 (p=1.0) trial   2 -> 198 gates (47.9s)
[ 304/1000] b=0.45, a:1.0->0.0 (p=1.0) trial   6 -> 216 gates (43.2s)
[ 305/1000] b=0.45, a:1.0->0.0 (p=1.0) trial   8 -> 230 gates (41.9s)
[ 306/1000] b=0.45, a:1.0->0.0 (p=1.0) trial   7 -> 208 gates (42.2s)
[ 307/1000] b=0.45, a:1.0->0.0 (p=1.0) trial   4 -> 210 gates (47.3s)
[ 308/1000] b=0.45, a:1.0->0.0 (p=1.0) trial   9 -> 214 gates (43.1s)
[ 309/1000] b=0.45, a:1.0->0.0 (p=1.0) trial   5 -> 218 gates (47.5s)
[ 310/1000] b=0.45, a:1.0->0.0 (p=1.0) trial  11 -> 222 gates (44.8s)
[ 311/1000] b=0.45, a:1.0->0.0 (p=1.0) trial  12 -> 226 gates (46.1s)
[ 312/1000] b=0.45, a:1.0->0.0 (p=1.0) trial  10 -> 210 gates (47.2s)
[ 313/1000] b=0.45, a:1.0->0.0 (p=1.0) trial  13 -> 210 gates (43.7s)
[ 314/1000] b=0.45, a:1.0->0.0 (p=1.0) trial  15 -> 214 gates (40.6s)
[ 315/1000] b=0.45, a:1.0->0.0 (p=1.0) trial  14 -> 230 gates (44.0s)
[ 316/1000] b=0.45, a:1.0->0.0 (p=1.0) trial  16 -> 220 gates (45.0s)
[ 317/1000] b=0.45, a:1.0->0.0 (p=1.0) trial  17 -> 216 gates (43.6s)
[ 318/1000] b=0.45, a:1.0->0.0 (p=1.0) trial  24 -> 218 gates (41.5s)
[ 319/1000] b=0.45, a:1.0->0.0 (p=1.0) trial  23 -> 232 gates (42.6s)
[ 320/1000] b=0.45, a:1.0->0.0 (p=1.0) trial  18 -> 222 gates (44.7s)
[ 321/1000] b=0.45, a:1.0->0.0 (p=1.0) trial  19 -> 210 gates (44.0s)
[ 322/1000] b=0.45, a:1.0->0.0 (p=1.0) trial  22 -> 216 gates (43.2s)
[ 323/1000] b=0.45, a:1.0->0.0 (p=1.0) trial  25 -> 216 gates (43.8s)
[ 324/1000] b=0.45, a:1.0->0.0 (p=1.0) trial  26 -> 226 gates (44.0s)
[ 325/1000] b=0.45, a:1.0->0.0 (p=1.0) trial  28 -> 228 gates (43.8s)
[ 326/1000] b=0.45, a:1.0->0.0 (p=1.0) trial  30 -> 226 gates (42.1s)
[ 327/1000] b=0.45, a:1.0->0.0 (p=1.0) trial  21 -> 214 gates (48.4s)
[ 328/1000] b=0.45, a:1.0->0.0 (p=1.0) trial  20 -> 216 gates (48.5s)
[ 329/1000] b=0.45, a:1.0->0.0 (p=1.0) trial  31 -> 226 gates (41.4s)
[ 330/1000] b=0.45, a:1.0->0.0 (p=1.0) trial  34 -> 224 gates (42.8s)
[ 331/1000] b=0.45, a:1.0->0.0 (p=1.0) trial  27 -> 210 gates (48.8s)
[ 332/1000] b=0.45, a:1.0->0.0 (p=1.0) trial  33 -> 214 gates (43.4s)
[ 333/1000] b=0.45, a:1.0->0.0 (p=1.0) trial  32 -> 216 gates (44.5s)
[ 334/1000] b=0.45, a:1.0->0.0 (p=1.0) trial  29 -> 222 gates (48.7s)
[ 335/1000] b=0.45, a:1.0->0.0 (p=1.0) trial  35 -> 212 gates (49.1s)
[ 336/1000] b=0.45, a:1.0->0.0 (p=1.0) trial  38 -> 222 gates (42.8s)
[ 337/1000] b=0.45, a:1.0->0.0 (p=1.0) trial  36 -> 226 gates (49.4s)
[ 338/1000] b=0.45, a:1.0->0.0 (p=1.0) trial  37 -> 212 gates (49.1s)
[ 339/1000] b=0.45, a:1.0->0.0 (p=1.0) trial  40 -> 222 gates (44.9s)
[ 340/1000] b=0.45, a:1.0->0.0 (p=1.0) trial  39 -> 224 gates (49.2s)
[ 341/1000] b=0.45, a:1.0->0.0 (p=1.0) trial  41 -> 214 gates (44.4s)
[ 342/1000] b=0.45, a:1.0->0.0 (p=1.0) trial  42 -> 214 gates (44.1s)
[ 343/1000] b=0.45, a:1.0->0.0 (p=1.0) trial  44 -> 234 gates (41.6s)
[ 344/1000] b=0.45, a:1.0->0.0 (p=1.0) trial  49 -> 216 gates (40.5s)
[ 345/1000] b=0.45, a:1.0->0.0 (p=1.0) trial  46 -> 220 gates (40.9s)
[ 346/1000] b=0.45, a:1.0->0.0 (p=1.0) trial  43 -> 216 gates (45.2s)
[ 347/1000] b=0.45, a:1.0->0.0 (p=1.0) trial  50 -> 220 gates (43.1s)
[ 348/1000] b=0.45, a:1.0->0.0 (p=1.0) trial  47 -> 214 gates (45.1s)
[ 349/1000] b=0.45, a:1.0->0.0 (p=1.0) trial  45 -> 216 gates (46.2s)
[ 350/1000] b=0.45, a:1.0->0.0 (p=1.0) trial  48 -> 218 gates (45.9s)
[ 351/1000] b=0.45, a:1.0->0.0 (p=1.0) trial  53 -> 216 gates (43.1s)
[ 352/1000] b=0.45, a:1.0->0.0 (p=1.0) trial  51 -> 212 gates (45.1s)
[ 353/1000] b=0.45, a:1.0->0.0 (p=1.0) trial  52 -> 210 gates (45.4s)
[ 354/1000] b=0.45, a:1.0->0.0 (p=1.0) trial  54 -> 214 gates (45.5s)
[ 355/1000] b=0.45, a:1.0->0.0 (p=1.0) trial  57 -> 228 gates (44.1s)
[ 356/1000] b=0.45, a:1.0->0.0 (p=1.0) trial  60 -> 220 gates (42.2s)
[ 357/1000] b=0.45, a:1.0->0.0 (p=1.0) trial  58 -> 216 gates (43.2s)
[ 358/1000] b=0.45, a:1.0->0.0 (p=1.0) trial  61 -> 228 gates (42.7s)
[ 359/1000] b=0.45, a:1.0->0.0 (p=1.0) trial  55 -> 226 gates (49.2s)
[ 360/1000] b=0.45, a:1.0->0.0 (p=1.0) trial  56 -> 220 gates (49.7s)
[ 361/1000] b=0.45, a:1.0->0.0 (p=1.0) trial  59 -> 222 gates (48.4s)
[ 362/1000] b=0.45, a:1.0->0.0 (p=1.0) trial  64 -> 226 gates (42.2s)
[ 363/1000] b=0.45, a:1.0->0.0 (p=1.0) trial  62 -> 218 gates (49.0s)
[ 364/1000] b=0.45, a:1.0->0.0 (p=1.0) trial  63 -> 220 gates (45.8s)
[ 365/1000] b=0.45, a:1.0->0.0 (p=1.0) trial  67 -> 216 gates (43.7s)
[ 366/1000] b=0.45, a:1.0->0.0 (p=1.0) trial  65 -> 216 gates (45.6s)
[ 367/1000] b=0.45, a:1.0->0.0 (p=1.0) trial  66 -> 228 gates (49.3s)
[ 368/1000] b=0.45, a:1.0->0.0 (p=1.0) trial  68 -> 210 gates (49.3s)
[ 369/1000] b=0.45, a:1.0->0.0 (p=1.0) trial  73 -> 210 gates (41.5s)
[ 370/1000] b=0.45, a:1.0->0.0 (p=1.0) trial  71 -> 220 gates (42.8s)
[ 371/1000] b=0.45, a:1.0->0.0 (p=1.0) trial  70 -> 226 gates (45.3s)
[ 372/1000] b=0.45, a:1.0->0.0 (p=1.0) trial  72 -> 226 gates (43.9s)
[ 373/1000] b=0.45, a:1.0->0.0 (p=1.0) trial  69 -> 212 gates (49.5s)
[ 374/1000] b=0.45, a:1.0->0.0 (p=1.0) trial  78 -> 218 gates (41.9s)
[ 375/1000] b=0.45, a:1.0->0.0 (p=1.0) trial  75 -> 210 gates (44.4s)
[ 376/1000] b=0.45, a:1.0->0.0 (p=1.0) trial  77 -> 214 gates (43.4s)
[ 377/1000] b=0.45, a:1.0->0.0 (p=1.0) trial  76 -> 206 gates (43.4s)
[ 378/1000] b=0.45, a:1.0->0.0 (p=1.0) trial  79 -> 226 gates (44.7s)
[ 379/1000] b=0.45, a:1.0->0.0 (p=1.0) trial  74 -> 222 gates (49.6s)
[ 380/1000] b=0.45, a:1.0->0.0 (p=1.0) trial  81 -> 218 gates (44.9s)
[ 381/1000] b=0.45, a:1.0->0.0 (p=1.0) trial  85 -> 214 gates (42.3s)
[ 382/1000] b=0.45, a:1.0->0.0 (p=1.0) trial  83 -> 216 gates (43.7s)
[ 383/1000] b=0.45, a:1.0->0.0 (p=1.0) trial  84 -> 226 gates (43.4s)
[ 384/1000] b=0.45, a:1.0->0.0 (p=1.0) trial  86 -> 218 gates (42.9s)
[ 385/1000] b=0.45, a:1.0->0.0 (p=1.0) trial  80 -> 220 gates (48.9s)
[ 386/1000] b=0.45, a:1.0->0.0 (p=1.0) trial  82 -> 206 gates (48.9s)
[ 387/1000] b=0.45, a:1.0->0.0 (p=1.0) trial  90 -> 220 gates (42.1s)
[ 388/1000] b=0.45, a:1.0->0.0 (p=1.0) trial  89 -> 226 gates (44.2s)
[ 389/1000] b=0.45, a:1.0->0.0 (p=1.0) trial  91 -> 218 gates (43.7s)
[ 390/1000] b=0.45, a:1.0->0.0 (p=1.0) trial  88 -> 220 gates (47.4s)
[ 391/1000] b=0.45, a:1.0->0.0 (p=1.0) trial  92 -> 210 gates (43.1s)
[ 392/1000] b=0.45, a:1.0->0.0 (p=1.0) trial  87 -> 232 gates (49.0s)
[ 393/1000] b=0.45, a:1.0->0.0 (p=1.0) trial  94 -> 226 gates (44.3s)
[ 394/1000] b=0.45, a:1.0->0.0 (p=1.0) trial  93 -> 224 gates (44.5s)
[ 395/1000] b=0.45, a:1.0->0.0 (p=1.0) trial  95 -> 222 gates (49.3s)
[ 396/1000] b=0.45, a:1.0->0.0 (p=1.0) trial  96 -> 218 gates (49.6s)
[ 397/1000] b=0.45, a:1.0->0.0 (p=1.0) trial  97 -> 216 gates (43.1s)
[ 398/1000] b=0.45, a:1.0->0.0 (p=1.0) trial  98 -> 222 gates (42.9s)
[ 399/1000] b=0.45, a:1.0->0.0 (p=1.0) trial 100 -> 214 gates (44.6s)
[ 400/1000] b=0.45, a:1.0->0.0 (p=1.0) trial  99 -> 214 gates (45.8s)
[System] Config C03_b0.45_as1.0_ap1.0_N10 complete -> files written
[ 401/1000] b=0.45, a:2.0->0.0 (p=2.0) trial   4 -> 216 gates (41.6s)
[ 402/1000] b=0.45, a:2.0->0.0 (p=2.0) trial   2 -> 228 gates (43.7s)
[ 403/1000] b=0.45, a:2.0->0.0 (p=2.0) trial   5 -> 220 gates (43.0s)
[ 404/1000] b=0.45, a:2.0->0.0 (p=2.0) trial   3 -> 222 gates (44.5s)
[ 405/1000] b=0.45, a:2.0->0.0 (p=2.0) trial   1 -> 220 gates (49.4s)
[ 406/1000] b=0.45, a:2.0->0.0 (p=2.0) trial   8 -> 206 gates (44.1s)
[ 407/1000] b=0.45, a:2.0->0.0 (p=2.0) trial   6 -> 222 gates (46.2s)
[ 408/1000] b=0.45, a:2.0->0.0 (p=2.0) trial  12 -> 218 gates (43.1s)
[ 409/1000] b=0.45, a:2.0->0.0 (p=2.0) trial   9 -> 222 gates (45.0s)
[ 410/1000] b=0.45, a:2.0->0.0 (p=2.0) trial  11 -> 218 gates (44.6s)
[ 411/1000] b=0.45, a:2.0->0.0 (p=2.0) trial   7 -> 214 gates (49.0s)
[ 412/1000] b=0.45, a:2.0->0.0 (p=2.0) trial  10 -> 216 gates (48.7s)
[ 413/1000] b=0.45, a:2.0->0.0 (p=2.0) trial  15 -> 226 gates (44.5s)
[ 414/1000] b=0.45, a:2.0->0.0 (p=2.0) trial  13 -> 222 gates (48.1s)
[ 415/1000] b=0.45, a:2.0->0.0 (p=2.0) trial  16 -> 222 gates (43.8s)
[ 416/1000] b=0.45, a:2.0->0.0 (p=2.0) trial  19 -> 220 gates (43.0s)
[ 417/1000] b=0.45, a:2.0->0.0 (p=2.0) trial  17 -> 218 gates (44.5s)
[ 418/1000] b=0.45, a:2.0->0.0 (p=2.0) trial  18 -> 218 gates (44.6s)
[ 419/1000] b=0.45, a:2.0->0.0 (p=2.0) trial  14 -> 218 gates (49.4s)
[ 420/1000] b=0.45, a:2.0->0.0 (p=2.0) trial  21 -> 214 gates (42.0s)
[ 421/1000] b=0.45, a:2.0->0.0 (p=2.0) trial  22 -> 224 gates (43.8s)
[ 422/1000] b=0.45, a:2.0->0.0 (p=2.0) trial  20 -> 224 gates (49.6s)
[ 423/1000] b=0.45, a:2.0->0.0 (p=2.0) trial  23 -> 210 gates (47.5s)
[ 424/1000] b=0.45, a:2.0->0.0 (p=2.0) trial  26 -> 216 gates (42.9s)
[ 425/1000] b=0.45, a:2.0->0.0 (p=2.0) trial  25 -> 222 gates (44.9s)
[ 426/1000] b=0.45, a:2.0->0.0 (p=2.0) trial  27 -> 218 gates (41.3s)
[ 427/1000] b=0.45, a:2.0->0.0 (p=2.0) trial  24 -> 220 gates (49.4s)
[ 428/1000] b=0.45, a:2.0->0.0 (p=2.0) trial  28 -> 212 gates (43.1s)
[ 429/1000] b=0.45, a:2.0->0.0 (p=2.0) trial  29 -> 222 gates (44.3s)
[ 430/1000] b=0.45, a:2.0->0.0 (p=2.0) trial  30 -> 218 gates (43.3s)
[ 431/1000] b=0.45, a:2.0->0.0 (p=2.0) trial  32 -> 214 gates (43.9s)
[ 432/1000] b=0.45, a:2.0->0.0 (p=2.0) trial  31 -> 214 gates (45.6s)
[ 433/1000] b=0.45, a:2.0->0.0 (p=2.0) trial  34 -> 228 gates (44.2s)
[ 434/1000] b=0.45, a:2.0->0.0 (p=2.0) trial  33 -> 224 gates (45.2s)
[ 435/1000] b=0.45, a:2.0->0.0 (p=2.0) trial  35 -> 214 gates (45.0s)
[ 436/1000] b=0.45, a:2.0->0.0 (p=2.0) trial  36 -> 226 gates (45.3s)
[ 437/1000] b=0.45, a:2.0->0.0 (p=2.0) trial  37 -> 216 gates (46.7s)
[ 438/1000] b=0.45, a:2.0->0.0 (p=2.0) trial  39 -> 214 gates (44.3s)
[ 439/1000] b=0.45, a:2.0->0.0 (p=2.0) trial  38 -> 220 gates (47.6s)
[ 440/1000] b=0.45, a:2.0->0.0 (p=2.0) trial  43 -> 224 gates (42.4s)
[ 441/1000] b=0.45, a:2.0->0.0 (p=2.0) trial  41 -> 214 gates (44.3s)
[ 442/1000] b=0.45, a:2.0->0.0 (p=2.0) trial  44 -> 220 gates (42.0s)
[ 443/1000] b=0.45, a:2.0->0.0 (p=2.0) trial  45 -> 212 gates (43.1s)
[ 444/1000] b=0.45, a:2.0->0.0 (p=2.0) trial  40 -> 218 gates (49.4s)
[ 445/1000] b=0.45, a:2.0->0.0 (p=2.0) trial  42 -> 218 gates (47.4s)
[ 446/1000] b=0.45, a:2.0->0.0 (p=2.0) trial  46 -> 218 gates (46.0s)
[ 447/1000] b=0.45, a:2.0->0.0 (p=2.0) trial  48 -> 210 gates (44.5s)
[ 448/1000] b=0.45, a:2.0->0.0 (p=2.0) trial  49 -> 218 gates (43.0s)
[ 449/1000] b=0.45, a:2.0->0.0 (p=2.0) trial  47 -> 216 gates (47.7s)
[ 450/1000] b=0.45, a:2.0->0.0 (p=2.0) trial  50 -> 218 gates (49.2s)
[ 451/1000] b=0.45, a:2.0->0.0 (p=2.0) trial  51 -> 214 gates (42.5s)
[ 452/1000] b=0.45, a:2.0->0.0 (p=2.0) trial  52 -> 222 gates (44.1s)
[ 453/1000] b=0.45, a:2.0->0.0 (p=2.0) trial  54 -> 226 gates (42.9s)
[ 454/1000] b=0.45, a:2.0->0.0 (p=2.0) trial  56 -> 224 gates (41.0s)
[ 455/1000] b=0.45, a:2.0->0.0 (p=2.0) trial  53 -> 216 gates (46.9s)
[ 456/1000] b=0.45, a:2.0->0.0 (p=2.0) trial  57 -> 228 gates (43.0s)
[ 457/1000] b=0.45, a:2.0->0.0 (p=2.0) trial  55 -> 226 gates (49.4s)
[ 458/1000] b=0.45, a:2.0->0.0 (p=2.0) trial  58 -> 220 gates (48.6s)
[ 459/1000] b=0.45, a:2.0->0.0 (p=2.0) trial  61 -> 222 gates (42.7s)
[ 460/1000] b=0.45, a:2.0->0.0 (p=2.0) trial  60 -> 220 gates (47.3s)
[ 461/1000] b=0.45, a:2.0->0.0 (p=2.0) trial  59 -> 220 gates (49.1s)
[ 462/1000] b=0.45, a:2.0->0.0 (p=2.0) trial  63 -> 222 gates (43.5s)
[ 463/1000] b=0.45, a:2.0->0.0 (p=2.0) trial  62 -> 220 gates (45.1s)
[ 464/1000] b=0.45, a:2.0->0.0 (p=2.0) trial  66 -> 230 gates (42.7s)
[ 465/1000] b=0.45, a:2.0->0.0 (p=2.0) trial  68 -> 212 gates (41.6s)
[ 466/1000] b=0.45, a:2.0->0.0 (p=2.0) trial  64 -> 212 gates (45.4s)
[ 467/1000] b=0.45, a:2.0->0.0 (p=2.0) trial  70 -> 224 gates (42.6s)
[ 468/1000] b=0.45, a:2.0->0.0 (p=2.0) trial  69 -> 214 gates (43.2s)
[ 469/1000] b=0.45, a:2.0->0.0 (p=2.0) trial  65 -> 230 gates (47.1s)
[ 470/1000] b=0.45, a:2.0->0.0 (p=2.0) trial  67 -> 210 gates (46.6s)
[ 471/1000] b=0.45, a:2.0->0.0 (p=2.0) trial  71 -> 222 gates (44.3s)
[ 472/1000] b=0.45, a:2.0->0.0 (p=2.0) trial  76 -> 214 gates (43.7s)
[ 473/1000] b=0.45, a:2.0->0.0 (p=2.0) trial  75 -> 208 gates (44.4s)
[ 474/1000] b=0.45, a:2.0->0.0 (p=2.0) trial  77 -> 230 gates (45.1s)
[ 475/1000] b=0.45, a:2.0->0.0 (p=2.0) trial  73 -> 224 gates (49.1s)
[ 476/1000] b=0.45, a:2.0->0.0 (p=2.0) trial  72 -> 218 gates (49.2s)
[ 477/1000] b=0.45, a:2.0->0.0 (p=2.0) trial  74 -> 220 gates (49.4s)
[ 478/1000] b=0.45, a:2.0->0.0 (p=2.0) trial  79 -> 212 gates (40.9s)
[ 479/1000] b=0.45, a:2.0->0.0 (p=2.0) trial  78 -> 234 gates (48.2s)
[ 480/1000] b=0.45, a:2.0->0.0 (p=2.0) trial  80 -> 222 gates (43.9s)
[ 481/1000] b=0.45, a:2.0->0.0 (p=2.0) trial  81 -> 226 gates (44.4s)
[ 482/1000] b=0.45, a:2.0->0.0 (p=2.0) trial  84 -> 224 gates (42.3s)
[ 483/1000] b=0.45, a:2.0->0.0 (p=2.0) trial  82 -> 226 gates (46.4s)
[ 484/1000] b=0.45, a:2.0->0.0 (p=2.0) trial  83 -> 220 gates (42.9s)
[ 485/1000] b=0.45, a:2.0->0.0 (p=2.0) trial  85 -> 208 gates (43.3s)
[ 486/1000] b=0.45, a:2.0->0.0 (p=2.0) trial  87 -> 222 gates (45.0s)
[ 487/1000] b=0.45, a:2.0->0.0 (p=2.0) trial  90 -> 220 gates (43.5s)
[ 488/1000] b=0.45, a:2.0->0.0 (p=2.0) trial  86 -> 220 gates (47.0s)
[ 489/1000] b=0.45, a:2.0->0.0 (p=2.0) trial  92 -> 228 gates (43.6s)
[ 490/1000] b=0.45, a:2.0->0.0 (p=2.0) trial  91 -> 222 gates (44.5s)
[ 491/1000] b=0.45, a:2.0->0.0 (p=2.0) trial  88 -> 224 gates (47.3s)
[ 492/1000] b=0.45, a:2.0->0.0 (p=2.0) trial  93 -> 220 gates (43.7s)
[ 493/1000] b=0.45, a:2.0->0.0 (p=2.0) trial  96 -> 220 gates (40.8s)
[ 494/1000] b=0.45, a:2.0->0.0 (p=2.0) trial  97 -> 224 gates (42.4s)
[ 495/1000] b=0.45, a:2.0->0.0 (p=2.0) trial  89 -> 220 gates (49.2s)
[ 496/1000] b=0.45, a:2.0->0.0 (p=2.0) trial  94 -> 206 gates (49.0s)
[ 497/1000] b=0.45, a:2.0->0.0 (p=2.0) trial  98 -> 208 gates (45.6s)
[ 498/1000] b=0.45, a:2.0->0.0 (p=2.0) trial  99 -> 214 gates (44.3s)
[ 499/1000] b=0.45, a:2.0->0.0 (p=2.0) trial  95 -> 220 gates (47.3s)
[ 500/1000] b=0.45, a:2.0->0.0 (p=2.0) trial 100 -> 226 gates (43.4s)
[System] Config C04_b0.45_as2.0_ap2.0_N10 complete -> files written
[ 501/1000] b=0.45, a:2.0->0.0 (p=0.5) trial   2 -> 212 gates (46.0s)
[ 502/1000] b=0.45, a:2.0->0.0 (p=0.5) trial   1 -> 218 gates (49.1s)
[ 503/1000] b=0.45, a:2.0->0.0 (p=0.5) trial   3 -> 214 gates (49.0s)
[ 504/1000] b=0.45, a:2.0->0.0 (p=0.5) trial   4 -> 218 gates (49.3s)
[ 505/1000] b=0.45, a:2.0->0.0 (p=0.5) trial   5 -> 218 gates (49.3s)
[ 506/1000] b=0.45, a:2.0->0.0 (p=0.5) trial   6 -> 206 gates (44.5s)
[ 507/1000] b=0.45, a:2.0->0.0 (p=0.5) trial   7 -> 214 gates (44.3s)
[ 508/1000] b=0.45, a:2.0->0.0 (p=0.5) trial   8 -> 216 gates (42.0s)
[ 509/1000] b=0.45, a:2.0->0.0 (p=0.5) trial   9 -> 212 gates (43.0s)
[ 510/1000] b=0.45, a:2.0->0.0 (p=0.5) trial  11 -> 214 gates (42.5s)
[ 511/1000] b=0.45, a:2.0->0.0 (p=0.5) trial  12 -> 216 gates (43.6s)
[ 512/1000] b=0.45, a:2.0->0.0 (p=0.5) trial  10 -> 218 gates (46.3s)
[ 513/1000] b=0.45, a:2.0->0.0 (p=0.5) trial  13 -> 212 gates (44.6s)
[ 514/1000] b=0.45, a:2.0->0.0 (p=0.5) trial  17 -> 214 gates (42.4s)
[ 515/1000] b=0.45, a:2.0->0.0 (p=0.5) trial  20 -> 216 gates (43.2s)
[ 516/1000] b=0.45, a:2.0->0.0 (p=0.5) trial  14 -> 218 gates (46.6s)
[ 517/1000] b=0.45, a:2.0->0.0 (p=0.5) trial  21 -> 224 gates (43.4s)
[ 518/1000] b=0.45, a:2.0->0.0 (p=0.5) trial  22 -> 226 gates (41.4s)
[ 519/1000] b=0.45, a:2.0->0.0 (p=0.5) trial  15 -> 216 gates (46.4s)
[ 520/1000] b=0.45, a:2.0->0.0 (p=0.5) trial  19 -> 210 gates (45.1s)
[ 521/1000] b=0.45, a:2.0->0.0 (p=0.5) trial  16 -> 228 gates (48.4s)
[ 522/1000] b=0.45, a:2.0->0.0 (p=0.5) trial  25 -> 226 gates (41.9s)
[ 523/1000] b=0.45, a:2.0->0.0 (p=0.5) trial  18 -> 218 gates (49.2s)
[ 524/1000] b=0.45, a:2.0->0.0 (p=0.5) trial  24 -> 222 gates (44.7s)
[ 525/1000] b=0.45, a:2.0->0.0 (p=0.5) trial  23 -> 214 gates (47.6s)
[ 526/1000] b=0.45, a:2.0->0.0 (p=0.5) trial  26 -> 212 gates (44.2s)
[ 527/1000] b=0.45, a:2.0->0.0 (p=0.5) trial  28 -> 210 gates (43.9s)
[ 528/1000] b=0.45, a:2.0->0.0 (p=0.5) trial  27 -> 212 gates (49.4s)
[ 529/1000] b=0.45, a:2.0->0.0 (p=0.5) trial  29 -> 208 gates (47.0s)
[ 530/1000] b=0.45, a:2.0->0.0 (p=0.5) trial  31 -> 222 gates (44.3s)
[ 531/1000] b=0.45, a:2.0->0.0 (p=0.5) trial  32 -> 222 gates (45.3s)
[ 532/1000] b=0.45, a:2.0->0.0 (p=0.5) trial  30 -> 220 gates (49.3s)
[ 533/1000] b=0.45, a:2.0->0.0 (p=0.5) trial  34 -> 214 gates (45.4s)
[ 534/1000] b=0.45, a:2.0->0.0 (p=0.5) trial  35 -> 220 gates (43.7s)
[ 535/1000] b=0.45, a:2.0->0.0 (p=0.5) trial  33 -> 218 gates (49.5s)
[ 536/1000] b=0.45, a:2.0->0.0 (p=0.5) trial  36 -> 222 gates (42.9s)
[ 537/1000] b=0.45, a:2.0->0.0 (p=0.5) trial  40 -> 210 gates (41.5s)
[ 538/1000] b=0.45, a:2.0->0.0 (p=0.5) trial  39 -> 222 gates (43.9s)
[ 539/1000] b=0.45, a:2.0->0.0 (p=0.5) trial  38 -> 226 gates (45.9s)
[ 540/1000] b=0.45, a:2.0->0.0 (p=0.5) trial  37 -> 214 gates (47.9s)
[ 541/1000] b=0.45, a:2.0->0.0 (p=0.5) trial  41 -> 220 gates (44.8s)
[ 542/1000] b=0.45, a:2.0->0.0 (p=0.5) trial  42 -> 222 gates (40.8s)
[ 543/1000] b=0.45, a:2.0->0.0 (p=0.5) trial  47 -> 228 gates (44.1s)
[ 544/1000] b=0.45, a:2.0->0.0 (p=0.5) trial  43 -> 214 gates (45.2s)
[ 545/1000] b=0.45, a:2.0->0.0 (p=0.5) trial  46 -> 228 gates (45.4s)
[ 546/1000] b=0.45, a:2.0->0.0 (p=0.5) trial  45 -> 222 gates (45.7s)
[ 547/1000] b=0.45, a:2.0->0.0 (p=0.5) trial  48 -> 226 gates (45.0s)
[ 548/1000] b=0.45, a:2.0->0.0 (p=0.5) trial  44 -> 224 gates (46.5s)
[ 549/1000] b=0.45, a:2.0->0.0 (p=0.5) trial  50 -> 216 gates (43.5s)
[ 550/1000] b=0.45, a:2.0->0.0 (p=0.5) trial  53 -> 224 gates (42.1s)
[ 551/1000] b=0.45, a:2.0->0.0 (p=0.5) trial  52 -> 216 gates (42.7s)
[ 552/1000] b=0.45, a:2.0->0.0 (p=0.5) trial  49 -> 218 gates (46.4s)
[ 553/1000] b=0.45, a:2.0->0.0 (p=0.5) trial  54 -> 218 gates (43.0s)
[ 554/1000] b=0.45, a:2.0->0.0 (p=0.5) trial  51 -> 214 gates (49.2s)
[ 555/1000] b=0.45, a:2.0->0.0 (p=0.5) trial  55 -> 222 gates (48.2s)
[ 556/1000] b=0.45, a:2.0->0.0 (p=0.5) trial  56 -> 206 gates (46.2s)
[ 557/1000] b=0.45, a:2.0->0.0 (p=0.5) trial  58 -> 212 gates (43.7s)
[ 558/1000] b=0.45, a:2.0->0.0 (p=0.5) trial  59 -> 222 gates (43.9s)
[ 559/1000] b=0.45, a:2.0->0.0 (p=0.5) trial  57 -> 214 gates (46.7s)
[ 560/1000] b=0.45, a:2.0->0.0 (p=0.5) trial  61 -> 224 gates (43.5s)
[ 561/1000] b=0.45, a:2.0->0.0 (p=0.5) trial  60 -> 218 gates (47.5s)
[ 562/1000] b=0.45, a:2.0->0.0 (p=0.5) trial  63 -> 216 gates (44.3s)
[ 563/1000] b=0.45, a:2.0->0.0 (p=0.5) trial  62 -> 212 gates (48.0s)
[ 564/1000] b=0.45, a:2.0->0.0 (p=0.5) trial  64 -> 220 gates (45.0s)
[ 565/1000] b=0.45, a:2.0->0.0 (p=0.5) trial  65 -> 226 gates (41.6s)
[ 566/1000] b=0.45, a:2.0->0.0 (p=0.5) trial  67 -> 214 gates (43.1s)
[ 567/1000] b=0.45, a:2.0->0.0 (p=0.5) trial  66 -> 232 gates (48.7s)
[ 568/1000] b=0.45, a:2.0->0.0 (p=0.5) trial  69 -> 226 gates (42.9s)
[ 569/1000] b=0.45, a:2.0->0.0 (p=0.5) trial  68 -> 212 gates (49.1s)
[ 570/1000] b=0.45, a:2.0->0.0 (p=0.5) trial  70 -> 214 gates (44.2s)
[ 571/1000] b=0.45, a:2.0->0.0 (p=0.5) trial  73 -> 216 gates (43.7s)
[ 572/1000] b=0.45, a:2.0->0.0 (p=0.5) trial  72 -> 222 gates (44.4s)
[ 573/1000] b=0.45, a:2.0->0.0 (p=0.5) trial  76 -> 212 gates (43.2s)
[ 574/1000] b=0.45, a:2.0->0.0 (p=0.5) trial  74 -> 214 gates (45.4s)
[ 575/1000] b=0.45, a:2.0->0.0 (p=0.5) trial  80 -> 222 gates (42.4s)
[ 576/1000] b=0.45, a:2.0->0.0 (p=0.5) trial  78 -> 212 gates (43.6s)
[ 577/1000] b=0.45, a:2.0->0.0 (p=0.5) trial  79 -> 224 gates (44.0s)
[ 578/1000] b=0.45, a:2.0->0.0 (p=0.5) trial  71 -> 224 gates (49.2s)
[ 579/1000] b=0.45, a:2.0->0.0 (p=0.5) trial  75 -> 216 gates (49.1s)
[ 580/1000] b=0.45, a:2.0->0.0 (p=0.5) trial  77 -> 214 gates (48.6s)
[ 581/1000] b=0.45, a:2.0->0.0 (p=0.5) trial  81 -> 218 gates (49.4s)
[ 582/1000] b=0.45, a:2.0->0.0 (p=0.5) trial  83 -> 212 gates (43.2s)
[ 583/1000] b=0.45, a:2.0->0.0 (p=0.5) trial  82 -> 224 gates (47.5s)
[ 584/1000] b=0.45, a:2.0->0.0 (p=0.5) trial  84 -> 220 gates (44.1s)
[ 585/1000] b=0.45, a:2.0->0.0 (p=0.5) trial  85 -> 210 gates (41.5s)
[ 586/1000] b=0.45, a:2.0->0.0 (p=0.5) trial  86 -> 202 gates (43.5s)
[ 587/1000] b=0.45, a:2.0->0.0 (p=0.5) trial  88 -> 216 gates (44.0s)
[ 588/1000] b=0.45, a:2.0->0.0 (p=0.5) trial  87 -> 218 gates (45.6s)
[ 589/1000] b=0.45, a:2.0->0.0 (p=0.5) trial  92 -> 220 gates (43.2s)
[ 590/1000] b=0.45, a:2.0->0.0 (p=0.5) trial  91 -> 216 gates (43.6s)
[ 591/1000] b=0.45, a:2.0->0.0 (p=0.5) trial  89 -> 222 gates (46.4s)
[ 592/1000] b=0.45, a:2.0->0.0 (p=0.5) trial  93 -> 214 gates (42.6s)
[ 593/1000] b=0.45, a:2.0->0.0 (p=0.5) trial  90 -> 230 gates (47.5s)
[ 594/1000] b=0.45, a:2.0->0.0 (p=0.5) trial  94 -> 220 gates (45.6s)
[ 595/1000] b=0.45, a:2.0->0.0 (p=0.5) trial  95 -> 220 gates (45.8s)
[ 596/1000] b=0.45, a:2.0->0.0 (p=0.5) trial  96 -> 210 gates (47.8s)
[ 597/1000] b=0.45, a:2.0->0.0 (p=0.5) trial  98 -> 218 gates (46.1s)
[ 598/1000] b=0.45, a:2.0->0.0 (p=0.5) trial  97 -> 214 gates (48.9s)
[ 599/1000] b=0.45, a:2.0->0.0 (p=0.5) trial 100 -> 224 gates (43.0s)
[ 600/1000] b=0.30, a:3.0->0.0 (p=1.0) trial   1 -> 212 gates (44.9s)
[ 601/1000] b=0.30, a:3.0->0.0 (p=1.0) trial   3 -> 226 gates (43.0s)
[ 602/1000] b=0.45, a:2.0->0.0 (p=0.5) trial  99 -> 222 gates (46.6s)
[System] Config C05_b0.45_as2.0_ap0.5_N10 complete -> files written
[ 603/1000] b=0.30, a:3.0->0.0 (p=1.0) trial   2 -> 206 gates (44.9s)
[ 604/1000] b=0.30, a:3.0->0.0 (p=1.0) trial   4 -> 220 gates (43.7s)
[ 605/1000] b=0.30, a:3.0->0.0 (p=1.0) trial   5 -> 210 gates (43.8s)
[ 606/1000] b=0.30, a:3.0->0.0 (p=1.0) trial   6 -> 232 gates (49.5s)
[ 607/1000] b=0.30, a:3.0->0.0 (p=1.0) trial  12 -> 220 gates (41.5s)
[ 608/1000] b=0.30, a:3.0->0.0 (p=1.0) trial  10 -> 222 gates (42.9s)
[ 609/1000] b=0.30, a:3.0->0.0 (p=1.0) trial   7 -> 214 gates (49.0s)
[ 610/1000] b=0.30, a:3.0->0.0 (p=1.0) trial   8 -> 216 gates (49.1s)
[ 611/1000] b=0.30, a:3.0->0.0 (p=1.0) trial  11 -> 218 gates (45.6s)
[ 612/1000] b=0.30, a:3.0->0.0 (p=1.0) trial  13 -> 222 gates (44.3s)
[ 613/1000] b=0.30, a:3.0->0.0 (p=1.0) trial   9 -> 218 gates (49.6s)
[ 614/1000] b=0.30, a:3.0->0.0 (p=1.0) trial  15 -> 224 gates (42.3s)
[ 615/1000] b=0.30, a:3.0->0.0 (p=1.0) trial  14 -> 216 gates (44.7s)
[ 616/1000] b=0.30, a:3.0->0.0 (p=1.0) trial  16 -> 208 gates (43.3s)
[ 617/1000] b=0.30, a:3.0->0.0 (p=1.0) trial  17 -> 210 gates (43.4s)
[ 618/1000] b=0.30, a:3.0->0.0 (p=1.0) trial  18 -> 222 gates (43.2s)
[ 619/1000] b=0.30, a:3.0->0.0 (p=1.0) trial  21 -> 218 gates (41.6s)
[ 620/1000] b=0.30, a:3.0->0.0 (p=1.0) trial  20 -> 220 gates (44.6s)
[ 621/1000] b=0.30, a:3.0->0.0 (p=1.0) trial  19 -> 224 gates (49.4s)
[ 622/1000] b=0.30, a:3.0->0.0 (p=1.0) trial  22 -> 214 gates (45.7s)
[ 623/1000] b=0.30, a:3.0->0.0 (p=1.0) trial  23 -> 212 gates (46.3s)
[ 624/1000] b=0.30, a:3.0->0.0 (p=1.0) trial  25 -> 226 gates (44.9s)
[ 625/1000] b=0.30, a:3.0->0.0 (p=1.0) trial  27 -> 222 gates (42.1s)
[ 626/1000] b=0.30, a:3.0->0.0 (p=1.0) trial  24 -> 212 gates (49.3s)
[ 627/1000] b=0.30, a:3.0->0.0 (p=1.0) trial  33 -> 214 gates (41.5s)
[ 628/1000] b=0.30, a:3.0->0.0 (p=1.0) trial  32 -> 218 gates (43.2s)
[ 629/1000] b=0.30, a:3.0->0.0 (p=1.0) trial  31 -> 230 gates (43.8s)
[ 630/1000] b=0.30, a:3.0->0.0 (p=1.0) trial  26 -> 222 gates (48.6s)
[ 631/1000] b=0.30, a:3.0->0.0 (p=1.0) trial  29 -> 226 gates (46.3s)
[ 632/1000] b=0.30, a:3.0->0.0 (p=1.0) trial  28 -> 210 gates (48.2s)
[ 633/1000] b=0.30, a:3.0->0.0 (p=1.0) trial  30 -> 214 gates (49.4s)
[ 634/1000] b=0.30, a:3.0->0.0 (p=1.0) trial  35 -> 220 gates (41.8s)
[ 635/1000] b=0.30, a:3.0->0.0 (p=1.0) trial  36 -> 214 gates (42.0s)
[ 636/1000] b=0.30, a:3.0->0.0 (p=1.0) trial  37 -> 220 gates (42.6s)
[ 637/1000] b=0.30, a:3.0->0.0 (p=1.0) trial  40 -> 214 gates (41.7s)
[ 638/1000] b=0.30, a:3.0->0.0 (p=1.0) trial  34 -> 214 gates (49.0s)
[ 639/1000] b=0.30, a:3.0->0.0 (p=1.0) trial  39 -> 210 gates (46.4s)
[ 640/1000] b=0.30, a:3.0->0.0 (p=1.0) trial  42 -> 220 gates (42.9s)
[ 641/1000] b=0.30, a:3.0->0.0 (p=1.0) trial  38 -> 218 gates (49.1s)
[ 642/1000] b=0.30, a:3.0->0.0 (p=1.0) trial  43 -> 224 gates (44.2s)
[ 643/1000] b=0.30, a:3.0->0.0 (p=1.0) trial  41 -> 222 gates (48.9s)
[ 644/1000] b=0.30, a:3.0->0.0 (p=1.0) trial  44 -> 214 gates (44.3s)
[ 645/1000] b=0.30, a:3.0->0.0 (p=1.0) trial  46 -> 208 gates (42.9s)
[ 646/1000] b=0.30, a:3.0->0.0 (p=1.0) trial  45 -> 212 gates (44.1s)
[ 647/1000] b=0.30, a:3.0->0.0 (p=1.0) trial  48 -> 212 gates (42.9s)
[ 648/1000] b=0.30, a:3.0->0.0 (p=1.0) trial  47 -> 214 gates (45.0s)
[ 649/1000] b=0.30, a:3.0->0.0 (p=1.0) trial  50 -> 218 gates (43.5s)
[ 650/1000] b=0.30, a:3.0->0.0 (p=1.0) trial  49 -> 210 gates (49.2s)
[ 651/1000] b=0.30, a:3.0->0.0 (p=1.0) trial  51 -> 224 gates (43.8s)
[ 652/1000] b=0.30, a:3.0->0.0 (p=1.0) trial  52 -> 222 gates (43.2s)
[ 653/1000] b=0.30, a:3.0->0.0 (p=1.0) trial  53 -> 218 gates (47.2s)
[ 654/1000] b=0.30, a:3.0->0.0 (p=1.0) trial  55 -> 220 gates (44.2s)
[ 655/1000] b=0.30, a:3.0->0.0 (p=1.0) trial  57 -> 216 gates (43.8s)
[ 656/1000] b=0.30, a:3.0->0.0 (p=1.0) trial  54 -> 226 gates (45.9s)
[ 657/1000] b=0.30, a:3.0->0.0 (p=1.0) trial  58 -> 224 gates (46.5s)
[ 658/1000] b=0.30, a:3.0->0.0 (p=1.0) trial  59 -> 218 gates (45.0s)
[ 659/1000] b=0.30, a:3.0->0.0 (p=1.0) trial  56 -> 206 gates (48.0s)
[ 660/1000] b=0.30, a:3.0->0.0 (p=1.0) trial  63 -> 226 gates (41.6s)
[ 661/1000] b=0.30, a:3.0->0.0 (p=1.0) trial  62 -> 220 gates (45.2s)
[ 662/1000] b=0.30, a:3.0->0.0 (p=1.0) trial  60 -> 222 gates (49.2s)
[ 663/1000] b=0.30, a:3.0->0.0 (p=1.0) trial  64 -> 212 gates (45.1s)
[ 664/1000] b=0.30, a:3.0->0.0 (p=1.0) trial  65 -> 226 gates (43.1s)
[ 665/1000] b=0.30, a:3.0->0.0 (p=1.0) trial  61 -> 224 gates (48.8s)
[ 666/1000] b=0.30, a:3.0->0.0 (p=1.0) trial  67 -> 226 gates (44.4s)
[ 667/1000] b=0.30, a:3.0->0.0 (p=1.0) trial  70 -> 222 gates (42.8s)
[ 668/1000] b=0.30, a:3.0->0.0 (p=1.0) trial  68 -> 224 gates (45.0s)
[ 669/1000] b=0.30, a:3.0->0.0 (p=1.0) trial  66 -> 216 gates (49.2s)
[ 670/1000] b=0.30, a:3.0->0.0 (p=1.0) trial  72 -> 206 gates (43.8s)
[ 671/1000] b=0.30, a:3.0->0.0 (p=1.0) trial  71 -> 216 gates (45.4s)
[ 672/1000] b=0.30, a:3.0->0.0 (p=1.0) trial  73 -> 224 gates (42.9s)
[ 673/1000] b=0.30, a:3.0->0.0 (p=1.0) trial  69 -> 222 gates (49.0s)
[ 674/1000] b=0.30, a:3.0->0.0 (p=1.0) trial  74 -> 208 gates (42.8s)
[ 675/1000] b=0.30, a:3.0->0.0 (p=1.0) trial  75 -> 216 gates (42.1s)
[ 676/1000] b=0.30, a:3.0->0.0 (p=1.0) trial  76 -> 228 gates (43.6s)
[ 677/1000] b=0.30, a:3.0->0.0 (p=1.0) trial  77 -> 224 gates (43.8s)
[ 678/1000] b=0.30, a:3.0->0.0 (p=1.0) trial  79 -> 224 gates (43.1s)
[ 679/1000] b=0.30, a:3.0->0.0 (p=1.0) trial  80 -> 210 gates (44.0s)
[ 680/1000] b=0.30, a:3.0->0.0 (p=1.0) trial  78 -> 224 gates (49.4s)
[ 681/1000] b=0.30, a:3.0->0.0 (p=1.0) trial  82 -> 218 gates (44.0s)
[ 682/1000] b=0.30, a:3.0->0.0 (p=1.0) trial  83 -> 224 gates (45.2s)
[ 683/1000] b=0.30, a:3.0->0.0 (p=1.0) trial  84 -> 228 gates (45.0s)
[ 684/1000] b=0.30, a:3.0->0.0 (p=1.0) trial  88 -> 226 gates (42.5s)
[ 685/1000] b=0.30, a:3.0->0.0 (p=1.0) trial  81 -> 212 gates (49.0s)
[ 686/1000] b=0.30, a:3.0->0.0 (p=1.0) trial  89 -> 216 gates (41.4s)
[ 687/1000] b=0.30, a:3.0->0.0 (p=1.0) trial  86 -> 212 gates (47.0s)
[ 688/1000] b=0.30, a:3.0->0.0 (p=1.0) trial  85 -> 214 gates (48.7s)
[ 689/1000] b=0.30, a:3.0->0.0 (p=1.0) trial  91 -> 220 gates (43.9s)
[ 690/1000] b=0.30, a:3.0->0.0 (p=1.0) trial  92 -> 228 gates (43.3s)
[ 691/1000] b=0.30, a:3.0->0.0 (p=1.0) trial  93 -> 218 gates (42.7s)
[ 692/1000] b=0.30, a:3.0->0.0 (p=1.0) trial  87 -> 216 gates (49.4s)
[ 693/1000] b=0.30, a:3.0->0.0 (p=1.0) trial  90 -> 222 gates (49.6s)
[ 694/1000] b=0.30, a:3.0->0.0 (p=1.0) trial  94 -> 214 gates (44.1s)
[ 695/1000] b=0.30, a:3.0->0.0 (p=1.0) trial  95 -> 214 gates (43.6s)
[ 696/1000] b=0.30, a:3.0->0.0 (p=1.0) trial  98 -> 214 gates (42.5s)
[ 697/1000] b=0.30, a:3.0->0.0 (p=1.0) trial  96 -> 220 gates (45.7s)
[ 698/1000] b=0.30, a:3.0->0.0 (p=1.0) trial  99 -> 218 gates (43.1s)
[ 699/1000] b=0.30, a:3.0->0.0 (p=1.0) trial 100 -> 220 gates (44.5s)
[ 700/1000] b=0.30, a:1.0->0.0 (p=1.0) trial   2 -> 212 gates (44.2s)
[ 701/1000] b=0.30, a:3.0->0.0 (p=1.0) trial  97 -> 220 gates (48.8s)
[System] Config C07_b0.30_as3.0_ap1.0_N10 complete -> files written
[ 702/1000] b=0.30, a:1.0->0.0 (p=1.0) trial   1 -> 218 gates (49.8s)
[ 703/1000] b=0.30, a:1.0->0.0 (p=1.0) trial   4 -> 222 gates (45.8s)
[ 704/1000] b=0.30, a:1.0->0.0 (p=1.0) trial   3 -> 214 gates (49.0s)
[ 705/1000] b=0.30, a:1.0->0.0 (p=1.0) trial   5 -> 210 gates (43.5s)
[ 706/1000] b=0.30, a:1.0->0.0 (p=1.0) trial   6 -> 216 gates (41.7s)
[ 707/1000] b=0.30, a:1.0->0.0 (p=1.0) trial   7 -> 222 gates (43.1s)
[ 708/1000] b=0.30, a:1.0->0.0 (p=1.0) trial  11 -> 222 gates (42.0s)
[ 709/1000] b=0.30, a:1.0->0.0 (p=1.0) trial   9 -> 220 gates (45.2s)
[ 710/1000] b=0.30, a:1.0->0.0 (p=1.0) trial   8 -> 220 gates (49.3s)
[ 711/1000] b=0.30, a:1.0->0.0 (p=1.0) trial  10 -> 218 gates (44.9s)
[ 712/1000] b=0.30, a:1.0->0.0 (p=1.0) trial  12 -> 218 gates (44.1s)
[ 713/1000] b=0.30, a:1.0->0.0 (p=1.0) trial  15 -> 226 gates (42.9s)
[ 714/1000] b=0.30, a:1.0->0.0 (p=1.0) trial  14 -> 230 gates (44.7s)
[ 715/1000] b=0.30, a:1.0->0.0 (p=1.0) trial  19 -> 218 gates (42.5s)
[ 716/1000] b=0.30, a:1.0->0.0 (p=1.0) trial  17 -> 222 gates (43.5s)
[ 717/1000] b=0.30, a:1.0->0.0 (p=1.0) trial  13 -> 216 gates (49.2s)
[ 718/1000] b=0.30, a:1.0->0.0 (p=1.0) trial  18 -> 224 gates (44.9s)
[ 719/1000] b=0.30, a:1.0->0.0 (p=1.0) trial  16 -> 230 gates (49.2s)
[ 720/1000] b=0.30, a:1.0->0.0 (p=1.0) trial  22 -> 222 gates (42.1s)
[ 721/1000] b=0.30, a:1.0->0.0 (p=1.0) trial  23 -> 216 gates (43.0s)
[ 722/1000] b=0.30, a:1.0->0.0 (p=1.0) trial  20 -> 216 gates (49.3s)
[ 723/1000] b=0.30, a:1.0->0.0 (p=1.0) trial  24 -> 226 gates (43.2s)
[ 724/1000] b=0.30, a:1.0->0.0 (p=1.0) trial  26 -> 220 gates (42.2s)
[ 725/1000] b=0.30, a:1.0->0.0 (p=1.0) trial  21 -> 220 gates (49.2s)
[ 726/1000] b=0.30, a:1.0->0.0 (p=1.0) trial  25 -> 226 gates (47.2s)
[ 727/1000] b=0.30, a:1.0->0.0 (p=1.0) trial  27 -> 220 gates (45.1s)
[ 728/1000] b=0.30, a:1.0->0.0 (p=1.0) trial  29 -> 224 gates (44.3s)
[ 729/1000] b=0.30, a:1.0->0.0 (p=1.0) trial  28 -> 198 gates (45.9s)
[ 730/1000] b=0.30, a:1.0->0.0 (p=1.0) trial  31 -> 218 gates (45.2s)
[ 731/1000] b=0.30, a:1.0->0.0 (p=1.0) trial  32 -> 226 gates (45.1s)
[ 732/1000] b=0.30, a:1.0->0.0 (p=1.0) trial  30 -> 224 gates (49.2s)
[ 733/1000] b=0.30, a:1.0->0.0 (p=1.0) trial  33 -> 224 gates (45.5s)
[ 734/1000] b=0.30, a:1.0->0.0 (p=1.0) trial  35 -> 224 gates (42.7s)
[ 735/1000] b=0.30, a:1.0->0.0 (p=1.0) trial  34 -> 224 gates (47.9s)
[ 736/1000] b=0.30, a:1.0->0.0 (p=1.0) trial  36 -> 222 gates (41.9s)
[ 737/1000] b=0.30, a:1.0->0.0 (p=1.0) trial  37 -> 220 gates (44.3s)
[ 738/1000] b=0.30, a:1.0->0.0 (p=1.0) trial  39 -> 226 gates (43.9s)
[ 739/1000] b=0.30, a:1.0->0.0 (p=1.0) trial  38 -> 212 gates (46.8s)
[ 740/1000] b=0.30, a:1.0->0.0 (p=1.0) trial  40 -> 226 gates (44.9s)
[ 741/1000] b=0.30, a:1.0->0.0 (p=1.0) trial  42 -> 218 gates (42.8s)
[ 742/1000] b=0.30, a:1.0->0.0 (p=1.0) trial  41 -> 214 gates (44.0s)
[ 743/1000] b=0.30, a:1.0->0.0 (p=1.0) trial  44 -> 220 gates (42.5s)
[ 744/1000] b=0.30, a:1.0->0.0 (p=1.0) trial  43 -> 218 gates (43.9s)
[ 745/1000] b=0.30, a:1.0->0.0 (p=1.0) trial  46 -> 216 gates (43.8s)
[ 746/1000] b=0.30, a:1.0->0.0 (p=1.0) trial  48 -> 214 gates (43.4s)
[ 747/1000] b=0.30, a:1.0->0.0 (p=1.0) trial  45 -> 228 gates (49.8s)
[ 748/1000] b=0.30, a:1.0->0.0 (p=1.0) trial  49 -> 224 gates (44.4s)
[ 749/1000] b=0.30, a:1.0->0.0 (p=1.0) trial  51 -> 230 gates (44.3s)
[ 750/1000] b=0.30, a:1.0->0.0 (p=1.0) trial  47 -> 224 gates (49.1s)
[ 751/1000] b=0.30, a:1.0->0.0 (p=1.0) trial  52 -> 222 gates (45.9s)
[ 752/1000] b=0.30, a:1.0->0.0 (p=1.0) trial  50 -> 214 gates (49.3s)
[ 753/1000] b=0.30, a:1.0->0.0 (p=1.0) trial  55 -> 226 gates (42.9s)
[ 754/1000] b=0.30, a:1.0->0.0 (p=1.0) trial  54 -> 214 gates (44.0s)
[ 755/1000] b=0.30, a:1.0->0.0 (p=1.0) trial  57 -> 214 gates (41.7s)
[ 756/1000] b=0.30, a:1.0->0.0 (p=1.0) trial  56 -> 208 gates (44.5s)
[ 757/1000] b=0.30, a:1.0->0.0 (p=1.0) trial  53 -> 220 gates (49.3s)
[ 758/1000] b=0.30, a:1.0->0.0 (p=1.0) trial  59 -> 218 gates (43.3s)
[ 759/1000] b=0.30, a:1.0->0.0 (p=1.0) trial  61 -> 214 gates (42.7s)
[ 760/1000] b=0.30, a:1.0->0.0 (p=1.0) trial  58 -> 224 gates (49.1s)
[ 761/1000] b=0.30, a:1.0->0.0 (p=1.0) trial  62 -> 228 gates (44.5s)
[ 762/1000] b=0.30, a:1.0->0.0 (p=1.0) trial  60 -> 208 gates (49.1s)
[ 763/1000] b=0.30, a:1.0->0.0 (p=1.0) trial  64 -> 224 gates (44.1s)
[ 764/1000] b=0.30, a:1.0->0.0 (p=1.0) trial  63 -> 206 gates (48.9s)
[ 765/1000] b=0.30, a:1.0->0.0 (p=1.0) trial  65 -> 220 gates (42.6s)
[ 766/1000] b=0.30, a:1.0->0.0 (p=1.0) trial  66 -> 214 gates (44.7s)
[ 767/1000] b=0.30, a:1.0->0.0 (p=1.0) trial  70 -> 224 gates (43.5s)
[ 768/1000] b=0.30, a:1.0->0.0 (p=1.0) trial  68 -> 212 gates (44.7s)
[ 769/1000] b=0.30, a:1.0->0.0 (p=1.0) trial  69 -> 224 gates (44.2s)
[ 770/1000] b=0.30, a:1.0->0.0 (p=1.0) trial  72 -> 218 gates (41.5s)
[ 771/1000] b=0.30, a:1.0->0.0 (p=1.0) trial  71 -> 214 gates (42.8s)
[ 772/1000] b=0.30, a:1.0->0.0 (p=1.0) trial  67 -> 220 gates (46.1s)
[ 773/1000] b=0.30, a:1.0->0.0 (p=1.0) trial  73 -> 224 gates (46.1s)
[ 774/1000] b=0.30, a:1.0->0.0 (p=1.0) trial  74 -> 218 gates (44.3s)
[ 775/1000] b=0.30, a:1.0->0.0 (p=1.0) trial  76 -> 216 gates (44.6s)
[ 776/1000] b=0.30, a:1.0->0.0 (p=1.0) trial  77 -> 212 gates (45.1s)
[ 777/1000] b=0.30, a:1.0->0.0 (p=1.0) trial  75 -> 214 gates (49.6s)
[ 778/1000] b=0.30, a:1.0->0.0 (p=1.0) trial  82 -> 232 gates (42.8s)
[ 779/1000] b=0.30, a:1.0->0.0 (p=1.0) trial  83 -> 224 gates (43.9s)
[ 780/1000] b=0.30, a:1.0->0.0 (p=1.0) trial  81 -> 224 gates (44.3s)
[ 781/1000] b=0.30, a:1.0->0.0 (p=1.0) trial  80 -> 214 gates (45.9s)
[ 782/1000] b=0.30, a:1.0->0.0 (p=1.0) trial  78 -> 214 gates (48.8s)
[ 783/1000] b=0.30, a:1.0->0.0 (p=1.0) trial  79 -> 224 gates (48.2s)
[ 784/1000] b=0.30, a:1.0->0.0 (p=1.0) trial  84 -> 210 gates (46.0s)
[ 785/1000] b=0.30, a:1.0->0.0 (p=1.0) trial  86 -> 214 gates (43.3s)
[ 786/1000] b=0.30, a:1.0->0.0 (p=1.0) trial  87 -> 214 gates (43.1s)
[ 787/1000] b=0.30, a:1.0->0.0 (p=1.0) trial  85 -> 212 gates (49.5s)
[ 788/1000] b=0.30, a:1.0->0.0 (p=1.0) trial  89 -> 218 gates (43.4s)
[ 789/1000] b=0.30, a:1.0->0.0 (p=1.0) trial  88 -> 216 gates (49.2s)
[ 790/1000] b=0.30, a:1.0->0.0 (p=1.0) trial  90 -> 228 gates (49.1s)
[ 791/1000] b=0.30, a:1.0->0.0 (p=1.0) trial  92 -> 216 gates (43.6s)
[ 792/1000] b=0.30, a:1.0->0.0 (p=1.0) trial  91 -> 222 gates (45.2s)
[ 793/1000] b=0.30, a:1.0->0.0 (p=1.0) trial  93 -> 214 gates (44.5s)
[ 794/1000] b=0.30, a:1.0->0.0 (p=1.0) trial  94 -> 222 gates (43.7s)
[ 795/1000] b=0.30, a:1.0->0.0 (p=1.0) trial  97 -> 222 gates (42.2s)
[ 796/1000] b=0.30, a:1.0->0.0 (p=1.0) trial  95 -> 218 gates (42.7s)
[ 797/1000] b=0.30, a:1.0->0.0 (p=1.0) trial  98 -> 208 gates (42.3s)
[ 798/1000] b=0.30, a:1.0->0.0 (p=1.0) trial 100 -> 220 gates (43.1s)
[ 799/1000] b=0.30, a:1.0->0.0 (p=1.0) trial  96 -> 228 gates (44.9s)
[ 800/1000] b=0.30, a:1.0->0.0 (p=1.0) trial  99 -> 216 gates (44.7s)
[System] Config C08_b0.30_as1.0_ap1.0_N10 complete -> files written
[ 801/1000] b=0.30, a:2.0->0.0 (p=2.0) trial   1 -> 230 gates (42.3s)
[ 802/1000] b=0.30, a:2.0->0.0 (p=2.0) trial   2 -> 210 gates (44.6s)
[ 803/1000] b=0.30, a:2.0->0.0 (p=2.0) trial   3 -> 226 gates (44.6s)
[ 804/1000] b=0.30, a:2.0->0.0 (p=2.0) trial   8 -> 216 gates (42.5s)
[ 805/1000] b=0.30, a:2.0->0.0 (p=2.0) trial   7 -> 226 gates (42.9s)
[ 806/1000] b=0.30, a:2.0->0.0 (p=2.0) trial   6 -> 222 gates (46.4s)
[ 807/1000] b=0.30, a:2.0->0.0 (p=2.0) trial   4 -> 220 gates (49.4s)
[ 808/1000] b=0.30, a:2.0->0.0 (p=2.0) trial   5 -> 218 gates (47.4s)
[ 809/1000] b=0.30, a:2.0->0.0 (p=2.0) trial  11 -> 222 gates (46.3s)
[ 810/1000] b=0.30, a:2.0->0.0 (p=2.0) trial   9 -> 226 gates (49.1s)
[ 811/1000] b=0.30, a:2.0->0.0 (p=2.0) trial  13 -> 224 gates (44.4s)
[ 812/1000] b=0.30, a:2.0->0.0 (p=2.0) trial  10 -> 212 gates (49.1s)
[ 813/1000] b=0.30, a:2.0->0.0 (p=2.0) trial  12 -> 224 gates (46.4s)
[ 814/1000] b=0.30, a:2.0->0.0 (p=2.0) trial  14 -> 222 gates (43.5s)
[ 815/1000] b=0.30, a:2.0->0.0 (p=2.0) trial  16 -> 214 gates (42.6s)
[ 816/1000] b=0.30, a:2.0->0.0 (p=2.0) trial  15 -> 220 gates (49.1s)
[ 817/1000] b=0.30, a:2.0->0.0 (p=2.0) trial  19 -> 224 gates (41.7s)
[ 818/1000] b=0.30, a:2.0->0.0 (p=2.0) trial  21 -> 228 gates (41.7s)
[ 819/1000] b=0.30, a:2.0->0.0 (p=2.0) trial  17 -> 218 gates (49.3s)
[ 820/1000] b=0.30, a:2.0->0.0 (p=2.0) trial  18 -> 224 gates (49.3s)
[ 821/1000] b=0.30, a:2.0->0.0 (p=2.0) trial  20 -> 218 gates (48.2s)
[ 822/1000] b=0.30, a:2.0->0.0 (p=2.0) trial  25 -> 226 gates (44.3s)
[ 823/1000] b=0.30, a:2.0->0.0 (p=2.0) trial  24 -> 222 gates (44.8s)
[ 824/1000] b=0.30, a:2.0->0.0 (p=2.0) trial  23 -> 224 gates (45.6s)
[ 825/1000] b=0.30, a:2.0->0.0 (p=2.0) trial  26 -> 214 gates (44.5s)
[ 826/1000] b=0.30, a:2.0->0.0 (p=2.0) trial  27 -> 216 gates (44.6s)
[ 827/1000] b=0.30, a:2.0->0.0 (p=2.0) trial  22 -> 220 gates (48.8s)
[ 828/1000] b=0.30, a:2.0->0.0 (p=2.0) trial  28 -> 218 gates (45.6s)
[ 829/1000] b=0.30, a:2.0->0.0 (p=2.0) trial  29 -> 216 gates (43.8s)
[ 830/1000] b=0.30, a:2.0->0.0 (p=2.0) trial  30 -> 234 gates (44.7s)
[ 831/1000] b=0.30, a:2.0->0.0 (p=2.0) trial  31 -> 222 gates (43.0s)
[ 832/1000] b=0.30, a:2.0->0.0 (p=2.0) trial  34 -> 226 gates (41.7s)
[ 833/1000] b=0.30, a:2.0->0.0 (p=2.0) trial  32 -> 220 gates (44.4s)
[ 834/1000] b=0.30, a:2.0->0.0 (p=2.0) trial  33 -> 216 gates (44.4s)
[ 835/1000] b=0.30, a:2.0->0.0 (p=2.0) trial  36 -> 218 gates (45.4s)
[ 836/1000] b=0.30, a:2.0->0.0 (p=2.0) trial  41 -> 210 gates (41.5s)
[ 837/1000] b=0.30, a:2.0->0.0 (p=2.0) trial  38 -> 218 gates (42.8s)
[ 838/1000] b=0.30, a:2.0->0.0 (p=2.0) trial  39 -> 224 gates (43.0s)
[ 839/1000] b=0.30, a:2.0->0.0 (p=2.0) trial  37 -> 224 gates (46.6s)
[ 840/1000] b=0.30, a:2.0->0.0 (p=2.0) trial  35 -> 214 gates (49.0s)
[ 841/1000] b=0.30, a:2.0->0.0 (p=2.0) trial  42 -> 218 gates (44.2s)
[ 842/1000] b=0.30, a:2.0->0.0 (p=2.0) trial  40 -> 222 gates (48.8s)
[ 843/1000] b=0.30, a:2.0->0.0 (p=2.0) trial  43 -> 212 gates (45.1s)
[ 844/1000] b=0.30, a:2.0->0.0 (p=2.0) trial  44 -> 214 gates (45.7s)
[ 845/1000] b=0.30, a:2.0->0.0 (p=2.0) trial  45 -> 224 gates (43.7s)
[ 846/1000] b=0.30, a:2.0->0.0 (p=2.0) trial  46 -> 226 gates (44.3s)
[ 847/1000] b=0.30, a:2.0->0.0 (p=2.0) trial  51 -> 218 gates (42.9s)
[ 848/1000] b=0.30, a:2.0->0.0 (p=2.0) trial  47 -> 218 gates (49.0s)
[ 849/1000] b=0.30, a:2.0->0.0 (p=2.0) trial  52 -> 218 gates (43.6s)
[ 850/1000] b=0.30, a:2.0->0.0 (p=2.0) trial  48 -> 220 gates (45.5s)
[ 851/1000] b=0.30, a:2.0->0.0 (p=2.0) trial  49 -> 214 gates (46.3s)
[ 852/1000] b=0.30, a:2.0->0.0 (p=2.0) trial  53 -> 226 gates (45.1s)
[ 853/1000] b=0.30, a:2.0->0.0 (p=2.0) trial  56 -> 224 gates (43.0s)
[ 854/1000] b=0.30, a:2.0->0.0 (p=2.0) trial  54 -> 224 gates (45.2s)
[ 855/1000] b=0.30, a:2.0->0.0 (p=2.0) trial  50 -> 210 gates (48.4s)
[ 856/1000] b=0.30, a:2.0->0.0 (p=2.0) trial  57 -> 212 gates (44.7s)
[ 857/1000] b=0.30, a:2.0->0.0 (p=2.0) trial  55 -> 220 gates (48.9s)
[ 858/1000] b=0.30, a:2.0->0.0 (p=2.0) trial  58 -> 218 gates (43.0s)
[ 859/1000] b=0.30, a:2.0->0.0 (p=2.0) trial  59 -> 218 gates (44.2s)
[ 860/1000] b=0.30, a:2.0->0.0 (p=2.0) trial  61 -> 226 gates (41.2s)
[ 861/1000] b=0.30, a:2.0->0.0 (p=2.0) trial  60 -> 214 gates (43.4s)
[ 862/1000] b=0.30, a:2.0->0.0 (p=2.0) trial  64 -> 218 gates (43.5s)
[ 863/1000] b=0.30, a:2.0->0.0 (p=2.0) trial  65 -> 220 gates (43.5s)
[ 864/1000] b=0.30, a:2.0->0.0 (p=2.0) trial  62 -> 210 gates (49.4s)
[ 865/1000] b=0.30, a:2.0->0.0 (p=2.0) trial  67 -> 218 gates (42.0s)
[ 866/1000] b=0.30, a:2.0->0.0 (p=2.0) trial  66 -> 222 gates (43.9s)
[ 867/1000] b=0.30, a:2.0->0.0 (p=2.0) trial  63 -> 214 gates (48.5s)
[ 868/1000] b=0.30, a:2.0->0.0 (p=2.0) trial  69 -> 230 gates (45.0s)
[ 869/1000] b=0.30, a:2.0->0.0 (p=2.0) trial  68 -> 232 gates (49.6s)
[ 870/1000] b=0.30, a:2.0->0.0 (p=2.0) trial  72 -> 210 gates (41.5s)
[ 871/1000] b=0.30, a:2.0->0.0 (p=2.0) trial  71 -> 216 gates (43.2s)
[ 872/1000] b=0.30, a:2.0->0.0 (p=2.0) trial  70 -> 206 gates (49.0s)
[ 873/1000] b=0.30, a:2.0->0.0 (p=2.0) trial  73 -> 220 gates (42.4s)
[ 874/1000] b=0.30, a:2.0->0.0 (p=2.0) trial  74 -> 224 gates (45.8s)
[ 875/1000] b=0.30, a:2.0->0.0 (p=2.0) trial  82 -> 216 gates (40.4s)
[ 876/1000] b=0.30, a:2.0->0.0 (p=2.0) trial  79 -> 214 gates (42.3s)
[ 877/1000] b=0.30, a:2.0->0.0 (p=2.0) trial  78 -> 218 gates (43.8s)
[ 878/1000] b=0.30, a:2.0->0.0 (p=2.0) trial  77 -> 214 gates (44.5s)
[ 879/1000] b=0.30, a:2.0->0.0 (p=2.0) trial  81 -> 210 gates (42.8s)
[ 880/1000] b=0.30, a:2.0->0.0 (p=2.0) trial  80 -> 218 gates (43.8s)
[ 881/1000] b=0.30, a:2.0->0.0 (p=2.0) trial  75 -> 212 gates (49.4s)
[ 882/1000] b=0.30, a:2.0->0.0 (p=2.0) trial  76 -> 228 gates (49.4s)
[ 883/1000] b=0.30, a:2.0->0.0 (p=2.0) trial  84 -> 212 gates (45.0s)
[ 884/1000] b=0.30, a:2.0->0.0 (p=2.0) trial  83 -> 210 gates (49.4s)
[ 885/1000] b=0.30, a:2.0->0.0 (p=2.0) trial  86 -> 216 gates (45.0s)
[ 886/1000] b=0.30, a:2.0->0.0 (p=2.0) trial  87 -> 216 gates (43.5s)
[ 887/1000] b=0.30, a:2.0->0.0 (p=2.0) trial  85 -> 228 gates (46.6s)
[ 888/1000] b=0.30, a:2.0->0.0 (p=2.0) trial  88 -> 222 gates (44.2s)
[ 889/1000] b=0.30, a:2.0->0.0 (p=2.0) trial  89 -> 224 gates (42.8s)
[ 890/1000] b=0.30, a:2.0->0.0 (p=2.0) trial  90 -> 208 gates (42.8s)
[ 891/1000] b=0.30, a:2.0->0.0 (p=2.0) trial  93 -> 224 gates (42.3s)
[ 892/1000] b=0.30, a:2.0->0.0 (p=2.0) trial  91 -> 222 gates (43.7s)
[ 893/1000] b=0.30, a:2.0->0.0 (p=2.0) trial  94 -> 222 gates (45.6s)
[ 894/1000] b=0.30, a:2.0->0.0 (p=2.0) trial  92 -> 226 gates (49.0s)
[ 895/1000] b=0.30, a:2.0->0.0 (p=2.0) trial  96 -> 218 gates (44.5s)
[ 896/1000] b=0.30, a:2.0->0.0 (p=2.0) trial  95 -> 218 gates (48.6s)
[ 897/1000] b=0.30, a:2.0->0.0 (p=2.0) trial  98 -> 220 gates (44.7s)
[ 898/1000] b=0.30, a:2.0->0.0 (p=0.5) trial   1 -> 212 gates (41.9s)
[ 899/1000] b=0.30, a:2.0->0.0 (p=2.0) trial  99 -> 212 gates (46.0s)
[ 900/1000] b=0.30, a:2.0->0.0 (p=2.0) trial  97 -> 224 gates (48.4s)
[ 901/1000] b=0.30, a:2.0->0.0 (p=2.0) trial 100 -> 222 gates (46.2s)
[System] Config C09_b0.30_as2.0_ap2.0_N10 complete -> files written
[ 902/1000] b=0.30, a:2.0->0.0 (p=0.5) trial   4 -> 216 gates (43.1s)
[ 903/1000] b=0.30, a:2.0->0.0 (p=0.5) trial   2 -> 212 gates (48.9s)
[ 904/1000] b=0.30, a:2.0->0.0 (p=0.5) trial   8 -> 218 gates (42.7s)
[ 905/1000] b=0.30, a:2.0->0.0 (p=0.5) trial   5 -> 224 gates (44.8s)
[ 906/1000] b=0.30, a:2.0->0.0 (p=0.5) trial   3 -> 218 gates (46.5s)
[ 907/1000] b=0.30, a:2.0->0.0 (p=0.5) trial   6 -> 216 gates (45.7s)
[ 908/1000] b=0.30, a:2.0->0.0 (p=0.5) trial   7 -> 222 gates (47.6s)
[ 909/1000] b=0.30, a:2.0->0.0 (p=0.5) trial   9 -> 214 gates (45.8s)
[ 910/1000] b=0.30, a:2.0->0.0 (p=0.5) trial  11 -> 226 gates (43.2s)
[ 911/1000] b=0.30, a:2.0->0.0 (p=0.5) trial  14 -> 222 gates (43.7s)
[ 912/1000] b=0.30, a:2.0->0.0 (p=0.5) trial  10 -> 208 gates (49.3s)
[ 913/1000] b=0.30, a:2.0->0.0 (p=0.5) trial  13 -> 230 gates (45.2s)
[ 914/1000] b=0.30, a:2.0->0.0 (p=0.5) trial  15 -> 224 gates (44.8s)
[ 915/1000] b=0.30, a:2.0->0.0 (p=0.5) trial  17 -> 200 gates (43.3s)
[ 916/1000] b=0.30, a:2.0->0.0 (p=0.5) trial  16 -> 218 gates (45.2s)
[ 917/1000] b=0.30, a:2.0->0.0 (p=0.5) trial  12 -> 224 gates (49.5s)
[ 918/1000] b=0.30, a:2.0->0.0 (p=0.5) trial  18 -> 228 gates (42.6s)
[ 919/1000] b=0.30, a:2.0->0.0 (p=0.5) trial  20 -> 218 gates (42.7s)
[ 920/1000] b=0.30, a:2.0->0.0 (p=0.5) trial  19 -> 218 gates (46.2s)
[ 921/1000] b=0.30, a:2.0->0.0 (p=0.5) trial  21 -> 218 gates (44.9s)
[ 922/1000] b=0.30, a:2.0->0.0 (p=0.5) trial  22 -> 222 gates (42.8s)
[ 923/1000] b=0.30, a:2.0->0.0 (p=0.5) trial  26 -> 216 gates (42.0s)
[ 924/1000] b=0.30, a:2.0->0.0 (p=0.5) trial  23 -> 216 gates (48.7s)
[ 925/1000] b=0.30, a:2.0->0.0 (p=0.5) trial  27 -> 226 gates (43.2s)
[ 926/1000] b=0.30, a:2.0->0.0 (p=0.5) trial  25 -> 218 gates (47.1s)
[ 927/1000] b=0.30, a:2.0->0.0 (p=0.5) trial  24 -> 214 gates (49.2s)
[ 928/1000] b=0.30, a:2.0->0.0 (p=0.5) trial  28 -> 208 gates (44.9s)
[ 929/1000] b=0.30, a:2.0->0.0 (p=0.5) trial  29 -> 214 gates (44.5s)
[ 930/1000] b=0.30, a:2.0->0.0 (p=0.5) trial  35 -> 212 gates (43.3s)
[ 931/1000] b=0.30, a:2.0->0.0 (p=0.5) trial  33 -> 224 gates (44.6s)
[ 932/1000] b=0.30, a:2.0->0.0 (p=0.5) trial  32 -> 200 gates (45.3s)
[ 933/1000] b=0.30, a:2.0->0.0 (p=0.5) trial  30 -> 214 gates (48.3s)
[ 934/1000] b=0.30, a:2.0->0.0 (p=0.5) trial  38 -> 208 gates (42.4s)
[ 935/1000] b=0.30, a:2.0->0.0 (p=0.5) trial  34 -> 224 gates (47.4s)
[ 936/1000] b=0.30, a:2.0->0.0 (p=0.5) trial  31 -> 230 gates (49.2s)
[ 937/1000] b=0.30, a:2.0->0.0 (p=0.5) trial  36 -> 224 gates (45.4s)
[ 938/1000] b=0.30, a:2.0->0.0 (p=0.5) trial  37 -> 208 gates (45.2s)
[ 939/1000] b=0.30, a:2.0->0.0 (p=0.5) trial  39 -> 212 gates (42.7s)
[ 940/1000] b=0.30, a:2.0->0.0 (p=0.5) trial  41 -> 220 gates (43.4s)
[ 941/1000] b=0.30, a:2.0->0.0 (p=0.5) trial  40 -> 212 gates (45.7s)
[ 942/1000] b=0.30, a:2.0->0.0 (p=0.5) trial  43 -> 216 gates (44.2s)
[ 943/1000] b=0.30, a:2.0->0.0 (p=0.5) trial  44 -> 210 gates (44.3s)
[ 944/1000] b=0.30, a:2.0->0.0 (p=0.5) trial  46 -> 212 gates (41.6s)
[ 945/1000] b=0.30, a:2.0->0.0 (p=0.5) trial  42 -> 228 gates (49.5s)
[ 946/1000] b=0.30, a:2.0->0.0 (p=0.5) trial  47 -> 224 gates (41.6s)
[ 947/1000] b=0.30, a:2.0->0.0 (p=0.5) trial  45 -> 216 gates (49.1s)
[ 948/1000] b=0.30, a:2.0->0.0 (p=0.5) trial  48 -> 214 gates (43.8s)
[ 949/1000] b=0.30, a:2.0->0.0 (p=0.5) trial  49 -> 220 gates (43.2s)
[ 950/1000] b=0.30, a:2.0->0.0 (p=0.5) trial  51 -> 220 gates (42.0s)
[ 951/1000] b=0.30, a:2.0->0.0 (p=0.5) trial  50 -> 206 gates (48.0s)
[ 952/1000] b=0.30, a:2.0->0.0 (p=0.5) trial  53 -> 206 gates (44.9s)
[ 953/1000] b=0.30, a:2.0->0.0 (p=0.5) trial  56 -> 206 gates (43.1s)
[ 954/1000] b=0.30, a:2.0->0.0 (p=0.5) trial  57 -> 212 gates (42.2s)
[ 955/1000] b=0.30, a:2.0->0.0 (p=0.5) trial  54 -> 218 gates (44.4s)
[ 956/1000] b=0.30, a:2.0->0.0 (p=0.5) trial  52 -> 236 gates (49.2s)
[ 957/1000] b=0.30, a:2.0->0.0 (p=0.5) trial  55 -> 216 gates (49.1s)
[ 958/1000] b=0.30, a:2.0->0.0 (p=0.5) trial  61 -> 220 gates (41.2s)
[ 959/1000] b=0.30, a:2.0->0.0 (p=0.5) trial  59 -> 218 gates (44.1s)
[ 960/1000] b=0.30, a:2.0->0.0 (p=0.5) trial  60 -> 218 gates (45.6s)
[ 961/1000] b=0.30, a:2.0->0.0 (p=0.5) trial  62 -> 212 gates (43.0s)
[ 962/1000] b=0.30, a:2.0->0.0 (p=0.5) trial  66 -> 202 gates (43.2s)
[ 963/1000] b=0.30, a:2.0->0.0 (p=0.5) trial  64 -> 220 gates (44.8s)
[ 964/1000] b=0.30, a:2.0->0.0 (p=0.5) trial  65 -> 214 gates (45.0s)
[ 965/1000] b=0.30, a:2.0->0.0 (p=0.5) trial  58 -> 224 gates (50.1s)
[ 966/1000] b=0.30, a:2.0->0.0 (p=0.5) trial  67 -> 212 gates (43.3s)
[ 967/1000] b=0.30, a:2.0->0.0 (p=0.5) trial  63 -> 214 gates (48.7s)
[ 968/1000] b=0.30, a:2.0->0.0 (p=0.5) trial  68 -> 218 gates (44.9s)
[ 969/1000] b=0.30, a:2.0->0.0 (p=0.5) trial  69 -> 228 gates (44.4s)
[ 970/1000] b=0.30, a:2.0->0.0 (p=0.5) trial  72 -> 210 gates (42.9s)
[ 971/1000] b=0.30, a:2.0->0.0 (p=0.5) trial  70 -> 202 gates (45.7s)
[ 972/1000] b=0.30, a:2.0->0.0 (p=0.5) trial  71 -> 212 gates (47.2s)
[ 973/1000] b=0.30, a:2.0->0.0 (p=0.5) trial  74 -> 216 gates (45.8s)
[ 974/1000] b=0.30, a:2.0->0.0 (p=0.5) trial  73 -> 214 gates (46.2s)
[ 975/1000] b=0.30, a:2.0->0.0 (p=0.5) trial  76 -> 220 gates (42.3s)
[ 976/1000] b=0.30, a:2.0->0.0 (p=0.5) trial  77 -> 216 gates (42.6s)
[ 977/1000] b=0.30, a:2.0->0.0 (p=0.5) trial  75 -> 208 gates (48.5s)
[ 978/1000] b=0.30, a:2.0->0.0 (p=0.5) trial  78 -> 220 gates (44.6s)
[ 979/1000] b=0.30, a:2.0->0.0 (p=0.5) trial  79 -> 216 gates (44.9s)
[ 980/1000] b=0.30, a:2.0->0.0 (p=0.5) trial  80 -> 226 gates (41.9s)
[ 981/1000] b=0.30, a:2.0->0.0 (p=0.5) trial  82 -> 214 gates (41.2s)
[ 982/1000] b=0.30, a:2.0->0.0 (p=0.5) trial  83 -> 214 gates (42.4s)
[ 983/1000] b=0.30, a:2.0->0.0 (p=0.5) trial  81 -> 212 gates (43.7s)
[ 984/1000] b=0.30, a:2.0->0.0 (p=0.5) trial  84 -> 216 gates (43.5s)
[ 985/1000] b=0.30, a:2.0->0.0 (p=0.5) trial  85 -> 220 gates (42.5s)
[ 986/1000] b=0.30, a:2.0->0.0 (p=0.5) trial  86 -> 212 gates (40.0s)
[ 987/1000] b=0.30, a:2.0->0.0 (p=0.5) trial  87 -> 218 gates (39.3s)
[ 988/1000] b=0.30, a:2.0->0.0 (p=0.5) trial  88 -> 210 gates (39.8s)
[ 989/1000] b=0.30, a:2.0->0.0 (p=0.5) trial  90 -> 216 gates (37.3s)
[ 990/1000] b=0.30, a:2.0->0.0 (p=0.5) trial  89 -> 226 gates (40.1s)
[ 991/1000] b=0.30, a:2.0->0.0 (p=0.5) trial  91 -> 216 gates (37.4s)
[ 992/1000] b=0.30, a:2.0->0.0 (p=0.5) trial  92 -> 214 gates (37.0s)
[ 993/1000] b=0.30, a:2.0->0.0 (p=0.5) trial  94 -> 222 gates (37.0s)
[ 994/1000] b=0.30, a:2.0->0.0 (p=0.5) trial  93 -> 216 gates (38.1s)
[ 995/1000] b=0.30, a:2.0->0.0 (p=0.5) trial  96 -> 210 gates (34.7s)
[ 996/1000] b=0.30, a:2.0->0.0 (p=0.5) trial  95 -> 218 gates (36.6s)
[ 997/1000] b=0.30, a:2.0->0.0 (p=0.5) trial  97 -> 208 gates (34.8s)
[ 998/1000] b=0.30, a:2.0->0.0 (p=0.5) trial  98 -> 210 gates (33.9s)
[ 999/1000] b=0.30, a:2.0->0.0 (p=0.5) trial  99 -> 236 gates (34.3s)
[1000/1000] b=0.30, a:2.0->0.0 (p=0.5) trial 100 -> 212 gates (32.4s)
[System] Config C10_b0.30_as2.0_ap0.5_N10 complete -> files written

                   config    b  a_start  a_end  a_decay_power  final_avg_gates  final_std  gen1000_avg_gates  best_gates  worst_gates  median_gates  avg_time_s
C10_b0.30_as2.0_ap0.5_N10 0.30      2.0    0.0            0.5           216.48      6.969             223.14         200          236         216.0       43.70
C01_b0.45_as2.0_ap1.0_N10 0.45      2.0    0.0            1.0           217.56      5.348             222.82         206          232         218.0       43.30
C05_b0.45_as2.0_ap0.5_N10 0.45      2.0    0.0            0.5           217.78      5.663             224.16         202          232         218.0       45.28
C02_b0.45_as3.0_ap1.0_N10 0.45      3.0    0.0            1.0           218.08      5.351             223.74         206          228         218.0       43.98
C07_b0.30_as3.0_ap1.0_N10 0.30      3.0    0.0            1.0           218.30      5.868             225.04         206          232         218.0       45.10
C03_b0.45_as1.0_ap1.0_N10 0.45      1.0    0.0            1.0           218.40      6.609             224.52         198          234         218.0       44.97
C06_b0.30_as2.0_ap1.0_N10 0.30      2.0    0.0            1.0           219.02      6.010             225.54         202          236         220.0       44.41
C08_b0.30_as1.0_ap1.0_N10 0.30      1.0    0.0            1.0           219.18      5.954             226.88         198          232         220.0       45.10
C04_b0.45_as2.0_ap2.0_N10 0.45      2.0    0.0            2.0           219.36      5.628             225.10         206          234         220.0       45.09
C09_b0.30_as2.0_ap2.0_N10 0.30      2.0    0.0            2.0           219.36      5.684             225.20         206          234         219.0       45.17

[System] All results in: param_sweep\6bit_p1_WOA_ab
[Plot] Wrote convergence_ab.pdf/png and convergence_data.csv to param_sweep\6bit_p1_WOA_ab (10 configs)
