[System] WOA: 10 configs (N=10 fixed) x 100 trials x 3000 iters = 1000 runs on 28 workers
[System] Live progress: param_sweep\6bit_p1_WOA\progress.txt
[   1/1000] b=0.50 trial   6 -> 224 gates (40.8s)
[   2/1000] b=0.50 trial   4 -> 218 gates (41.8s)
[   3/1000] b=0.50 trial  13 -> 218 gates (41.8s)
[   4/1000] b=0.50 trial   8 -> 212 gates (41.9s)
[   5/1000] b=0.50 trial  25 -> 228 gates (41.8s)
[   6/1000] b=0.50 trial   9 -> 224 gates (42.0s)
[   7/1000] b=0.50 trial  10 -> 220 gates (42.4s)
[   8/1000] b=0.50 trial   5 -> 220 gates (42.5s)
[   9/1000] b=0.50 trial  15 -> 222 gates (42.9s)
[  10/1000] b=0.50 trial  28 -> 212 gates (43.1s)
[  11/1000] b=0.50 trial   3 -> 224 gates (43.4s)
[  12/1000] b=0.50 trial  19 -> 220 gates (43.3s)
[  13/1000] b=0.50 trial  24 -> 220 gates (43.5s)
[  14/1000] b=0.50 trial  26 -> 226 gates (43.8s)
[  15/1000] b=0.50 trial  11 -> 220 gates (44.0s)
[  16/1000] b=0.50 trial   2 -> 224 gates (44.1s)
[  17/1000] b=0.50 trial   7 -> 214 gates (44.1s)
[  18/1000] b=0.50 trial  27 -> 214 gates (44.4s)
[  19/1000] b=0.50 trial  22 -> 220 gates (44.8s)
[  20/1000] b=0.50 trial  14 -> 226 gates (45.1s)
[  21/1000] b=0.50 trial  18 -> 214 gates (45.2s)
[  22/1000] b=0.50 trial  17 -> 212 gates (46.1s)
[  23/1000] b=0.50 trial  12 -> 212 gates (46.1s)
[  24/1000] b=0.50 trial  23 -> 222 gates (46.2s)
[  25/1000] b=0.50 trial  16 -> 222 gates (46.6s)
[  26/1000] b=0.50 trial   1 -> 222 gates (46.8s)
[  27/1000] b=0.50 trial  21 -> 210 gates (47.2s)
[  28/1000] b=0.50 trial  20 -> 210 gates (47.3s)
[  29/1000] b=0.50 trial  34 -> 216 gates (40.9s)
[  30/1000] b=0.50 trial  45 -> 224 gates (39.9s)
[  31/1000] b=0.50 trial  36 -> 216 gates (42.1s)
[  32/1000] b=0.50 trial  31 -> 220 gates (42.7s)
[  33/1000] b=0.50 trial  33 -> 214 gates (42.7s)
[  34/1000] b=0.50 trial  35 -> 220 gates (42.6s)
[  35/1000] b=0.50 trial  38 -> 220 gates (42.5s)
[  36/1000] b=0.50 trial  44 -> 214 gates (41.9s)
[  37/1000] b=0.50 trial  41 -> 234 gates (42.4s)
[  38/1000] b=0.50 trial  49 -> 206 gates (41.0s)
[  39/1000] b=0.50 trial  32 -> 210 gates (44.6s)
[  40/1000] b=0.50 trial  39 -> 220 gates (43.3s)
[  41/1000] b=0.50 trial  29 -> 214 gates (46.0s)
[  42/1000] b=0.50 trial  37 -> 216 gates (44.1s)
[  43/1000] b=0.50 trial  43 -> 222 gates (43.7s)
[  44/1000] b=0.50 trial  46 -> 218 gates (43.3s)
[  45/1000] b=0.50 trial  30 -> 206 gates (46.7s)
[  46/1000] b=0.50 trial  48 -> 218 gates (43.4s)
[  47/1000] b=0.50 trial  42 -> 222 gates (45.2s)
[  48/1000] b=0.50 trial  40 -> 222 gates (45.9s)
[  49/1000] b=0.50 trial  47 -> 210 gates (44.4s)
[  50/1000] b=0.50 trial  51 -> 218 gates (44.1s)
[  51/1000] b=0.50 trial  54 -> 212 gates (43.9s)
[  52/1000] b=0.50 trial  56 -> 222 gates (43.5s)
[  53/1000] b=0.50 trial  50 -> 216 gates (45.8s)
[  54/1000] b=0.50 trial  52 -> 220 gates (47.3s)
[  55/1000] b=0.50 trial  53 -> 204 gates (47.4s)
[  56/1000] b=0.50 trial  55 -> 216 gates (47.5s)
[  57/1000] b=0.50 trial  63 -> 214 gates (40.4s)
[  58/1000] b=0.50 trial  60 -> 216 gates (42.3s)
[  59/1000] b=0.50 trial  57 -> 218 gates (44.2s)
[  60/1000] b=0.50 trial  59 -> 220 gates (42.9s)
[  61/1000] b=0.50 trial  62 -> 218 gates (42.7s)
[  62/1000] b=0.50 trial  66 -> 212 gates (41.5s)
[  63/1000] b=0.50 trial  68 -> 216 gates (41.1s)
[  64/1000] b=0.50 trial  58 -> 218 gates (44.0s)
[  65/1000] b=0.50 trial  65 -> 224 gates (43.4s)
[  66/1000] b=0.50 trial  64 -> 216 gates (44.0s)
[  67/1000] b=0.50 trial  71 -> 218 gates (42.2s)
[  68/1000] b=0.50 trial  77 -> 228 gates (40.8s)
[  69/1000] b=0.50 trial  72 -> 218 gates (42.4s)
[  70/1000] b=0.50 trial  61 -> 234 gates (45.7s)
[  71/1000] b=0.50 trial  73 -> 234 gates (42.1s)
[  72/1000] b=0.50 trial  70 -> 218 gates (44.1s)
[  73/1000] b=0.50 trial  75 -> 212 gates (42.5s)
[  74/1000] b=0.50 trial  80 -> 224 gates (42.6s)
[  75/1000] b=0.50 trial  69 -> 200 gates (46.8s)
[  76/1000] b=0.50 trial  74 -> 218 gates (45.6s)
[  77/1000] b=0.50 trial  67 -> 212 gates (47.7s)
[  78/1000] b=0.50 trial  81 -> 214 gates (42.8s)
[  79/1000] b=0.50 trial  79 -> 220 gates (45.5s)
[  80/1000] b=0.50 trial  76 -> 214 gates (47.2s)
[  81/1000] b=0.50 trial  84 -> 218 gates (42.8s)
[  82/1000] b=0.50 trial  78 -> 210 gates (47.3s)
[  83/1000] b=0.50 trial  82 -> 222 gates (47.4s)
[  84/1000] b=0.50 trial  83 -> 220 gates (47.9s)
[  85/1000] b=0.50 trial  85 -> 224 gates (40.9s)
[  86/1000] b=0.50 trial  92 -> 216 gates (40.6s)
[  87/1000] b=0.50 trial  90 -> 224 gates (41.1s)
[  88/1000] b=0.50 trial  91 -> 214 gates (41.4s)
[  89/1000] b=0.50 trial  89 -> 220 gates (41.8s)
[  90/1000] b=0.50 trial  87 -> 216 gates (43.3s)
[  91/1000] b=0.50 trial  88 -> 214 gates (43.5s)
[  92/1000] b=0.50 trial  97 -> 218 gates (41.3s)
[  93/1000] b=0.50 trial  95 -> 208 gates (42.2s)
[  94/1000] b=0.50 trial  99 -> 220 gates (41.8s)
[  95/1000] b=0.50 trial  86 -> 222 gates (45.7s)
[  96/1000] b=0.50 trial  93 -> 218 gates (43.6s)
[  97/1000] b=0.50 trial  98 -> 212 gates (42.8s)
[  98/1000] b=0.50 trial  94 -> 228 gates (44.2s)
[  99/1000] b=0.50 trial  96 -> 222 gates (44.7s)
[ 100/1000] b=0.80 trial   4 -> 220 gates (41.2s)
[ 101/1000] b=0.80 trial   2 -> 218 gates (43.0s)
[ 102/1000] b=0.80 trial   1 -> 216 gates (46.0s)
[ 103/1000] b=0.80 trial   6 -> 226 gates (43.3s)
[ 104/1000] b=0.50 trial 100 -> 222 gates (47.2s)
[System] Config C01_b0.50_N10 complete -> files written
[ 105/1000] b=0.80 trial   3 -> 222 gates (45.6s)
[ 106/1000] b=0.80 trial   7 -> 222 gates (44.5s)
[ 107/1000] b=0.80 trial   5 -> 220 gates (47.4s)
[ 108/1000] b=0.80 trial   8 -> 222 gates (46.5s)
[ 109/1000] b=0.80 trial  10 -> 226 gates (45.7s)
[ 110/1000] b=0.80 trial  11 -> 222 gates (42.4s)
[ 111/1000] b=0.80 trial   9 -> 224 gates (46.0s)
[ 112/1000] b=0.80 trial  12 -> 218 gates (47.6s)
[ 113/1000] b=0.80 trial  13 -> 220 gates (42.7s)
[ 114/1000] b=0.80 trial  16 -> 226 gates (42.4s)
[ 115/1000] b=0.80 trial  15 -> 214 gates (43.7s)
[ 116/1000] b=0.80 trial  20 -> 214 gates (42.1s)
[ 117/1000] b=0.80 trial  19 -> 216 gates (43.1s)
[ 118/1000] b=0.80 trial  14 -> 228 gates (46.0s)
[ 119/1000] b=0.80 trial  17 -> 220 gates (45.4s)
[ 120/1000] b=0.80 trial  25 -> 220 gates (42.6s)
[ 121/1000] b=0.80 trial  24 -> 224 gates (43.4s)
[ 122/1000] b=0.80 trial  21 -> 224 gates (44.6s)
[ 123/1000] b=0.80 trial  26 -> 222 gates (42.7s)
[ 124/1000] b=0.80 trial  18 -> 222 gates (48.4s)
[ 125/1000] b=0.80 trial  22 -> 222 gates (46.7s)
[ 126/1000] b=0.80 trial  27 -> 228 gates (44.5s)
[ 127/1000] b=0.80 trial  30 -> 222 gates (41.9s)
[ 128/1000] b=0.80 trial  28 -> 222 gates (44.3s)
[ 129/1000] b=0.80 trial  23 -> 222 gates (47.5s)
[ 130/1000] b=0.80 trial  31 -> 228 gates (42.7s)
[ 131/1000] b=0.80 trial  29 -> 230 gates (44.4s)
[ 132/1000] b=0.80 trial  34 -> 224 gates (43.8s)
[ 133/1000] b=0.80 trial  33 -> 230 gates (46.0s)
[ 134/1000] b=0.80 trial  38 -> 222 gates (43.1s)
[ 135/1000] b=0.80 trial  32 -> 222 gates (48.5s)
[ 136/1000] b=0.80 trial  37 -> 222 gates (44.2s)
[ 137/1000] b=0.80 trial  35 -> 228 gates (49.4s)
[ 138/1000] b=0.80 trial  36 -> 218 gates (48.2s)
[ 139/1000] b=0.80 trial  39 -> 210 gates (48.3s)
[ 140/1000] b=0.80 trial  40 -> 218 gates (43.9s)
[ 141/1000] b=0.80 trial  41 -> 210 gates (41.8s)
[ 142/1000] b=0.80 trial  43 -> 218 gates (44.1s)
[ 143/1000] b=0.80 trial  42 -> 224 gates (45.1s)
[ 144/1000] b=0.80 trial  47 -> 222 gates (42.4s)
[ 145/1000] b=0.80 trial  48 -> 222 gates (42.6s)
[ 146/1000] b=0.80 trial  51 -> 224 gates (41.7s)
[ 147/1000] b=0.80 trial  46 -> 220 gates (44.6s)
[ 148/1000] b=0.80 trial  49 -> 230 gates (44.3s)
[ 149/1000] b=0.80 trial  55 -> 226 gates (41.3s)
[ 150/1000] b=0.80 trial  54 -> 222 gates (42.6s)
[ 151/1000] b=0.80 trial  45 -> 220 gates (48.2s)
[ 152/1000] b=0.80 trial  44 -> 218 gates (49.1s)
[ 153/1000] b=0.80 trial  53 -> 236 gates (44.0s)
[ 154/1000] b=0.80 trial  50 -> 216 gates (46.5s)
[ 155/1000] b=0.80 trial  52 -> 226 gates (44.9s)
[ 156/1000] b=0.80 trial  59 -> 222 gates (43.1s)
[ 157/1000] b=0.80 trial  58 -> 224 gates (44.3s)
[ 158/1000] b=0.80 trial  56 -> 222 gates (45.7s)
[ 159/1000] b=0.80 trial  57 -> 224 gates (46.5s)
[ 160/1000] b=0.80 trial  60 -> 218 gates (44.5s)
[ 161/1000] b=0.80 trial  62 -> 220 gates (44.1s)
[ 162/1000] b=0.80 trial  64 -> 224 gates (43.3s)
[ 163/1000] b=0.80 trial  61 -> 230 gates (49.1s)
[ 164/1000] b=0.80 trial  65 -> 224 gates (44.2s)
[ 165/1000] b=0.80 trial  63 -> 226 gates (49.2s)
[ 166/1000] b=0.80 trial  66 -> 240 gates (48.5s)
[ 167/1000] b=0.80 trial  67 -> 216 gates (49.1s)
[ 168/1000] b=0.80 trial  68 -> 224 gates (49.7s)
[ 169/1000] b=0.80 trial  69 -> 222 gates (43.1s)
[ 170/1000] b=0.80 trial  72 -> 224 gates (43.5s)
[ 171/1000] b=0.80 trial  70 -> 220 gates (44.4s)
[ 172/1000] b=0.80 trial  71 -> 214 gates (45.2s)
[ 173/1000] b=0.80 trial  75 -> 222 gates (43.3s)
[ 174/1000] b=0.80 trial  73 -> 224 gates (44.5s)
[ 175/1000] b=0.80 trial  74 -> 228 gates (44.3s)
[ 176/1000] b=0.80 trial  76 -> 226 gates (42.1s)
[ 177/1000] b=0.80 trial  77 -> 224 gates (42.6s)
[ 178/1000] b=0.80 trial  83 -> 218 gates (42.0s)
[ 179/1000] b=0.80 trial  78 -> 226 gates (45.1s)
[ 180/1000] b=0.80 trial  79 -> 224 gates (45.5s)
[ 181/1000] b=0.80 trial  85 -> 216 gates (43.9s)
[ 182/1000] b=0.80 trial  81 -> 218 gates (45.9s)
[ 183/1000] b=0.80 trial  86 -> 216 gates (44.2s)
[ 184/1000] b=0.80 trial  87 -> 220 gates (44.0s)
[ 185/1000] b=0.80 trial  84 -> 224 gates (46.6s)
[ 186/1000] b=0.80 trial  80 -> 216 gates (48.4s)
[ 187/1000] b=0.80 trial  88 -> 222 gates (42.4s)
[ 188/1000] b=0.80 trial  82 -> 218 gates (49.3s)
[ 189/1000] b=0.80 trial  90 -> 222 gates (43.9s)
[ 190/1000] b=0.80 trial  89 -> 226 gates (45.7s)
[ 191/1000] b=0.80 trial  93 -> 220 gates (44.2s)
[ 192/1000] b=0.80 trial  91 -> 222 gates (48.1s)
[ 193/1000] b=0.80 trial  92 -> 228 gates (47.4s)
[ 194/1000] b=0.80 trial  94 -> 230 gates (48.9s)
[ 195/1000] b=0.80 trial  95 -> 224 gates (48.3s)
[ 196/1000] b=0.80 trial  96 -> 224 gates (49.5s)
[ 197/1000] b=0.80 trial  97 -> 218 gates (42.8s)
[ 198/1000] b=0.80 trial  98 -> 218 gates (42.6s)
[ 199/1000] b=1.00 trial   1 -> 226 gates (43.6s)
[ 200/1000] b=1.00 trial   4 -> 228 gates (43.4s)
[ 201/1000] b=0.80 trial  99 -> 216 gates (45.6s)
[ 202/1000] b=1.00 trial   5 -> 228 gates (43.4s)
[ 203/1000] b=1.00 trial   3 -> 228 gates (44.7s)
[ 204/1000] b=1.00 trial   7 -> 226 gates (41.1s)
[ 205/1000] b=1.00 trial   2 -> 226 gates (45.7s)
[ 206/1000] b=1.00 trial   6 -> 222 gates (42.8s)
[ 207/1000] b=1.00 trial   8 -> 228 gates (42.8s)
[ 208/1000] b=0.80 trial 100 -> 230 gates (48.7s)
[System] Config C02_b0.80_N10 complete -> files written
[ 209/1000] b=1.00 trial  10 -> 226 gates (45.3s)
[ 210/1000] b=1.00 trial  11 -> 224 gates (44.9s)
[ 211/1000] b=1.00 trial  15 -> 220 gates (43.9s)
[ 212/1000] b=1.00 trial   9 -> 222 gates (46.8s)
[ 213/1000] b=1.00 trial  13 -> 218 gates (46.2s)
[ 214/1000] b=1.00 trial  18 -> 224 gates (41.1s)
[ 215/1000] b=1.00 trial  14 -> 226 gates (46.7s)
[ 216/1000] b=1.00 trial  12 -> 236 gates (48.9s)
[ 217/1000] b=1.00 trial  17 -> 228 gates (46.4s)
[ 218/1000] b=1.00 trial  16 -> 228 gates (49.4s)
[ 219/1000] b=1.00 trial  19 -> 228 gates (45.6s)
[ 220/1000] b=1.00 trial  20 -> 224 gates (43.2s)
[ 221/1000] b=1.00 trial  21 -> 224 gates (47.2s)
[ 222/1000] b=1.00 trial  22 -> 228 gates (45.7s)
[ 223/1000] b=1.00 trial  24 -> 230 gates (45.3s)
[ 224/1000] b=1.00 trial  23 -> 224 gates (49.5s)
[ 225/1000] b=1.00 trial  25 -> 222 gates (43.7s)
[ 226/1000] b=1.00 trial  26 -> 222 gates (44.1s)
[ 227/1000] b=1.00 trial  27 -> 228 gates (42.2s)
[ 228/1000] b=1.00 trial  30 -> 230 gates (42.7s)
[ 229/1000] b=1.00 trial  29 -> 222 gates (44.0s)
[ 230/1000] b=1.00 trial  32 -> 230 gates (42.6s)
[ 231/1000] b=1.00 trial  34 -> 224 gates (42.5s)
[ 232/1000] b=1.00 trial  28 -> 236 gates (48.8s)
[ 233/1000] b=1.00 trial  33 -> 220 gates (47.3s)
[ 234/1000] b=1.00 trial  37 -> 228 gates (42.2s)
[ 235/1000] b=1.00 trial  31 -> 230 gates (49.5s)
[ 236/1000] b=1.00 trial  36 -> 234 gates (47.7s)
[ 237/1000] b=1.00 trial  39 -> 224 gates (43.7s)
[ 238/1000] b=1.00 trial  38 -> 222 gates (45.1s)
[ 239/1000] b=1.00 trial  35 -> 236 gates (49.6s)
[ 240/1000] b=1.00 trial  41 -> 226 gates (44.1s)
[ 241/1000] b=1.00 trial  44 -> 224 gates (41.6s)
[ 242/1000] b=1.00 trial  42 -> 226 gates (44.1s)
[ 243/1000] b=1.00 trial  40 -> 222 gates (46.6s)
[ 244/1000] b=1.00 trial  45 -> 232 gates (45.1s)
[ 245/1000] b=1.00 trial  43 -> 222 gates (48.9s)
[ 246/1000] b=1.00 trial  47 -> 228 gates (42.6s)
[ 247/1000] b=1.00 trial  46 -> 228 gates (49.3s)
[ 248/1000] b=1.00 trial  48 -> 232 gates (46.3s)
[ 249/1000] b=1.00 trial  49 -> 228 gates (42.5s)
[ 250/1000] b=1.00 trial  50 -> 234 gates (44.2s)
[ 251/1000] b=1.00 trial  52 -> 222 gates (43.8s)
[ 252/1000] b=1.00 trial  53 -> 222 gates (42.8s)
[ 253/1000] b=1.00 trial  51 -> 230 gates (49.5s)
[ 254/1000] b=1.00 trial  54 -> 224 gates (41.3s)
[ 255/1000] b=1.00 trial  55 -> 220 gates (42.6s)
[ 256/1000] b=1.00 trial  59 -> 228 gates (43.1s)
[ 257/1000] b=1.00 trial  56 -> 238 gates (45.2s)
[ 258/1000] b=1.00 trial  58 -> 232 gates (44.5s)
[ 259/1000] b=1.00 trial  57 -> 226 gates (47.9s)
[ 260/1000] b=1.00 trial  62 -> 222 gates (42.8s)
[ 261/1000] b=1.00 trial  61 -> 226 gates (43.7s)
[ 262/1000] b=1.00 trial  60 -> 230 gates (46.5s)
[ 263/1000] b=1.00 trial  65 -> 222 gates (42.8s)
[ 264/1000] b=1.00 trial  69 -> 228 gates (43.7s)
[ 265/1000] b=1.00 trial  70 -> 224 gates (43.6s)
[ 266/1000] b=1.00 trial  66 -> 234 gates (46.1s)
[ 267/1000] b=1.00 trial  67 -> 226 gates (45.9s)
[ 268/1000] b=1.00 trial  63 -> 226 gates (49.3s)
[ 269/1000] b=1.00 trial  64 -> 232 gates (48.9s)
[ 270/1000] b=1.00 trial  68 -> 232 gates (46.6s)
[ 271/1000] b=1.00 trial  71 -> 230 gates (45.5s)
[ 272/1000] b=1.00 trial  73 -> 224 gates (42.6s)
[ 273/1000] b=1.00 trial  74 -> 228 gates (44.2s)
[ 274/1000] b=1.00 trial  72 -> 228 gates (49.2s)
[ 275/1000] b=1.00 trial  75 -> 226 gates (45.9s)
[ 276/1000] b=1.00 trial  77 -> 228 gates (46.0s)
[ 277/1000] b=1.00 trial  76 -> 222 gates (47.7s)
[ 278/1000] b=1.00 trial  78 -> 232 gates (43.4s)
[ 279/1000] b=1.00 trial  79 -> 222 gates (42.5s)
[ 280/1000] b=1.00 trial  80 -> 226 gates (42.6s)
[ 281/1000] b=1.00 trial  82 -> 224 gates (44.9s)
[ 282/1000] b=1.00 trial  84 -> 228 gates (42.1s)
[ 283/1000] b=1.00 trial  81 -> 230 gates (50.2s)
[ 284/1000] b=1.00 trial  85 -> 222 gates (43.1s)
[ 285/1000] b=1.00 trial  83 -> 226 gates (47.8s)
[ 286/1000] b=1.00 trial  86 -> 218 gates (43.4s)
[ 287/1000] b=1.00 trial  88 -> 220 gates (43.4s)
[ 288/1000] b=1.00 trial  89 -> 228 gates (45.5s)
[ 289/1000] b=1.00 trial  91 -> 222 gates (44.1s)
[ 290/1000] b=1.00 trial  90 -> 228 gates (45.3s)
[ 291/1000] b=1.00 trial  92 -> 226 gates (42.8s)
[ 292/1000] b=1.00 trial  87 -> 234 gates (49.2s)
[ 293/1000] b=1.00 trial  94 -> 228 gates (43.7s)
[ 294/1000] b=1.00 trial 100 -> 226 gates (41.7s)
[ 295/1000] b=1.00 trial  93 -> 228 gates (47.1s)
[ 296/1000] b=1.00 trial  95 -> 224 gates (47.9s)
[ 297/1000] b=1.00 trial  98 -> 234 gates (46.8s)
[ 298/1000] b=1.00 trial  99 -> 222 gates (47.5s)
[ 299/1000] b=1.00 trial  96 -> 226 gates (49.4s)
[ 300/1000] b=1.00 trial  97 -> 230 gates (49.6s)
[System] Config C03_b1.00_N10 complete -> files written
[ 301/1000] b=1.20 trial   1 -> 228 gates (45.8s)
[ 302/1000] b=1.20 trial   4 -> 224 gates (41.7s)
[ 303/1000] b=1.20 trial   3 -> 216 gates (43.1s)
[ 304/1000] b=1.20 trial   5 -> 232 gates (44.8s)
[ 305/1000] b=1.20 trial   2 -> 224 gates (49.4s)
[ 306/1000] b=1.20 trial   7 -> 226 gates (40.8s)
[ 307/1000] b=1.20 trial   6 -> 228 gates (45.9s)
[ 308/1000] b=1.20 trial   8 -> 236 gates (42.9s)
[ 309/1000] b=1.20 trial   9 -> 232 gates (43.9s)
[ 310/1000] b=1.20 trial  10 -> 226 gates (43.7s)
[ 311/1000] b=1.20 trial  11 -> 224 gates (43.7s)
[ 312/1000] b=1.20 trial  12 -> 224 gates (44.6s)
[ 313/1000] b=1.20 trial  14 -> 228 gates (44.1s)
[ 314/1000] b=1.20 trial  13 -> 228 gates (47.3s)
[ 315/1000] b=1.20 trial  17 -> 226 gates (41.1s)
[ 316/1000] b=1.20 trial  16 -> 222 gates (44.7s)
[ 317/1000] b=1.20 trial  15 -> 226 gates (48.8s)
[ 318/1000] b=1.20 trial  19 -> 230 gates (43.8s)
[ 319/1000] b=1.20 trial  18 -> 232 gates (46.4s)
[ 320/1000] b=1.20 trial  21 -> 222 gates (44.7s)
[ 321/1000] b=1.20 trial  23 -> 232 gates (42.5s)
[ 322/1000] b=1.20 trial  20 -> 224 gates (49.4s)
[ 323/1000] b=1.20 trial  22 -> 234 gates (46.5s)
[ 324/1000] b=1.20 trial  26 -> 238 gates (43.3s)
[ 325/1000] b=1.20 trial  25 -> 226 gates (45.5s)
[ 326/1000] b=1.20 trial  27 -> 220 gates (46.4s)
[ 327/1000] b=1.20 trial  31 -> 234 gates (43.0s)
[ 328/1000] b=1.20 trial  24 -> 232 gates (49.5s)
[ 329/1000] b=1.20 trial  30 -> 226 gates (44.3s)
[ 330/1000] b=1.20 trial  29 -> 232 gates (46.2s)
[ 331/1000] b=1.20 trial  28 -> 230 gates (48.8s)
[ 332/1000] b=1.20 trial  32 -> 222 gates (44.8s)
[ 333/1000] b=1.20 trial  34 -> 224 gates (44.6s)
[ 334/1000] b=1.20 trial  36 -> 224 gates (43.7s)
[ 335/1000] b=1.20 trial  35 -> 230 gates (46.4s)
[ 336/1000] b=1.20 trial  33 -> 228 gates (49.6s)
[ 337/1000] b=1.20 trial  37 -> 230 gates (41.6s)
[ 338/1000] b=1.20 trial  41 -> 230 gates (42.6s)
[ 339/1000] b=1.20 trial  39 -> 234 gates (44.4s)
[ 340/1000] b=1.20 trial  38 -> 230 gates (47.4s)
[ 341/1000] b=1.20 trial  40 -> 224 gates (46.2s)
[ 342/1000] b=1.20 trial  43 -> 222 gates (46.0s)
[ 343/1000] b=1.20 trial  42 -> 232 gates (49.0s)
[ 344/1000] b=1.20 trial  44 -> 228 gates (46.5s)
[ 345/1000] b=1.20 trial  48 -> 224 gates (42.7s)
[ 346/1000] b=1.20 trial  49 -> 224 gates (42.5s)
[ 347/1000] b=1.20 trial  47 -> 236 gates (44.3s)
[ 348/1000] b=1.20 trial  50 -> 232 gates (41.6s)
[ 349/1000] b=1.20 trial  46 -> 224 gates (47.4s)
[ 350/1000] b=1.20 trial  51 -> 222 gates (42.0s)
[ 351/1000] b=1.20 trial  45 -> 234 gates (49.2s)
[ 352/1000] b=1.20 trial  52 -> 228 gates (42.9s)
[ 353/1000] b=1.20 trial  53 -> 230 gates (44.7s)
[ 354/1000] b=1.20 trial  56 -> 232 gates (43.4s)
[ 355/1000] b=1.20 trial  57 -> 226 gates (43.6s)
[ 356/1000] b=1.20 trial  58 -> 224 gates (44.8s)
[ 357/1000] b=1.20 trial  54 -> 226 gates (48.1s)
[ 358/1000] b=1.20 trial  59 -> 222 gates (46.7s)
[ 359/1000] b=1.20 trial  55 -> 228 gates (49.7s)
[ 360/1000] b=1.20 trial  61 -> 232 gates (43.8s)
[ 361/1000] b=1.20 trial  60 -> 232 gates (46.9s)
[ 362/1000] b=1.20 trial  62 -> 232 gates (44.0s)
[ 363/1000] b=1.20 trial  63 -> 234 gates (44.7s)
[ 364/1000] b=1.20 trial  64 -> 232 gates (46.6s)
[ 365/1000] b=1.20 trial  65 -> 232 gates (47.3s)
[ 366/1000] b=1.20 trial  66 -> 228 gates (43.6s)
[ 367/1000] b=1.20 trial  67 -> 224 gates (44.5s)
[ 368/1000] b=1.20 trial  70 -> 230 gates (42.9s)
[ 369/1000] b=1.20 trial  68 -> 230 gates (49.1s)
[ 370/1000] b=1.20 trial  69 -> 220 gates (49.2s)
[ 371/1000] b=1.20 trial  71 -> 228 gates (43.5s)
[ 372/1000] b=1.20 trial  75 -> 226 gates (42.3s)
[ 373/1000] b=1.20 trial  72 -> 228 gates (43.9s)
[ 374/1000] b=1.20 trial  77 -> 222 gates (43.7s)
[ 375/1000] b=1.20 trial  76 -> 236 gates (44.6s)
[ 376/1000] b=1.20 trial  80 -> 224 gates (43.1s)
[ 377/1000] b=1.20 trial  79 -> 220 gates (44.0s)
[ 378/1000] b=1.20 trial  73 -> 226 gates (48.6s)
[ 379/1000] b=1.20 trial  74 -> 228 gates (49.5s)
[ 380/1000] b=1.20 trial  78 -> 228 gates (47.6s)
[ 381/1000] b=1.20 trial  81 -> 224 gates (45.1s)
[ 382/1000] b=1.20 trial  82 -> 226 gates (43.5s)
[ 383/1000] b=1.20 trial  83 -> 228 gates (42.8s)
[ 384/1000] b=1.20 trial  84 -> 226 gates (44.0s)
[ 385/1000] b=1.20 trial  86 -> 234 gates (41.8s)
[ 386/1000] b=1.20 trial  90 -> 230 gates (40.9s)
[ 387/1000] b=1.20 trial  88 -> 232 gates (44.5s)
[ 388/1000] b=1.20 trial  85 -> 226 gates (49.3s)
[ 389/1000] b=1.20 trial  91 -> 234 gates (43.4s)
[ 390/1000] b=1.20 trial  87 -> 232 gates (49.2s)
[ 391/1000] b=1.20 trial  92 -> 226 gates (41.9s)
[ 392/1000] b=1.20 trial  89 -> 230 gates (49.4s)
[ 393/1000] b=1.20 trial  93 -> 234 gates (42.7s)
[ 394/1000] b=1.20 trial  95 -> 232 gates (42.0s)
[ 395/1000] b=1.20 trial  94 -> 236 gates (46.4s)
[ 396/1000] b=1.20 trial  96 -> 228 gates (43.6s)
[ 397/1000] b=1.20 trial  98 -> 234 gates (45.0s)
[ 398/1000] b=1.20 trial  97 -> 230 gates (49.2s)
[ 399/1000] b=1.50 trial   1 -> 232 gates (45.5s)
[ 400/1000] b=1.20 trial 100 -> 230 gates (47.0s)
[ 401/1000] b=1.20 trial  99 -> 228 gates (49.2s)
[System] Config C04_b1.20_N10 complete -> files written
[ 402/1000] b=1.50 trial   4 -> 234 gates (43.3s)
[ 403/1000] b=1.50 trial   3 -> 232 gates (44.8s)
[ 404/1000] b=1.50 trial   5 -> 238 gates (44.3s)
[ 405/1000] b=1.50 trial   7 -> 230 gates (44.5s)
[ 406/1000] b=1.50 trial   6 -> 234 gates (46.6s)
[ 407/1000] b=1.50 trial   2 -> 236 gates (49.4s)
[ 408/1000] b=1.50 trial  11 -> 234 gates (42.8s)
[ 409/1000] b=1.50 trial   9 -> 238 gates (44.2s)
[ 410/1000] b=1.50 trial  10 -> 226 gates (44.5s)
[ 411/1000] b=1.50 trial   8 -> 236 gates (48.7s)
[ 412/1000] b=1.50 trial  12 -> 230 gates (43.6s)
[ 413/1000] b=1.50 trial  13 -> 230 gates (43.5s)
[ 414/1000] b=1.50 trial  15 -> 226 gates (43.5s)
[ 415/1000] b=1.50 trial  14 -> 232 gates (45.8s)
[ 416/1000] b=1.50 trial  17 -> 238 gates (43.5s)
[ 417/1000] b=1.50 trial  16 -> 232 gates (48.3s)
[ 418/1000] b=1.50 trial  19 -> 230 gates (46.1s)
[ 419/1000] b=1.50 trial  18 -> 236 gates (49.1s)
[ 420/1000] b=1.50 trial  21 -> 238 gates (43.0s)
[ 421/1000] b=1.50 trial  20 -> 228 gates (49.8s)
[ 422/1000] b=1.50 trial  22 -> 230 gates (43.5s)
[ 423/1000] b=1.50 trial  24 -> 232 gates (42.8s)
[ 424/1000] b=1.50 trial  23 -> 240 gates (47.3s)
[ 425/1000] b=1.50 trial  25 -> 234 gates (47.3s)
[ 426/1000] b=1.50 trial  28 -> 226 gates (44.6s)
[ 427/1000] b=1.50 trial  29 -> 230 gates (44.4s)
[ 428/1000] b=1.50 trial  27 -> 232 gates (46.8s)
[ 429/1000] b=1.50 trial  30 -> 220 gates (44.8s)
[ 430/1000] b=1.50 trial  32 -> 232 gates (45.8s)
[ 431/1000] b=1.50 trial  34 -> 230 gates (42.9s)
[ 432/1000] b=1.50 trial  26 -> 232 gates (49.9s)
[ 433/1000] b=1.50 trial  33 -> 234 gates (45.2s)
[ 434/1000] b=1.50 trial  36 -> 226 gates (43.1s)
[ 435/1000] b=1.50 trial  31 -> 228 gates (49.3s)
[ 436/1000] b=1.50 trial  37 -> 232 gates (44.3s)
[ 437/1000] b=1.50 trial  38 -> 228 gates (46.1s)
[ 438/1000] b=1.50 trial  39 -> 232 gates (45.6s)
[ 439/1000] b=1.50 trial  35 -> 238 gates (49.2s)
[ 440/1000] b=1.50 trial  40 -> 234 gates (44.9s)
[ 441/1000] b=1.50 trial  41 -> 230 gates (44.2s)
[ 442/1000] b=1.50 trial  43 -> 224 gates (42.4s)
[ 443/1000] b=1.50 trial  42 -> 234 gates (47.5s)
[ 444/1000] b=1.50 trial  45 -> 232 gates (44.7s)
[ 445/1000] b=1.50 trial  47 -> 238 gates (43.4s)
[ 446/1000] b=1.50 trial  44 -> 234 gates (49.1s)
[ 447/1000] b=1.50 trial  48 -> 238 gates (44.2s)
[ 448/1000] b=1.50 trial  46 -> 240 gates (49.1s)
[ 449/1000] b=1.50 trial  50 -> 234 gates (45.8s)
[ 450/1000] b=1.50 trial  49 -> 234 gates (49.4s)
[ 451/1000] b=1.50 trial  51 -> 228 gates (43.8s)
[ 452/1000] b=1.50 trial  52 -> 230 gates (44.2s)
[ 453/1000] b=1.50 trial  54 -> 234 gates (42.7s)
[ 454/1000] b=1.50 trial  55 -> 228 gates (43.4s)
[ 455/1000] b=1.50 trial  57 -> 236 gates (44.1s)
[ 456/1000] b=1.50 trial  58 -> 234 gates (43.5s)
[ 457/1000] b=1.50 trial  61 -> 234 gates (41.7s)
[ 458/1000] b=1.50 trial  62 -> 232 gates (42.5s)
[ 459/1000] b=1.50 trial  53 -> 232 gates (49.3s)
[ 460/1000] b=1.50 trial  59 -> 234 gates (45.0s)
[ 461/1000] b=1.50 trial  56 -> 230 gates (48.1s)
[ 462/1000] b=1.50 trial  65 -> 234 gates (41.4s)
[ 463/1000] b=1.50 trial  68 -> 226 gates (41.2s)
[ 464/1000] b=1.50 trial  63 -> 238 gates (46.8s)
[ 465/1000] b=1.50 trial  66 -> 232 gates (43.2s)
[ 466/1000] b=1.50 trial  60 -> 232 gates (49.5s)
[ 467/1000] b=1.50 trial  64 -> 228 gates (49.7s)
[ 468/1000] b=1.50 trial  69 -> 236 gates (48.6s)
[ 469/1000] b=1.50 trial  67 -> 230 gates (49.3s)
[ 470/1000] b=1.50 trial  70 -> 234 gates (44.8s)
[ 471/1000] b=1.50 trial  71 -> 234 gates (45.2s)
[ 472/1000] b=1.50 trial  72 -> 238 gates (45.6s)
[ 473/1000] b=1.50 trial  74 -> 238 gates (43.9s)
[ 474/1000] b=1.50 trial  75 -> 232 gates (42.9s)
[ 475/1000] b=1.50 trial  73 -> 234 gates (44.5s)
[ 476/1000] b=1.50 trial  76 -> 238 gates (44.6s)
[ 477/1000] b=1.50 trial  78 -> 232 gates (44.0s)
[ 478/1000] b=1.50 trial  79 -> 234 gates (45.3s)
[ 479/1000] b=1.50 trial  77 -> 226 gates (49.8s)
[ 480/1000] b=1.50 trial  80 -> 236 gates (44.6s)
[ 481/1000] b=1.50 trial  82 -> 238 gates (43.8s)
[ 482/1000] b=1.50 trial  81 -> 232 gates (45.7s)
[ 483/1000] b=1.50 trial  83 -> 240 gates (43.2s)
[ 484/1000] b=1.50 trial  85 -> 236 gates (43.3s)
[ 485/1000] b=1.50 trial  86 -> 232 gates (42.3s)
[ 486/1000] b=1.50 trial  84 -> 234 gates (44.1s)
[ 487/1000] b=1.50 trial  88 -> 236 gates (44.3s)
[ 488/1000] b=1.50 trial  93 -> 238 gates (41.2s)
[ 489/1000] b=1.50 trial  90 -> 232 gates (43.6s)
[ 490/1000] b=1.50 trial  87 -> 230 gates (48.4s)
[ 491/1000] b=1.50 trial  92 -> 226 gates (44.9s)
[ 492/1000] b=1.50 trial  89 -> 230 gates (49.5s)
[ 493/1000] b=1.50 trial  91 -> 228 gates (47.6s)
[ 494/1000] b=1.50 trial  94 -> 246 gates (50.3s)
[ 495/1000] b=1.50 trial  97 -> 232 gates (44.8s)
[ 496/1000] b=1.50 trial  98 -> 236 gates (44.8s)
[ 497/1000] b=1.50 trial  95 -> 234 gates (49.9s)
[ 498/1000] b=1.50 trial  96 -> 232 gates (47.6s)
[ 499/1000] b=1.50 trial  99 -> 228 gates (45.4s)
[ 500/1000] b=1.80 trial   3 -> 238 gates (43.0s)
[ 501/1000] b=1.80 trial   1 -> 234 gates (43.6s)
[ 502/1000] b=1.80 trial   2 -> 232 gates (45.4s)
[ 503/1000] b=1.50 trial 100 -> 230 gates (48.7s)
[System] Config C05_b1.50_N10 complete -> files written
[ 504/1000] b=1.80 trial   4 -> 238 gates (49.3s)
[ 505/1000] b=1.80 trial   5 -> 236 gates (43.9s)
[ 506/1000] b=1.80 trial   8 -> 234 gates (42.5s)
[ 507/1000] b=1.80 trial   6 -> 234 gates (45.7s)
[ 508/1000] b=1.80 trial   7 -> 230 gates (49.8s)
[ 509/1000] b=1.80 trial  11 -> 240 gates (43.0s)
[ 510/1000] b=1.80 trial  10 -> 236 gates (43.4s)
[ 511/1000] b=1.80 trial   9 -> 236 gates (44.1s)
[ 512/1000] b=1.80 trial  13 -> 236 gates (44.0s)
[ 513/1000] b=1.80 trial  14 -> 230 gates (43.5s)
[ 514/1000] b=1.80 trial  17 -> 236 gates (41.8s)
[ 515/1000] b=1.80 trial  12 -> 234 gates (46.6s)
[ 516/1000] b=1.80 trial  16 -> 230 gates (46.9s)
[ 517/1000] b=1.80 trial  19 -> 234 gates (43.8s)
[ 518/1000] b=1.80 trial  18 -> 238 gates (44.9s)
[ 519/1000] b=1.80 trial  15 -> 234 gates (49.1s)
[ 520/1000] b=1.80 trial  20 -> 240 gates (47.0s)
[ 521/1000] b=1.80 trial  23 -> 240 gates (42.7s)
[ 522/1000] b=1.80 trial  21 -> 234 gates (49.5s)
[ 523/1000] b=1.80 trial  24 -> 236 gates (44.5s)
[ 524/1000] b=1.80 trial  22 -> 228 gates (46.1s)
[ 525/1000] b=1.80 trial  26 -> 232 gates (43.8s)
[ 526/1000] b=1.80 trial  27 -> 232 gates (45.4s)
[ 527/1000] b=1.80 trial  28 -> 244 gates (45.3s)
[ 528/1000] b=1.80 trial  25 -> 236 gates (49.9s)
[ 529/1000] b=1.80 trial  31 -> 232 gates (42.4s)
[ 530/1000] b=1.80 trial  30 -> 232 gates (45.1s)
[ 531/1000] b=1.80 trial  29 -> 230 gates (49.7s)
[ 532/1000] b=1.80 trial  33 -> 234 gates (44.8s)
[ 533/1000] b=1.80 trial  34 -> 230 gates (45.5s)
[ 534/1000] b=1.80 trial  35 -> 232 gates (43.1s)
[ 535/1000] b=1.80 trial  32 -> 236 gates (49.4s)
[ 536/1000] b=1.80 trial  39 -> 238 gates (43.5s)
[ 537/1000] b=1.80 trial  40 -> 236 gates (42.3s)
[ 538/1000] b=1.80 trial  38 -> 232 gates (45.5s)
[ 539/1000] b=1.80 trial  37 -> 240 gates (46.2s)
[ 540/1000] b=1.80 trial  36 -> 240 gates (50.1s)
[ 541/1000] b=1.80 trial  41 -> 228 gates (46.0s)
[ 542/1000] b=1.80 trial  42 -> 242 gates (44.5s)
[ 543/1000] b=1.80 trial  43 -> 236 gates (44.8s)
[ 544/1000] b=1.80 trial  46 -> 236 gates (41.7s)
[ 545/1000] b=1.80 trial  45 -> 236 gates (45.2s)
[ 546/1000] b=1.80 trial  48 -> 242 gates (42.9s)
[ 547/1000] b=1.80 trial  47 -> 238 gates (47.3s)
[ 548/1000] b=1.80 trial  44 -> 232 gates (49.5s)
[ 549/1000] b=1.80 trial  49 -> 234 gates (45.5s)
[ 550/1000] b=1.80 trial  53 -> 238 gates (42.1s)
[ 551/1000] b=1.80 trial  52 -> 234 gates (44.1s)
[ 552/1000] b=1.80 trial  51 -> 240 gates (47.3s)
[ 553/1000] b=1.80 trial  50 -> 240 gates (48.2s)
[ 554/1000] b=1.80 trial  55 -> 236 gates (41.9s)
[ 555/1000] b=1.80 trial  54 -> 236 gates (45.8s)
[ 556/1000] b=1.80 trial  57 -> 236 gates (42.8s)
[ 557/1000] b=1.80 trial  59 -> 238 gates (43.3s)
[ 558/1000] b=1.80 trial  56 -> 242 gates (50.2s)
[ 559/1000] b=1.80 trial  58 -> 234 gates (49.3s)
[ 560/1000] b=1.80 trial  61 -> 242 gates (42.4s)
[ 561/1000] b=1.80 trial  62 -> 246 gates (42.0s)
[ 562/1000] b=1.80 trial  60 -> 234 gates (45.2s)
[ 563/1000] b=1.80 trial  63 -> 232 gates (44.1s)
[ 564/1000] b=1.80 trial  64 -> 234 gates (46.6s)
[ 565/1000] b=1.80 trial  65 -> 236 gates (48.1s)
[ 566/1000] b=1.80 trial  66 -> 238 gates (47.8s)
[ 567/1000] b=1.80 trial  69 -> 234 gates (44.9s)
[ 568/1000] b=1.80 trial  70 -> 232 gates (44.2s)
[ 569/1000] b=1.80 trial  67 -> 234 gates (49.6s)
[ 570/1000] b=1.80 trial  68 -> 228 gates (47.7s)
[ 571/1000] b=1.80 trial  72 -> 222 gates (44.3s)
[ 572/1000] b=1.80 trial  71 -> 232 gates (46.4s)
[ 573/1000] b=1.80 trial  73 -> 242 gates (41.8s)
[ 574/1000] b=1.80 trial  74 -> 242 gates (44.2s)
[ 575/1000] b=1.80 trial  75 -> 236 gates (43.6s)
[ 576/1000] b=1.80 trial  77 -> 230 gates (43.9s)
[ 577/1000] b=1.80 trial  78 -> 240 gates (45.2s)
[ 578/1000] b=1.80 trial  81 -> 236 gates (42.3s)
[ 579/1000] b=1.80 trial  79 -> 242 gates (45.9s)
[ 580/1000] b=1.80 trial  76 -> 234 gates (49.4s)
[ 581/1000] b=1.80 trial  80 -> 234 gates (44.5s)
[ 582/1000] b=1.80 trial  84 -> 232 gates (43.1s)
[ 583/1000] b=1.80 trial  83 -> 236 gates (45.7s)
[ 584/1000] b=1.80 trial  85 -> 236 gates (42.1s)
[ 585/1000] b=1.80 trial  82 -> 242 gates (49.0s)
[ 586/1000] b=1.80 trial  86 -> 230 gates (45.9s)
[ 587/1000] b=1.80 trial  88 -> 236 gates (42.6s)
[ 588/1000] b=1.80 trial  89 -> 234 gates (43.2s)
[ 589/1000] b=1.80 trial  90 -> 238 gates (45.2s)
[ 590/1000] b=1.80 trial  87 -> 236 gates (49.4s)
[ 591/1000] b=1.80 trial  91 -> 234 gates (48.3s)
[ 592/1000] b=1.80 trial  92 -> 234 gates (42.8s)
[ 593/1000] b=1.80 trial  93 -> 234 gates (43.4s)
[ 594/1000] b=1.80 trial  98 -> 234 gates (42.0s)
[ 595/1000] b=1.80 trial  96 -> 236 gates (45.2s)
[ 596/1000] b=1.80 trial  97 -> 232 gates (45.2s)
[ 597/1000] b=2.00 trial   1 -> 232 gates (44.4s)
[ 598/1000] b=1.80 trial  99 -> 230 gates (45.8s)
[ 599/1000] b=1.80 trial  94 -> 234 gates (49.2s)
[ 600/1000] b=1.80 trial  95 -> 232 gates (49.9s)
[ 601/1000] b=2.00 trial   3 -> 236 gates (43.5s)
[ 602/1000] b=2.00 trial   2 -> 236 gates (44.7s)
[ 603/1000] b=1.80 trial 100 -> 236 gates (49.8s)
[System] Config C06_b1.80_N10 complete -> files written
[ 604/1000] b=2.00 trial   4 -> 242 gates (43.9s)
[ 605/1000] b=2.00 trial   6 -> 238 gates (42.0s)
[ 606/1000] b=2.00 trial   5 -> 228 gates (44.8s)
[ 607/1000] b=2.00 trial  11 -> 236 gates (41.3s)
[ 608/1000] b=2.00 trial  12 -> 240 gates (41.7s)
[ 609/1000] b=2.00 trial   7 -> 232 gates (47.8s)
[ 610/1000] b=2.00 trial  10 -> 234 gates (45.0s)
[ 611/1000] b=2.00 trial   8 -> 232 gates (49.7s)
[ 612/1000] b=2.00 trial   9 -> 234 gates (49.8s)
[ 613/1000] b=2.00 trial  13 -> 236 gates (46.4s)
[ 614/1000] b=2.00 trial  15 -> 242 gates (44.0s)
[ 615/1000] b=2.00 trial  14 -> 232 gates (47.0s)
[ 616/1000] b=2.00 trial  16 -> 226 gates (47.7s)
[ 617/1000] b=2.00 trial  17 -> 232 gates (46.1s)
[ 618/1000] b=2.00 trial  18 -> 236 gates (46.2s)
[ 619/1000] b=2.00 trial  20 -> 234 gates (43.5s)
[ 620/1000] b=2.00 trial  19 -> 234 gates (49.7s)
[ 621/1000] b=2.00 trial  22 -> 240 gates (42.7s)
[ 622/1000] b=2.00 trial  21 -> 234 gates (45.5s)
[ 623/1000] b=2.00 trial  23 -> 230 gates (44.1s)
[ 624/1000] b=2.00 trial  24 -> 232 gates (42.4s)
[ 625/1000] b=2.00 trial  25 -> 236 gates (44.1s)
[ 626/1000] b=2.00 trial  26 -> 242 gates (44.0s)
[ 627/1000] b=2.00 trial  29 -> 236 gates (43.0s)
[ 628/1000] b=2.00 trial  30 -> 234 gates (43.6s)
[ 629/1000] b=2.00 trial  33 -> 240 gates (41.4s)
[ 630/1000] b=2.00 trial  27 -> 240 gates (49.3s)
[ 631/1000] b=2.00 trial  28 -> 240 gates (50.1s)
[ 632/1000] b=2.00 trial  32 -> 236 gates (45.3s)
[ 633/1000] b=2.00 trial  31 -> 238 gates (49.6s)
[ 634/1000] b=2.00 trial  34 -> 238 gates (47.4s)
[ 635/1000] b=2.00 trial  36 -> 234 gates (43.0s)
[ 636/1000] b=2.00 trial  38 -> 236 gates (42.7s)
[ 637/1000] b=2.00 trial  37 -> 232 gates (44.0s)
[ 638/1000] b=2.00 trial  35 -> 234 gates (44.6s)
[ 639/1000] b=2.00 trial  41 -> 238 gates (43.4s)
[ 640/1000] b=2.00 trial  39 -> 236 gates (49.9s)
[ 641/1000] b=2.00 trial  40 -> 238 gates (49.7s)
[ 642/1000] b=2.00 trial  42 -> 238 gates (45.1s)
[ 643/1000] b=2.00 trial  45 -> 234 gates (42.1s)
[ 644/1000] b=2.00 trial  43 -> 240 gates (49.1s)
[ 645/1000] b=2.00 trial  46 -> 234 gates (46.9s)
[ 646/1000] b=2.00 trial  44 -> 236 gates (49.6s)
[ 647/1000] b=2.00 trial  47 -> 240 gates (43.2s)
[ 648/1000] b=2.00 trial  48 -> 236 gates (42.3s)
[ 649/1000] b=2.00 trial  50 -> 234 gates (42.4s)
[ 650/1000] b=2.00 trial  49 -> 240 gates (43.9s)
[ 651/1000] b=2.00 trial  52 -> 234 gates (42.8s)
[ 652/1000] b=2.00 trial  51 -> 242 gates (46.6s)
[ 653/1000] b=2.00 trial  53 -> 236 gates (45.3s)
[ 654/1000] b=2.00 trial  54 -> 236 gates (45.6s)
[ 655/1000] b=2.00 trial  56 -> 242 gates (43.2s)
[ 656/1000] b=2.00 trial  55 -> 236 gates (45.9s)
[ 657/1000] b=2.00 trial  57 -> 238 gates (44.4s)
[ 658/1000] b=2.00 trial  58 -> 238 gates (44.8s)
[ 659/1000] b=2.00 trial  61 -> 234 gates (45.9s)
[ 660/1000] b=2.00 trial  60 -> 238 gates (49.0s)
[ 661/1000] b=2.00 trial  66 -> 234 gates (43.0s)
[ 662/1000] b=2.00 trial  64 -> 234 gates (43.4s)
[ 663/1000] b=2.00 trial  59 -> 244 gates (49.9s)
[ 664/1000] b=2.00 trial  62 -> 234 gates (45.6s)
[ 665/1000] b=2.00 trial  65 -> 234 gates (44.4s)
[ 666/1000] b=2.00 trial  63 -> 240 gates (47.1s)
[ 667/1000] b=2.00 trial  67 -> 234 gates (41.0s)
[ 668/1000] b=2.00 trial  68 -> 234 gates (45.3s)
[ 669/1000] b=2.00 trial  71 -> 232 gates (42.0s)
[ 670/1000] b=2.00 trial  69 -> 232 gates (47.6s)
[ 671/1000] b=2.00 trial  70 -> 238 gates (47.1s)
[ 672/1000] b=2.00 trial  73 -> 240 gates (42.6s)
[ 673/1000] b=2.00 trial  75 -> 238 gates (43.9s)
[ 674/1000] b=2.00 trial  72 -> 240 gates (48.0s)
[ 675/1000] b=2.00 trial  74 -> 236 gates (47.2s)
[ 676/1000] b=2.00 trial  78 -> 234 gates (44.1s)
[ 677/1000] b=2.00 trial  77 -> 234 gates (44.8s)
[ 678/1000] b=2.00 trial  76 -> 230 gates (47.2s)
[ 679/1000] b=2.00 trial  79 -> 230 gates (44.4s)
[ 680/1000] b=2.00 trial  84 -> 238 gates (42.5s)
[ 681/1000] b=2.00 trial  82 -> 234 gates (45.6s)
[ 682/1000] b=2.00 trial  83 -> 240 gates (44.6s)
[ 683/1000] b=2.00 trial  81 -> 240 gates (47.0s)
[ 684/1000] b=2.00 trial  80 -> 234 gates (49.5s)
[ 685/1000] b=2.00 trial  85 -> 230 gates (45.5s)
[ 686/1000] b=2.00 trial  87 -> 236 gates (42.2s)
[ 687/1000] b=2.00 trial  89 -> 228 gates (42.3s)
[ 688/1000] b=2.00 trial  86 -> 236 gates (48.9s)
[ 689/1000] b=2.00 trial  88 -> 236 gates (43.3s)
[ 690/1000] b=2.00 trial  92 -> 242 gates (45.8s)
[ 691/1000] b=2.00 trial  95 -> 230 gates (44.0s)
[ 692/1000] b=2.00 trial  94 -> 236 gates (45.2s)
[ 693/1000] b=2.00 trial  90 -> 234 gates (48.9s)
[ 694/1000] b=2.00 trial  93 -> 238 gates (48.6s)
[ 695/1000] b=2.00 trial  91 -> 238 gates (50.0s)
[ 696/1000] b=2.00 trial  98 -> 234 gates (41.1s)
[ 697/1000] b=2.00 trial  96 -> 236 gates (44.6s)
[ 698/1000] b=2.00 trial  97 -> 234 gates (46.0s)
[ 699/1000] b=2.00 trial 100 -> 238 gates (42.6s)
[ 700/1000] b=2.50 trial   1 -> 232 gates (42.9s)
[ 701/1000] b=2.00 trial  99 -> 230 gates (49.5s)
[System] Config C07_b2.00_N10 complete -> files written
[ 702/1000] b=2.50 trial   2 -> 240 gates (43.9s)
[ 703/1000] b=2.50 trial   3 -> 236 gates (43.1s)
[ 704/1000] b=2.50 trial   4 -> 234 gates (43.7s)
[ 705/1000] b=2.50 trial   5 -> 234 gates (46.4s)
[ 706/1000] b=2.50 trial   6 -> 240 gates (46.3s)
[ 707/1000] b=2.50 trial   9 -> 230 gates (43.3s)
[ 708/1000] b=2.50 trial   7 -> 242 gates (49.9s)
[ 709/1000] b=2.50 trial   8 -> 240 gates (45.7s)
[ 710/1000] b=2.50 trial  11 -> 234 gates (45.0s)
[ 711/1000] b=2.50 trial  10 -> 234 gates (45.6s)
[ 712/1000] b=2.50 trial  12 -> 234 gates (46.4s)
[ 713/1000] b=2.50 trial  13 -> 242 gates (45.7s)
[ 714/1000] b=2.50 trial  14 -> 236 gates (44.7s)
[ 715/1000] b=2.50 trial  20 -> 240 gates (41.9s)
[ 716/1000] b=2.50 trial  17 -> 238 gates (47.4s)
[ 717/1000] b=2.50 trial  15 -> 234 gates (48.5s)
[ 718/1000] b=2.50 trial  19 -> 238 gates (44.1s)
[ 719/1000] b=2.50 trial  18 -> 236 gates (45.3s)
[ 720/1000] b=2.50 trial  16 -> 238 gates (49.9s)
[ 721/1000] b=2.50 trial  22 -> 230 gates (46.5s)
[ 722/1000] b=2.50 trial  24 -> 240 gates (43.0s)
[ 723/1000] b=2.50 trial  21 -> 240 gates (47.8s)
[ 724/1000] b=2.50 trial  26 -> 240 gates (42.1s)
[ 725/1000] b=2.50 trial  23 -> 244 gates (50.0s)
[ 726/1000] b=2.50 trial  25 -> 234 gates (47.1s)
[ 727/1000] b=2.50 trial  27 -> 238 gates (43.3s)
[ 728/1000] b=2.50 trial  28 -> 238 gates (44.7s)
[ 729/1000] b=2.50 trial  30 -> 244 gates (44.0s)
[ 730/1000] b=2.50 trial  29 -> 238 gates (46.4s)
[ 731/1000] b=2.50 trial  32 -> 240 gates (43.7s)
[ 732/1000] b=2.50 trial  31 -> 234 gates (46.6s)
[ 733/1000] b=2.50 trial  33 -> 236 gates (45.0s)
[ 734/1000] b=2.50 trial  34 -> 234 gates (46.1s)
[ 735/1000] b=2.50 trial  35 -> 240 gates (43.9s)
[ 736/1000] b=2.50 trial  38 -> 240 gates (43.9s)
[ 737/1000] b=2.50 trial  36 -> 240 gates (46.8s)
[ 738/1000] b=2.50 trial  37 -> 238 gates (46.4s)
[ 739/1000] b=2.50 trial  40 -> 240 gates (43.0s)
[ 740/1000] b=2.50 trial  39 -> 238 gates (46.5s)
[ 741/1000] b=2.50 trial  41 -> 240 gates (48.2s)
[ 742/1000] b=2.50 trial  42 -> 236 gates (46.4s)
[ 743/1000] b=2.50 trial  43 -> 242 gates (44.9s)
[ 744/1000] b=2.50 trial  47 -> 244 gates (45.0s)
[ 745/1000] b=2.50 trial  44 -> 242 gates (46.6s)
[ 746/1000] b=2.50 trial  45 -> 236 gates (47.0s)
[ 747/1000] b=2.50 trial  46 -> 244 gates (47.7s)
[ 748/1000] b=2.50 trial  48 -> 234 gates (46.6s)
[ 749/1000] b=2.50 trial  51 -> 236 gates (43.8s)
[ 750/1000] b=2.50 trial  50 -> 242 gates (44.2s)
[ 751/1000] b=2.50 trial  52 -> 238 gates (42.1s)
[ 752/1000] b=2.50 trial  49 -> 236 gates (46.6s)
[ 753/1000] b=2.50 trial  53 -> 240 gates (43.5s)
[ 754/1000] b=2.50 trial  54 -> 236 gates (44.0s)
[ 755/1000] b=2.50 trial  55 -> 242 gates (44.4s)
[ 756/1000] b=2.50 trial  57 -> 236 gates (42.4s)
[ 757/1000] b=2.50 trial  56 -> 240 gates (48.7s)
[ 758/1000] b=2.50 trial  58 -> 236 gates (47.1s)
[ 759/1000] b=2.50 trial  59 -> 236 gates (46.0s)
[ 760/1000] b=2.50 trial  60 -> 242 gates (46.3s)
[ 761/1000] b=2.50 trial  63 -> 246 gates (42.4s)
[ 762/1000] b=2.50 trial  62 -> 236 gates (46.2s)
[ 763/1000] b=2.50 trial  61 -> 236 gates (49.9s)
[ 764/1000] b=2.50 trial  65 -> 234 gates (45.3s)
[ 765/1000] b=2.50 trial  68 -> 244 gates (43.5s)
[ 766/1000] b=2.50 trial  66 -> 244 gates (44.7s)
[ 767/1000] b=2.50 trial  64 -> 238 gates (48.5s)
[ 768/1000] b=2.50 trial  67 -> 234 gates (47.1s)
[ 769/1000] b=2.50 trial  71 -> 238 gates (43.7s)
[ 770/1000] b=2.50 trial  70 -> 240 gates (47.2s)
[ 771/1000] b=2.50 trial  73 -> 240 gates (43.3s)
[ 772/1000] b=2.50 trial  69 -> 238 gates (49.2s)
[ 773/1000] b=2.50 trial  72 -> 244 gates (45.1s)
[ 774/1000] b=2.50 trial  75 -> 244 gates (44.8s)
[ 775/1000] b=2.50 trial  78 -> 244 gates (43.4s)
[ 776/1000] b=2.50 trial  74 -> 238 gates (46.6s)
[ 777/1000] b=2.50 trial  76 -> 234 gates (45.9s)
[ 778/1000] b=2.50 trial  79 -> 240 gates (43.8s)
[ 779/1000] b=2.50 trial  77 -> 236 gates (46.3s)
[ 780/1000] b=2.50 trial  80 -> 240 gates (44.7s)
[ 781/1000] b=2.50 trial  81 -> 234 gates (45.0s)
[ 782/1000] b=2.50 trial  82 -> 242 gates (44.4s)
[ 783/1000] b=2.50 trial  83 -> 240 gates (49.8s)
[ 784/1000] b=2.50 trial  84 -> 236 gates (46.5s)
[ 785/1000] b=2.50 trial  88 -> 238 gates (41.6s)
[ 786/1000] b=2.50 trial  85 -> 232 gates (44.6s)
[ 787/1000] b=2.50 trial  86 -> 238 gates (45.4s)
[ 788/1000] b=2.50 trial  89 -> 242 gates (44.6s)
[ 789/1000] b=2.50 trial  87 -> 242 gates (49.7s)
[ 790/1000] b=2.50 trial  92 -> 238 gates (42.6s)
[ 791/1000] b=2.50 trial  93 -> 236 gates (43.4s)
[ 792/1000] b=2.50 trial  91 -> 236 gates (47.6s)
[ 793/1000] b=2.50 trial  90 -> 238 gates (49.8s)
[ 794/1000] b=2.50 trial  96 -> 234 gates (43.5s)
[ 795/1000] b=2.50 trial  95 -> 238 gates (44.2s)
[ 796/1000] b=2.50 trial  94 -> 242 gates (47.8s)
[ 797/1000] b=2.50 trial  99 -> 236 gates (43.1s)
[ 798/1000] b=2.50 trial  98 -> 242 gates (44.8s)
[ 799/1000] b=2.50 trial  97 -> 232 gates (45.6s)
[ 800/1000] b=3.00 trial   1 -> 238 gates (45.4s)
[ 801/1000] b=3.00 trial   4 -> 242 gates (42.9s)
[ 802/1000] b=3.00 trial   2 -> 236 gates (43.8s)
[ 803/1000] b=3.00 trial   3 -> 236 gates (44.2s)
[ 804/1000] b=3.00 trial   5 -> 242 gates (43.7s)
[ 805/1000] b=2.50 trial 100 -> 242 gates (49.6s)
[System] Config C08_b2.50_N10 complete -> files written
[ 806/1000] b=3.00 trial   7 -> 242 gates (45.9s)
[ 807/1000] b=3.00 trial   9 -> 238 gates (44.6s)
[ 808/1000] b=3.00 trial   6 -> 244 gates (48.1s)
[ 809/1000] b=3.00 trial   8 -> 234 gates (46.7s)
[ 810/1000] b=3.00 trial  10 -> 236 gates (44.3s)
[ 811/1000] b=3.00 trial  12 -> 240 gates (43.5s)
[ 812/1000] b=3.00 trial  14 -> 238 gates (44.0s)
[ 813/1000] b=3.00 trial  11 -> 236 gates (48.4s)
[ 814/1000] b=3.00 trial  13 -> 240 gates (46.7s)
[ 815/1000] b=3.00 trial  15 -> 240 gates (45.7s)
[ 816/1000] b=3.00 trial  16 -> 232 gates (47.6s)
[ 817/1000] b=3.00 trial  18 -> 240 gates (43.7s)
[ 818/1000] b=3.00 trial  17 -> 244 gates (48.3s)
[ 819/1000] b=3.00 trial  19 -> 238 gates (44.3s)
[ 820/1000] b=3.00 trial  20 -> 240 gates (43.7s)
[ 821/1000] b=3.00 trial  22 -> 236 gates (43.1s)
[ 822/1000] b=3.00 trial  24 -> 240 gates (44.6s)
[ 823/1000] b=3.00 trial  21 -> 240 gates (49.8s)
[ 824/1000] b=3.00 trial  26 -> 238 gates (42.0s)
[ 825/1000] b=3.00 trial  23 -> 238 gates (49.6s)
[ 826/1000] b=3.00 trial  25 -> 240 gates (43.5s)
[ 827/1000] b=3.00 trial  29 -> 238 gates (43.4s)
[ 828/1000] b=3.00 trial  31 -> 240 gates (43.2s)
[ 829/1000] b=3.00 trial  30 -> 238 gates (44.4s)
[ 830/1000] b=3.00 trial  28 -> 238 gates (45.6s)
[ 831/1000] b=3.00 trial  27 -> 240 gates (49.8s)
[ 832/1000] b=3.00 trial  33 -> 238 gates (46.0s)
[ 833/1000] b=3.00 trial  32 -> 240 gates (48.0s)
[ 834/1000] b=3.00 trial  35 -> 234 gates (44.1s)
[ 835/1000] b=3.00 trial  34 -> 240 gates (46.6s)
[ 836/1000] b=3.00 trial  38 -> 244 gates (45.1s)
[ 837/1000] b=3.00 trial  37 -> 234 gates (49.7s)
[ 838/1000] b=3.00 trial  36 -> 240 gates (50.0s)
[ 839/1000] b=3.00 trial  39 -> 242 gates (43.6s)
[ 840/1000] b=3.00 trial  41 -> 234 gates (44.4s)
[ 841/1000] b=3.00 trial  40 -> 240 gates (46.0s)
[ 842/1000] b=3.00 trial  42 -> 236 gates (45.0s)
[ 843/1000] b=3.00 trial  43 -> 236 gates (45.5s)
[ 844/1000] b=3.00 trial  45 -> 240 gates (44.8s)
[ 845/1000] b=3.00 trial  46 -> 246 gates (44.1s)
[ 846/1000] b=3.00 trial  47 -> 242 gates (43.8s)
[ 847/1000] b=3.00 trial  48 -> 236 gates (43.6s)
[ 848/1000] b=3.00 trial  44 -> 242 gates (49.6s)
[ 849/1000] b=3.00 trial  50 -> 238 gates (43.1s)
[ 850/1000] b=3.00 trial  49 -> 232 gates (48.7s)
[ 851/1000] b=3.00 trial  52 -> 236 gates (43.8s)
[ 852/1000] b=3.00 trial  51 -> 238 gates (46.6s)
[ 853/1000] b=3.00 trial  53 -> 238 gates (47.9s)
[ 854/1000] b=3.00 trial  54 -> 240 gates (47.1s)
[ 855/1000] b=3.00 trial  57 -> 240 gates (42.7s)
[ 856/1000] b=3.00 trial  55 -> 244 gates (44.1s)
[ 857/1000] b=3.00 trial  56 -> 238 gates (45.9s)
[ 858/1000] b=3.00 trial  61 -> 236 gates (43.1s)
[ 859/1000] b=3.00 trial  62 -> 240 gates (43.6s)
[ 860/1000] b=3.00 trial  59 -> 238 gates (47.2s)
[ 861/1000] b=3.00 trial  60 -> 238 gates (46.2s)
[ 862/1000] b=3.00 trial  58 -> 238 gates (50.0s)
[ 863/1000] b=3.00 trial  64 -> 236 gates (45.3s)
[ 864/1000] b=3.00 trial  63 -> 240 gates (46.7s)
[ 865/1000] b=3.00 trial  66 -> 232 gates (44.0s)
[ 866/1000] b=3.00 trial  65 -> 244 gates (46.8s)
[ 867/1000] b=3.00 trial  67 -> 240 gates (46.8s)
[ 868/1000] b=3.00 trial  71 -> 238 gates (42.4s)
[ 869/1000] b=3.00 trial  70 -> 228 gates (43.8s)
[ 870/1000] b=3.00 trial  69 -> 240 gates (45.4s)
[ 871/1000] b=3.00 trial  68 -> 236 gates (48.7s)
[ 872/1000] b=3.00 trial  74 -> 246 gates (42.0s)
[ 873/1000] b=3.00 trial  75 -> 238 gates (42.1s)
[ 874/1000] b=3.00 trial  73 -> 238 gates (44.8s)
[ 875/1000] b=3.00 trial  76 -> 238 gates (43.3s)
[ 876/1000] b=3.00 trial  72 -> 242 gates (49.6s)
[ 877/1000] b=3.00 trial  77 -> 242 gates (45.5s)
[ 878/1000] b=3.00 trial  80 -> 240 gates (44.5s)
[ 879/1000] b=3.00 trial  79 -> 236 gates (47.7s)
[ 880/1000] b=3.00 trial  78 -> 240 gates (49.8s)
[ 881/1000] b=3.00 trial  81 -> 242 gates (44.8s)
[ 882/1000] b=3.00 trial  82 -> 240 gates (45.5s)
[ 883/1000] b=3.00 trial  83 -> 240 gates (45.6s)
[ 884/1000] b=3.00 trial  85 -> 248 gates (45.3s)
[ 885/1000] b=3.00 trial  84 -> 242 gates (48.9s)
[ 886/1000] b=3.00 trial  87 -> 244 gates (42.9s)
[ 887/1000] b=3.00 trial  88 -> 244 gates (42.9s)
[ 888/1000] b=3.00 trial  89 -> 234 gates (43.9s)
[ 889/1000] b=3.00 trial  90 -> 238 gates (43.9s)
[ 890/1000] b=3.00 trial  86 -> 246 gates (49.0s)
[ 891/1000] b=3.00 trial  91 -> 244 gates (45.6s)
[ 892/1000] b=3.00 trial  92 -> 244 gates (44.5s)
[ 893/1000] b=3.00 trial  93 -> 240 gates (43.0s)
[ 894/1000] b=3.00 trial  94 -> 242 gates (45.4s)
[ 895/1000] b=3.00 trial  96 -> 242 gates (42.0s)
[ 896/1000] b=3.00 trial  97 -> 250 gates (44.6s)
[ 897/1000] b=3.00 trial  95 -> 240 gates (49.6s)
[ 898/1000] b=3.00 trial 100 -> 238 gates (43.1s)
[ 899/1000] b=3.00 trial  98 -> 244 gates (50.1s)
[ 900/1000] b=4.00 trial   1 -> 244 gates (43.4s)
[ 901/1000] b=3.00 trial  99 -> 242 gates (48.8s)
[System] Config C09_b3.00_N10 complete -> files written
[ 902/1000] b=4.00 trial   2 -> 234 gates (44.6s)
[ 903/1000] b=4.00 trial   3 -> 244 gates (43.9s)
[ 904/1000] b=4.00 trial   5 -> 246 gates (43.5s)
[ 905/1000] b=4.00 trial   4 -> 238 gates (48.6s)
[ 906/1000] b=4.00 trial   9 -> 238 gates (44.1s)
[ 907/1000] b=4.00 trial   6 -> 244 gates (46.8s)
[ 908/1000] b=4.00 trial  10 -> 236 gates (45.4s)
[ 909/1000] b=4.00 trial   8 -> 246 gates (48.3s)
[ 910/1000] b=4.00 trial  11 -> 242 gates (46.9s)
[ 911/1000] b=4.00 trial   7 -> 240 gates (49.9s)
[ 912/1000] b=4.00 trial  14 -> 246 gates (43.6s)
[ 913/1000] b=4.00 trial  13 -> 248 gates (44.9s)
[ 914/1000] b=4.00 trial  15 -> 228 gates (46.8s)
[ 915/1000] b=4.00 trial  12 -> 246 gates (48.1s)
[ 916/1000] b=4.00 trial  16 -> 238 gates (44.7s)
[ 917/1000] b=4.00 trial  20 -> 242 gates (43.2s)
[ 918/1000] b=4.00 trial  19 -> 246 gates (43.6s)
[ 919/1000] b=4.00 trial  17 -> 242 gates (47.4s)
[ 920/1000] b=4.00 trial  18 -> 242 gates (49.3s)
[ 921/1000] b=4.00 trial  21 -> 246 gates (48.5s)
[ 922/1000] b=4.00 trial  22 -> 240 gates (45.1s)
[ 923/1000] b=4.00 trial  23 -> 248 gates (45.0s)
[ 924/1000] b=4.00 trial  24 -> 244 gates (43.2s)
[ 925/1000] b=4.00 trial  25 -> 246 gates (46.3s)
[ 926/1000] b=4.00 trial  28 -> 244 gates (42.4s)
[ 927/1000] b=4.00 trial  26 -> 246 gates (44.2s)
[ 928/1000] b=4.00 trial  29 -> 242 gates (45.5s)
[ 929/1000] b=4.00 trial  27 -> 238 gates (50.1s)
[ 930/1000] b=4.00 trial  32 -> 238 gates (44.7s)
[ 931/1000] b=4.00 trial  31 -> 246 gates (47.7s)
[ 932/1000] b=4.00 trial  30 -> 240 gates (50.3s)
[ 933/1000] b=4.00 trial  33 -> 244 gates (43.3s)
[ 934/1000] b=4.00 trial  36 -> 244 gates (41.5s)
[ 935/1000] b=4.00 trial  34 -> 248 gates (43.6s)
[ 936/1000] b=4.00 trial  40 -> 244 gates (44.4s)
[ 937/1000] b=4.00 trial  35 -> 242 gates (49.3s)
[ 938/1000] b=4.00 trial  41 -> 242 gates (45.8s)
[ 939/1000] b=4.00 trial  43 -> 244 gates (43.5s)
[ 940/1000] b=4.00 trial  38 -> 248 gates (47.5s)
[ 941/1000] b=4.00 trial  42 -> 248 gates (44.3s)
[ 942/1000] b=4.00 trial  39 -> 240 gates (48.6s)
[ 943/1000] b=4.00 trial  37 -> 242 gates (50.2s)
[ 944/1000] b=4.00 trial  44 -> 238 gates (45.5s)
[ 945/1000] b=4.00 trial  45 -> 246 gates (43.2s)
[ 946/1000] b=4.00 trial  46 -> 236 gates (45.7s)
[ 947/1000] b=4.00 trial  47 -> 240 gates (47.9s)
[ 948/1000] b=4.00 trial  51 -> 246 gates (42.5s)
[ 949/1000] b=4.00 trial  50 -> 240 gates (46.3s)
[ 950/1000] b=4.00 trial  48 -> 242 gates (49.7s)
[ 951/1000] b=4.00 trial  49 -> 246 gates (50.3s)
[ 952/1000] b=4.00 trial  52 -> 246 gates (46.0s)
[ 953/1000] b=4.00 trial  55 -> 240 gates (43.1s)
[ 954/1000] b=4.00 trial  53 -> 244 gates (47.9s)
[ 955/1000] b=4.00 trial  54 -> 252 gates (47.8s)
[ 956/1000] b=4.00 trial  56 -> 244 gates (45.4s)
[ 957/1000] b=4.00 trial  58 -> 242 gates (43.0s)
[ 958/1000] b=4.00 trial  59 -> 246 gates (42.5s)
[ 959/1000] b=4.00 trial  61 -> 244 gates (43.3s)
[ 960/1000] b=4.00 trial  60 -> 242 gates (45.3s)
[ 961/1000] b=4.00 trial  57 -> 236 gates (50.0s)
[ 962/1000] b=4.00 trial  63 -> 238 gates (44.2s)
[ 963/1000] b=4.00 trial  62 -> 242 gates (45.8s)
[ 964/1000] b=4.00 trial  65 -> 242 gates (42.7s)
[ 965/1000] b=4.00 trial  67 -> 242 gates (42.3s)
[ 966/1000] b=4.00 trial  70 -> 244 gates (45.1s)
[ 967/1000] b=4.00 trial  64 -> 244 gates (49.1s)
[ 968/1000] b=4.00 trial  72 -> 242 gates (44.5s)
[ 969/1000] b=4.00 trial  68 -> 238 gates (47.0s)
[ 970/1000] b=4.00 trial  73 -> 244 gates (44.8s)
[ 971/1000] b=4.00 trial  69 -> 240 gates (46.8s)
[ 972/1000] b=4.00 trial  71 -> 248 gates (47.4s)
[ 973/1000] b=4.00 trial  74 -> 242 gates (44.6s)
[ 974/1000] b=4.00 trial  66 -> 246 gates (50.3s)
[ 975/1000] b=4.00 trial  75 -> 246 gates (43.9s)
[ 976/1000] b=4.00 trial  76 -> 246 gates (43.9s)
[ 977/1000] b=4.00 trial  80 -> 238 gates (43.3s)
[ 978/1000] b=4.00 trial  77 -> 244 gates (46.8s)
[ 979/1000] b=4.00 trial  79 -> 246 gates (45.6s)
[ 980/1000] b=4.00 trial  78 -> 242 gates (48.2s)
[ 981/1000] b=4.00 trial  82 -> 246 gates (40.9s)
[ 982/1000] b=4.00 trial  81 -> 238 gates (44.2s)
[ 983/1000] b=4.00 trial  83 -> 236 gates (45.2s)
[ 984/1000] b=4.00 trial  86 -> 242 gates (40.5s)
[ 985/1000] b=4.00 trial  85 -> 246 gates (41.7s)
[ 986/1000] b=4.00 trial  84 -> 244 gates (44.7s)
[ 987/1000] b=4.00 trial  87 -> 236 gates (41.4s)
[ 988/1000] b=4.00 trial  88 -> 240 gates (41.9s)
[ 989/1000] b=4.00 trial  89 -> 244 gates (41.8s)
[ 990/1000] b=4.00 trial  90 -> 242 gates (40.4s)
[ 991/1000] b=4.00 trial  91 -> 240 gates (39.1s)
[ 992/1000] b=4.00 trial  92 -> 242 gates (38.4s)
[ 993/1000] b=4.00 trial  93 -> 240 gates (36.6s)
[ 994/1000] b=4.00 trial  99 -> 240 gates (34.0s)
[ 995/1000] b=4.00 trial  96 -> 244 gates (35.2s)
[ 996/1000] b=4.00 trial  98 -> 244 gates (34.6s)
[ 997/1000] b=4.00 trial  97 -> 248 gates (35.1s)
[ 998/1000] b=4.00 trial  94 -> 240 gates (36.1s)
[ 999/1000] b=4.00 trial  95 -> 244 gates (35.9s)
[1000/1000] b=4.00 trial 100 -> 244 gates (34.1s)
[System] Config C10_b4.00_N10 complete -> files written

       config   b  num_neighbors  final_avg_gates  final_std  best_gates  worst_gates  median_gates  avg_time_s
C01_b0.50_N10 0.5             10           218.04      5.953         200          234         218.0       43.78
C02_b0.80_N10 0.8             10           222.22      4.832         210          240         222.0       45.04
C03_b1.00_N10 1.0             10           226.66      4.205         218          238         226.0       45.20
C04_b1.20_N10 1.2             10           228.24      4.338         216          238         228.0       45.18
C05_b1.50_N10 1.5             10           232.72      4.094         220          246         232.0       45.49
C06_b1.80_N10 1.8             10           235.28      3.945         222          246         236.0       45.41
C07_b2.00_N10 2.0             10           235.76      3.513         226          244         236.0       45.34
C08_b2.50_N10 2.5             10           238.22      3.497         230          246         238.0       45.53
C09_b3.00_N10 3.0             10           239.38      3.552         228          250         240.0       45.53
C10_b4.00_N10 4.0             10           242.58      3.713         228          252         243.0       44.46

[System] All results in: param_sweep\6bit_p1_WOA
[Plot] Wrote convergence_facets.pdf/png, convergence_all.pdf/png and convergence_data.csv to param_sweep\6bit_p1_WOA (10 configs)
