[System] ABC: 10 configs (N=10 fixed) x 100 trials x 3000 iters = 1000 runs on 28 workers
[System] Live progress: param_sweep\6bit_p1_ABC\progress.txt
[   1/1000] limit=  5 trial  17 -> 250 gates (39.2s)
[   2/1000] limit=  5 trial  18 -> 252 gates (39.6s)
[   3/1000] limit=  5 trial   1 -> 250 gates (39.9s)
[   4/1000] limit=  5 trial   4 -> 250 gates (39.9s)
[   5/1000] limit=  5 trial   8 -> 248 gates (40.3s)
[   6/1000] limit=  5 trial  24 -> 250 gates (40.4s)
[   7/1000] limit=  5 trial  22 -> 248 gates (40.7s)
[   8/1000] limit=  5 trial  21 -> 250 gates (41.0s)
[   9/1000] limit=  5 trial  27 -> 252 gates (41.0s)
[  10/1000] limit=  5 trial   9 -> 250 gates (41.6s)
[  11/1000] limit=  5 trial  12 -> 246 gates (41.8s)
[  12/1000] limit=  5 trial  20 -> 246 gates (41.8s)
[  13/1000] limit=  5 trial  26 -> 250 gates (42.0s)
[  14/1000] limit=  5 trial   5 -> 250 gates (43.0s)
[  15/1000] limit=  5 trial   3 -> 248 gates (43.0s)
[  16/1000] limit=  5 trial   7 -> 250 gates (44.0s)
[  17/1000] limit=  5 trial   6 -> 248 gates (44.3s)
[  18/1000] limit=  5 trial  28 -> 248 gates (44.2s)
[  19/1000] limit=  5 trial  14 -> 246 gates (44.4s)
[  20/1000] limit=  5 trial  10 -> 252 gates (44.7s)
[  21/1000] limit=  5 trial  19 -> 248 gates (45.5s)
[  22/1000] limit=  5 trial  16 -> 250 gates (45.8s)
[  23/1000] limit=  5 trial  11 -> 248 gates (46.4s)
[  24/1000] limit=  5 trial  25 -> 252 gates (46.3s)
[  25/1000] limit=  5 trial  23 -> 248 gates (46.4s)
[  26/1000] limit=  5 trial  13 -> 240 gates (46.5s)
[  27/1000] limit=  5 trial  15 -> 248 gates (46.6s)
[  28/1000] limit=  5 trial   2 -> 250 gates (46.8s)
[  29/1000] limit=  5 trial  29 -> 254 gates (41.5s)
[  30/1000] limit=  5 trial  34 -> 250 gates (40.8s)
[  31/1000] limit=  5 trial  30 -> 250 gates (41.8s)
[  32/1000] limit=  5 trial  33 -> 252 gates (41.3s)
[  33/1000] limit=  5 trial  31 -> 252 gates (42.5s)
[  34/1000] limit=  5 trial  37 -> 252 gates (41.5s)
[  35/1000] limit=  5 trial  38 -> 250 gates (41.9s)
[  36/1000] limit=  5 trial  41 -> 248 gates (41.6s)
[  37/1000] limit=  5 trial  43 -> 250 gates (41.2s)
[  38/1000] limit=  5 trial  46 -> 252 gates (40.2s)
[  39/1000] limit=  5 trial  36 -> 250 gates (43.5s)
[  40/1000] limit=  5 trial  40 -> 250 gates (43.1s)
[  41/1000] limit=  5 trial  39 -> 250 gates (43.7s)
[  42/1000] limit=  5 trial  32 -> 252 gates (46.7s)
[  43/1000] limit=  5 trial  42 -> 250 gates (43.9s)
[  44/1000] limit=  5 trial  48 -> 252 gates (42.2s)
[  45/1000] limit=  5 trial  44 -> 250 gates (43.3s)
[  46/1000] limit=  5 trial  53 -> 248 gates (41.5s)
[  47/1000] limit=  5 trial  35 -> 248 gates (47.6s)
[  48/1000] limit=  5 trial  45 -> 250 gates (44.2s)
[  49/1000] limit=  5 trial  52 -> 250 gates (44.3s)
[  50/1000] limit=  5 trial  51 -> 252 gates (45.5s)
[  51/1000] limit=  5 trial  47 -> 252 gates (47.4s)
[  52/1000] limit=  5 trial  49 -> 250 gates (47.6s)
[  53/1000] limit=  5 trial  50 -> 242 gates (48.0s)
[  54/1000] limit=  5 trial  54 -> 250 gates (47.4s)
[  55/1000] limit=  5 trial  55 -> 246 gates (47.8s)
[  56/1000] limit=  5 trial  56 -> 248 gates (47.9s)
[  57/1000] limit=  5 trial  59 -> 248 gates (40.9s)
[  58/1000] limit=  5 trial  57 -> 248 gates (41.9s)
[  59/1000] limit=  5 trial  58 -> 250 gates (41.6s)
[  60/1000] limit=  5 trial  61 -> 250 gates (41.1s)
[  61/1000] limit=  5 trial  60 -> 250 gates (42.4s)
[  62/1000] limit=  5 trial  62 -> 250 gates (42.9s)
[  63/1000] limit=  5 trial  64 -> 248 gates (42.0s)
[  64/1000] limit=  5 trial  70 -> 248 gates (40.6s)
[  65/1000] limit=  5 trial  63 -> 252 gates (43.7s)
[  66/1000] limit=  5 trial  71 -> 248 gates (41.1s)
[  67/1000] limit=  5 trial  68 -> 252 gates (43.1s)
[  68/1000] limit=  5 trial  67 -> 250 gates (43.5s)
[  69/1000] limit=  5 trial  69 -> 250 gates (43.1s)
[  70/1000] limit=  5 trial  72 -> 252 gates (42.5s)
[  71/1000] limit=  5 trial  73 -> 250 gates (43.6s)
[  72/1000] limit=  5 trial  74 -> 250 gates (43.2s)
[  73/1000] limit=  5 trial  65 -> 248 gates (47.7s)
[  74/1000] limit=  5 trial  66 -> 252 gates (47.3s)
[  75/1000] limit=  5 trial  78 -> 250 gates (42.1s)
[  76/1000] limit=  5 trial  79 -> 252 gates (42.6s)
[  77/1000] limit=  5 trial  76 -> 250 gates (47.2s)
[  78/1000] limit=  5 trial  75 -> 250 gates (47.7s)
[  79/1000] limit=  5 trial  77 -> 248 gates (47.2s)
[  80/1000] limit=  5 trial  82 -> 248 gates (44.1s)
[  81/1000] limit=  5 trial  84 -> 248 gates (45.1s)
[  82/1000] limit=  5 trial  81 -> 250 gates (46.1s)
[  83/1000] limit=  5 trial  80 -> 252 gates (47.7s)
[  84/1000] limit=  5 trial  83 -> 242 gates (47.9s)
[  85/1000] limit=  5 trial  85 -> 250 gates (40.8s)
[  86/1000] limit=  5 trial  89 -> 252 gates (40.3s)
[  87/1000] limit=  5 trial  88 -> 252 gates (42.1s)
[  88/1000] limit=  5 trial  90 -> 248 gates (40.6s)
[  89/1000] limit=  5 trial  86 -> 250 gates (44.0s)
[  90/1000] limit=  5 trial  91 -> 242 gates (42.1s)
[  91/1000] limit=  5 trial  87 -> 252 gates (44.9s)
[  92/1000] limit=  5 trial  92 -> 250 gates (42.6s)
[  93/1000] limit=  5 trial  93 -> 252 gates (42.6s)
[  94/1000] limit=  5 trial  96 -> 250 gates (42.5s)
[  95/1000] limit=  5 trial  94 -> 250 gates (44.0s)
[  96/1000] limit=  5 trial  97 -> 252 gates (44.2s)
[  97/1000] limit=  5 trial  98 -> 252 gates (43.4s)
[  98/1000] limit= 10 trial   3 -> 242 gates (41.0s)
[  99/1000] limit=  5 trial  95 -> 248 gates (47.1s)
[ 100/1000] limit=  5 trial 100 -> 244 gates (44.5s)
[ 101/1000] limit= 10 trial   4 -> 244 gates (41.1s)
[ 102/1000] limit= 10 trial   8 -> 246 gates (40.3s)
[ 103/1000] limit=  5 trial  99 -> 248 gates (47.7s)
[System] Config C01_lim005_N10 complete -> files written
[ 104/1000] limit= 10 trial   1 -> 246 gates (47.7s)
[ 105/1000] limit= 10 trial   2 -> 246 gates (47.7s)
[ 106/1000] limit= 10 trial   6 -> 242 gates (45.7s)
[ 107/1000] limit= 10 trial   7 -> 246 gates (43.9s)
[ 108/1000] limit= 10 trial   5 -> 240 gates (46.5s)
[ 109/1000] limit= 10 trial   9 -> 244 gates (43.1s)
[ 110/1000] limit= 10 trial  10 -> 246 gates (45.1s)
[ 111/1000] limit= 10 trial  11 -> 244 gates (47.7s)
[ 112/1000] limit= 10 trial  12 -> 242 gates (48.0s)
[ 113/1000] limit= 10 trial  13 -> 246 gates (41.5s)
[ 114/1000] limit= 10 trial  16 -> 242 gates (40.5s)
[ 115/1000] limit= 10 trial  14 -> 246 gates (43.1s)
[ 116/1000] limit= 10 trial  17 -> 246 gates (42.2s)
[ 117/1000] limit= 10 trial  15 -> 244 gates (43.4s)
[ 118/1000] limit= 10 trial  18 -> 248 gates (42.2s)
[ 119/1000] limit= 10 trial  19 -> 240 gates (44.1s)
[ 120/1000] limit= 10 trial  21 -> 244 gates (42.9s)
[ 121/1000] limit= 10 trial  24 -> 244 gates (42.2s)
[ 122/1000] limit= 10 trial  20 -> 246 gates (46.5s)
[ 123/1000] limit= 10 trial  26 -> 246 gates (41.5s)
[ 124/1000] limit= 10 trial  22 -> 244 gates (45.8s)
[ 125/1000] limit= 10 trial  25 -> 246 gates (44.5s)
[ 126/1000] limit= 10 trial  27 -> 244 gates (43.0s)
[ 127/1000] limit= 10 trial  29 -> 246 gates (42.9s)
[ 128/1000] limit= 10 trial  23 -> 244 gates (47.7s)
[ 129/1000] limit= 10 trial  30 -> 244 gates (43.8s)
[ 130/1000] limit= 10 trial  36 -> 244 gates (40.3s)
[ 131/1000] limit= 10 trial  28 -> 246 gates (47.7s)
[ 132/1000] limit= 10 trial  35 -> 242 gates (42.3s)
[ 133/1000] limit= 10 trial  34 -> 248 gates (42.8s)
[ 134/1000] limit= 10 trial  31 -> 244 gates (46.4s)
[ 135/1000] limit= 10 trial  37 -> 242 gates (42.6s)
[ 136/1000] limit= 10 trial  32 -> 242 gates (47.7s)
[ 137/1000] limit= 10 trial  33 -> 246 gates (47.7s)
[ 138/1000] limit= 10 trial  38 -> 246 gates (43.8s)
[ 139/1000] limit= 10 trial  39 -> 248 gates (43.1s)
[ 140/1000] limit= 10 trial  40 -> 246 gates (47.8s)
[ 141/1000] limit= 10 trial  43 -> 244 gates (40.9s)
[ 142/1000] limit= 10 trial  42 -> 244 gates (42.2s)
[ 143/1000] limit= 10 trial  44 -> 244 gates (40.3s)
[ 144/1000] limit= 10 trial  41 -> 246 gates (44.8s)
[ 145/1000] limit= 10 trial  46 -> 248 gates (42.1s)
[ 146/1000] limit= 10 trial  47 -> 246 gates (40.3s)
[ 147/1000] limit= 10 trial  45 -> 248 gates (44.6s)
[ 148/1000] limit= 10 trial  48 -> 246 gates (44.2s)
[ 149/1000] limit= 10 trial  51 -> 240 gates (42.3s)
[ 150/1000] limit= 10 trial  49 -> 244 gates (44.2s)
[ 151/1000] limit= 10 trial  54 -> 244 gates (41.7s)
[ 152/1000] limit= 10 trial  52 -> 246 gates (44.7s)
[ 153/1000] limit= 10 trial  50 -> 246 gates (47.6s)
[ 154/1000] limit= 10 trial  58 -> 246 gates (41.7s)
[ 155/1000] limit= 10 trial  62 -> 246 gates (39.9s)
[ 156/1000] limit= 10 trial  53 -> 242 gates (47.7s)
[ 157/1000] limit= 10 trial  57 -> 246 gates (43.9s)
[ 158/1000] limit= 10 trial  55 -> 242 gates (47.7s)
[ 159/1000] limit= 10 trial  61 -> 244 gates (42.3s)
[ 160/1000] limit= 10 trial  56 -> 242 gates (47.6s)
[ 161/1000] limit= 10 trial  63 -> 246 gates (42.6s)
[ 162/1000] limit= 10 trial  60 -> 248 gates (43.9s)
[ 163/1000] limit= 10 trial  59 -> 246 gates (47.6s)
[ 164/1000] limit= 10 trial  66 -> 242 gates (44.7s)
[ 165/1000] limit= 10 trial  67 -> 242 gates (43.1s)
[ 166/1000] limit= 10 trial  65 -> 242 gates (47.6s)
[ 167/1000] limit= 10 trial  64 -> 244 gates (47.7s)
[ 168/1000] limit= 10 trial  68 -> 246 gates (48.0s)
[ 169/1000] limit= 10 trial  70 -> 242 gates (39.5s)
[ 170/1000] limit= 10 trial  69 -> 244 gates (40.9s)
[ 171/1000] limit= 10 trial  71 -> 246 gates (41.1s)
[ 172/1000] limit= 10 trial  72 -> 246 gates (43.1s)
[ 173/1000] limit= 10 trial  75 -> 244 gates (41.3s)
[ 174/1000] limit= 10 trial  73 -> 240 gates (42.8s)
[ 175/1000] limit= 10 trial  74 -> 242 gates (44.2s)
[ 176/1000] limit= 10 trial  77 -> 246 gates (40.2s)
[ 177/1000] limit= 10 trial  76 -> 244 gates (42.2s)
[ 178/1000] limit= 10 trial  78 -> 244 gates (42.9s)
[ 179/1000] limit= 10 trial  79 -> 246 gates (42.6s)
[ 180/1000] limit= 10 trial  80 -> 244 gates (44.2s)
[ 181/1000] limit= 10 trial  83 -> 244 gates (43.1s)
[ 182/1000] limit= 10 trial  82 -> 244 gates (44.5s)
[ 183/1000] limit= 10 trial  87 -> 244 gates (42.3s)
[ 184/1000] limit= 10 trial  89 -> 248 gates (41.3s)
[ 185/1000] limit= 10 trial  90 -> 246 gates (42.4s)
[ 186/1000] limit= 10 trial  85 -> 246 gates (45.1s)
[ 187/1000] limit= 10 trial  81 -> 244 gates (47.5s)
[ 188/1000] limit= 10 trial  84 -> 246 gates (46.5s)
[ 189/1000] limit= 10 trial  86 -> 246 gates (47.8s)
[ 190/1000] limit= 10 trial  88 -> 246 gates (47.6s)
[ 191/1000] limit= 10 trial  92 -> 246 gates (42.2s)
[ 192/1000] limit= 10 trial  91 -> 242 gates (47.7s)
[ 193/1000] limit= 10 trial  95 -> 246 gates (44.1s)
[ 194/1000] limit= 10 trial  93 -> 244 gates (45.0s)
[ 195/1000] limit= 10 trial  94 -> 238 gates (46.3s)
[ 196/1000] limit= 10 trial  97 -> 246 gates (42.1s)
[ 197/1000] limit= 10 trial 100 -> 246 gates (39.8s)
[ 198/1000] limit= 10 trial  98 -> 242 gates (44.5s)
[ 199/1000] limit= 10 trial  96 -> 244 gates (47.7s)
[ 200/1000] limit= 10 trial  99 -> 244 gates (44.0s)
[System] Config C02_lim010_N10 complete -> files written
[ 201/1000] limit= 15 trial   2 -> 240 gates (43.9s)
[ 202/1000] limit= 15 trial   1 -> 238 gates (44.5s)
[ 203/1000] limit= 15 trial   5 -> 240 gates (43.1s)
[ 204/1000] limit= 15 trial   6 -> 240 gates (40.9s)
[ 205/1000] limit= 15 trial   3 -> 242 gates (46.7s)
[ 206/1000] limit= 15 trial   4 -> 236 gates (45.0s)
[ 207/1000] limit= 15 trial   7 -> 240 gates (42.3s)
[ 208/1000] limit= 15 trial   8 -> 240 gates (41.8s)
[ 209/1000] limit= 15 trial  10 -> 242 gates (42.5s)
[ 210/1000] limit= 15 trial   9 -> 238 gates (44.5s)
[ 211/1000] limit= 15 trial  12 -> 240 gates (43.6s)
[ 212/1000] limit= 15 trial  13 -> 236 gates (42.7s)
[ 213/1000] limit= 15 trial  14 -> 242 gates (42.3s)
[ 214/1000] limit= 15 trial  16 -> 240 gates (42.2s)
[ 215/1000] limit= 15 trial  15 -> 242 gates (43.6s)
[ 216/1000] limit= 15 trial  11 -> 242 gates (47.5s)
[ 217/1000] limit= 15 trial  19 -> 240 gates (42.9s)
[ 218/1000] limit= 15 trial  17 -> 238 gates (46.5s)
[ 219/1000] limit= 15 trial  21 -> 242 gates (42.3s)
[ 220/1000] limit= 15 trial  18 -> 242 gates (47.5s)
[ 221/1000] limit= 15 trial  20 -> 240 gates (47.2s)
[ 222/1000] limit= 15 trial  22 -> 240 gates (47.6s)
[ 223/1000] limit= 15 trial  23 -> 238 gates (47.6s)
[ 224/1000] limit= 15 trial  24 -> 238 gates (40.8s)
[ 225/1000] limit= 15 trial  25 -> 238 gates (44.5s)
[ 226/1000] limit= 15 trial  26 -> 244 gates (45.4s)
[ 227/1000] limit= 15 trial  28 -> 238 gates (45.0s)
[ 228/1000] limit= 15 trial  29 -> 238 gates (40.6s)
[ 229/1000] limit= 15 trial  27 -> 238 gates (46.7s)
[ 230/1000] limit= 15 trial  31 -> 242 gates (42.6s)
[ 231/1000] limit= 15 trial  30 -> 238 gates (45.9s)
[ 232/1000] limit= 15 trial  33 -> 238 gates (42.3s)
[ 233/1000] limit= 15 trial  32 -> 240 gates (43.2s)
[ 234/1000] limit= 15 trial  34 -> 242 gates (43.0s)
[ 235/1000] limit= 15 trial  35 -> 242 gates (42.4s)
[ 236/1000] limit= 15 trial  36 -> 238 gates (40.8s)
[ 237/1000] limit= 15 trial  37 -> 240 gates (43.2s)
[ 238/1000] limit= 15 trial  41 -> 244 gates (41.9s)
[ 239/1000] limit= 15 trial  42 -> 238 gates (42.3s)
[ 240/1000] limit= 15 trial  43 -> 240 gates (42.7s)
[ 241/1000] limit= 15 trial  38 -> 240 gates (45.8s)
[ 242/1000] limit= 15 trial  45 -> 240 gates (41.7s)
[ 243/1000] limit= 15 trial  39 -> 238 gates (47.7s)
[ 244/1000] limit= 15 trial  40 -> 238 gates (47.9s)
[ 245/1000] limit= 15 trial  46 -> 242 gates (42.1s)
[ 246/1000] limit= 15 trial  47 -> 238 gates (42.9s)
[ 247/1000] limit= 15 trial  44 -> 242 gates (47.6s)
[ 248/1000] limit= 15 trial  49 -> 238 gates (41.8s)
[ 249/1000] limit= 15 trial  48 -> 240 gates (45.6s)
[ 250/1000] limit= 15 trial  50 -> 236 gates (46.5s)
[ 251/1000] limit= 15 trial  52 -> 238 gates (43.2s)
[ 252/1000] limit= 15 trial  51 -> 240 gates (47.6s)
[ 253/1000] limit= 15 trial  53 -> 240 gates (43.0s)
[ 254/1000] limit= 15 trial  56 -> 240 gates (41.8s)
[ 255/1000] limit= 15 trial  57 -> 240 gates (41.5s)
[ 256/1000] limit= 15 trial  59 -> 244 gates (40.4s)
[ 257/1000] limit= 15 trial  54 -> 242 gates (47.5s)
[ 258/1000] limit= 15 trial  55 -> 236 gates (47.4s)
[ 259/1000] limit= 15 trial  58 -> 242 gates (42.6s)
[ 260/1000] limit= 15 trial  60 -> 242 gates (42.3s)
[ 261/1000] limit= 15 trial  63 -> 238 gates (42.2s)
[ 262/1000] limit= 15 trial  64 -> 240 gates (41.5s)
[ 263/1000] limit= 15 trial  61 -> 238 gates (43.6s)
[ 264/1000] limit= 15 trial  62 -> 240 gates (45.0s)
[ 265/1000] limit= 15 trial  67 -> 238 gates (42.9s)
[ 266/1000] limit= 15 trial  69 -> 242 gates (41.6s)
[ 267/1000] limit= 15 trial  66 -> 240 gates (44.7s)
[ 268/1000] limit= 15 trial  65 -> 242 gates (47.2s)
[ 269/1000] limit= 15 trial  70 -> 242 gates (41.4s)
[ 270/1000] limit= 15 trial  72 -> 240 gates (43.4s)
[ 271/1000] limit= 15 trial  73 -> 240 gates (42.0s)
[ 272/1000] limit= 15 trial  68 -> 240 gates (47.4s)
[ 273/1000] limit= 15 trial  71 -> 240 gates (45.0s)
[ 274/1000] limit= 15 trial  76 -> 234 gates (41.3s)
[ 275/1000] limit= 15 trial  74 -> 240 gates (47.4s)
[ 276/1000] limit= 15 trial  75 -> 238 gates (47.6s)
[ 277/1000] limit= 15 trial  77 -> 240 gates (45.3s)
[ 278/1000] limit= 15 trial  78 -> 242 gates (42.2s)
[ 279/1000] limit= 15 trial  79 -> 240 gates (44.1s)
[ 280/1000] limit= 15 trial  81 -> 240 gates (42.5s)
[ 281/1000] limit= 15 trial  80 -> 242 gates (47.6s)
[ 282/1000] limit= 15 trial  82 -> 240 gates (43.0s)
[ 283/1000] limit= 15 trial  83 -> 240 gates (42.4s)
[ 284/1000] limit= 15 trial  84 -> 240 gates (43.4s)
[ 285/1000] limit= 15 trial  87 -> 240 gates (43.8s)
[ 286/1000] limit= 15 trial  88 -> 236 gates (43.7s)
[ 287/1000] limit= 15 trial  90 -> 238 gates (42.8s)
[ 288/1000] limit= 15 trial  91 -> 244 gates (42.6s)
[ 289/1000] limit= 15 trial  92 -> 242 gates (41.1s)
[ 290/1000] limit= 15 trial  85 -> 240 gates (47.4s)
[ 291/1000] limit= 15 trial  86 -> 240 gates (47.4s)
[ 292/1000] limit= 15 trial  89 -> 242 gates (45.2s)
[ 293/1000] limit= 15 trial  93 -> 240 gates (42.6s)
[ 294/1000] limit= 15 trial  95 -> 238 gates (42.8s)
[ 295/1000] limit= 15 trial  94 -> 238 gates (43.6s)
[ 296/1000] limit= 15 trial  97 -> 242 gates (43.8s)
[ 297/1000] limit= 15 trial  98 -> 234 gates (41.7s)
[ 298/1000] limit= 15 trial  99 -> 240 gates (42.9s)
[ 299/1000] limit= 20 trial   1 -> 240 gates (43.5s)
[ 300/1000] limit= 15 trial  96 -> 242 gates (47.8s)
[ 301/1000] limit= 20 trial   2 -> 236 gates (40.8s)
[ 302/1000] limit= 15 trial 100 -> 238 gates (47.4s)
[System] Config C03_lim015_N10 complete -> files written
[ 303/1000] limit= 20 trial   3 -> 238 gates (42.5s)
[ 304/1000] limit= 20 trial   6 -> 236 gates (40.9s)
[ 305/1000] limit= 20 trial   4 -> 238 gates (47.5s)
[ 306/1000] limit= 20 trial   5 -> 238 gates (47.6s)
[ 307/1000] limit= 20 trial   7 -> 236 gates (43.7s)
[ 308/1000] limit= 20 trial   8 -> 238 gates (42.5s)
[ 309/1000] limit= 20 trial  11 -> 236 gates (42.0s)
[ 310/1000] limit= 20 trial  10 -> 236 gates (42.8s)
[ 311/1000] limit= 20 trial  12 -> 240 gates (40.6s)
[ 312/1000] limit= 20 trial   9 -> 240 gates (47.4s)
[ 313/1000] limit= 20 trial  14 -> 236 gates (42.1s)
[ 314/1000] limit= 20 trial  17 -> 234 gates (41.4s)
[ 315/1000] limit= 20 trial  15 -> 240 gates (42.3s)
[ 316/1000] limit= 20 trial  13 -> 238 gates (43.9s)
[ 317/1000] limit= 20 trial  18 -> 236 gates (45.1s)
[ 318/1000] limit= 20 trial  16 -> 240 gates (47.5s)
[ 319/1000] limit= 20 trial  19 -> 238 gates (47.2s)
[ 320/1000] limit= 20 trial  20 -> 236 gates (47.7s)
[ 321/1000] limit= 20 trial  21 -> 236 gates (40.8s)
[ 322/1000] limit= 20 trial  23 -> 236 gates (42.2s)
[ 323/1000] limit= 20 trial  22 -> 236 gates (43.9s)
[ 324/1000] limit= 20 trial  25 -> 236 gates (41.5s)
[ 325/1000] limit= 20 trial  26 -> 238 gates (41.2s)
[ 326/1000] limit= 20 trial  24 -> 236 gates (44.2s)
[ 327/1000] limit= 20 trial  27 -> 234 gates (40.7s)
[ 328/1000] limit= 20 trial  29 -> 240 gates (44.1s)
[ 329/1000] limit= 20 trial  28 -> 234 gates (47.7s)
[ 330/1000] limit= 20 trial  31 -> 238 gates (44.2s)
[ 331/1000] limit= 20 trial  30 -> 238 gates (46.7s)
[ 332/1000] limit= 20 trial  32 -> 236 gates (43.9s)
[ 333/1000] limit= 20 trial  35 -> 236 gates (42.0s)
[ 334/1000] limit= 20 trial  33 -> 232 gates (45.5s)
[ 335/1000] limit= 20 trial  37 -> 240 gates (40.2s)
[ 336/1000] limit= 20 trial  34 -> 236 gates (46.6s)
[ 337/1000] limit= 20 trial  38 -> 238 gates (40.5s)
[ 338/1000] limit= 20 trial  36 -> 234 gates (47.6s)
[ 339/1000] limit= 20 trial  39 -> 236 gates (43.2s)
[ 340/1000] limit= 20 trial  42 -> 240 gates (41.3s)
[ 341/1000] limit= 20 trial  40 -> 234 gates (45.5s)
[ 342/1000] limit= 20 trial  41 -> 234 gates (44.0s)
[ 343/1000] limit= 20 trial  43 -> 240 gates (44.8s)
[ 344/1000] limit= 20 trial  44 -> 234 gates (44.6s)
[ 345/1000] limit= 20 trial  45 -> 240 gates (45.0s)
[ 346/1000] limit= 20 trial  49 -> 236 gates (41.6s)
[ 347/1000] limit= 20 trial  50 -> 240 gates (39.0s)
[ 348/1000] limit= 20 trial  47 -> 238 gates (44.6s)
[ 349/1000] limit= 20 trial  46 -> 236 gates (47.4s)
[ 350/1000] limit= 20 trial  48 -> 236 gates (45.1s)
[ 351/1000] limit= 20 trial  54 -> 234 gates (40.5s)
[ 352/1000] limit= 20 trial  52 -> 238 gates (42.8s)
[ 353/1000] limit= 20 trial  51 -> 238 gates (45.3s)
[ 354/1000] limit= 20 trial  55 -> 242 gates (42.1s)
[ 355/1000] limit= 20 trial  53 -> 234 gates (45.8s)
[ 356/1000] limit= 20 trial  56 -> 240 gates (42.1s)
[ 357/1000] limit= 20 trial  58 -> 236 gates (45.0s)
[ 358/1000] limit= 20 trial  59 -> 234 gates (44.5s)
[ 359/1000] limit= 20 trial  62 -> 232 gates (39.4s)
[ 360/1000] limit= 20 trial  57 -> 238 gates (47.6s)
[ 361/1000] limit= 20 trial  65 -> 238 gates (40.7s)
[ 362/1000] limit= 20 trial  60 -> 232 gates (47.5s)
[ 363/1000] limit= 20 trial  63 -> 238 gates (42.1s)
[ 364/1000] limit= 20 trial  64 -> 236 gates (41.7s)
[ 365/1000] limit= 20 trial  61 -> 236 gates (44.9s)
[ 366/1000] limit= 20 trial  67 -> 238 gates (41.8s)
[ 367/1000] limit= 20 trial  69 -> 232 gates (41.1s)
[ 368/1000] limit= 20 trial  70 -> 240 gates (41.4s)
[ 369/1000] limit= 20 trial  66 -> 234 gates (46.6s)
[ 370/1000] limit= 20 trial  68 -> 240 gates (43.8s)
[ 371/1000] limit= 20 trial  72 -> 238 gates (44.0s)
[ 372/1000] limit= 20 trial  71 -> 238 gates (45.5s)
[ 373/1000] limit= 20 trial  74 -> 240 gates (41.1s)
[ 374/1000] limit= 20 trial  75 -> 236 gates (41.0s)
[ 375/1000] limit= 20 trial  76 -> 232 gates (41.3s)
[ 376/1000] limit= 20 trial  73 -> 238 gates (47.1s)
[ 377/1000] limit= 20 trial  80 -> 236 gates (42.9s)
[ 378/1000] limit= 20 trial  78 -> 236 gates (46.7s)
[ 379/1000] limit= 20 trial  77 -> 232 gates (47.4s)
[ 380/1000] limit= 20 trial  82 -> 234 gates (43.0s)
[ 381/1000] limit= 20 trial  79 -> 240 gates (45.2s)
[ 382/1000] limit= 20 trial  81 -> 238 gates (47.5s)
[ 383/1000] limit= 20 trial  84 -> 234 gates (45.9s)
[ 384/1000] limit= 20 trial  83 -> 234 gates (47.5s)
[ 385/1000] limit= 20 trial  85 -> 232 gates (41.9s)
[ 386/1000] limit= 20 trial  87 -> 240 gates (43.3s)
[ 387/1000] limit= 20 trial  86 -> 240 gates (43.8s)
[ 388/1000] limit= 20 trial  90 -> 238 gates (41.1s)
[ 389/1000] limit= 20 trial  91 -> 240 gates (41.4s)
[ 390/1000] limit= 20 trial  93 -> 240 gates (41.5s)
[ 391/1000] limit= 20 trial  88 -> 236 gates (46.4s)
[ 392/1000] limit= 20 trial  89 -> 236 gates (44.0s)
[ 393/1000] limit= 20 trial  92 -> 240 gates (44.4s)
[ 394/1000] limit= 20 trial  95 -> 236 gates (39.4s)
[ 395/1000] limit= 20 trial  94 -> 234 gates (43.6s)
[ 396/1000] limit= 20 trial  96 -> 228 gates (41.0s)
[ 397/1000] limit= 20 trial  98 -> 236 gates (41.7s)
[ 398/1000] limit= 20 trial  97 -> 236 gates (44.5s)
[ 399/1000] limit= 25 trial   1 -> 234 gates (41.1s)
[ 400/1000] limit= 20 trial 100 -> 232 gates (42.9s)
[ 401/1000] limit= 25 trial   3 -> 234 gates (43.6s)
[ 402/1000] limit= 25 trial   2 -> 238 gates (45.2s)
[ 403/1000] limit= 20 trial  99 -> 238 gates (47.0s)
[System] Config C04_lim020_N10 complete -> files written
[ 404/1000] limit= 25 trial   8 -> 236 gates (40.9s)
[ 405/1000] limit= 25 trial   4 -> 234 gates (45.3s)
[ 406/1000] limit= 25 trial   5 -> 236 gates (44.3s)
[ 407/1000] limit= 25 trial   6 -> 232 gates (43.9s)
[ 408/1000] limit= 25 trial   7 -> 236 gates (47.3s)
[ 409/1000] limit= 25 trial   9 -> 236 gates (47.5s)
[ 410/1000] limit= 25 trial  10 -> 234 gates (46.9s)
[ 411/1000] limit= 25 trial  14 -> 236 gates (39.8s)
[ 412/1000] limit= 25 trial  11 -> 232 gates (47.5s)
[ 413/1000] limit= 25 trial  12 -> 238 gates (47.5s)
[ 414/1000] limit= 25 trial  13 -> 236 gates (44.9s)
[ 415/1000] limit= 25 trial  15 -> 234 gates (43.7s)
[ 416/1000] limit= 25 trial  16 -> 232 gates (43.1s)
[ 417/1000] limit= 25 trial  19 -> 238 gates (42.0s)
[ 418/1000] limit= 25 trial  18 -> 240 gates (42.7s)
[ 419/1000] limit= 25 trial  21 -> 238 gates (40.4s)
[ 420/1000] limit= 25 trial  17 -> 234 gates (45.0s)
[ 421/1000] limit= 25 trial  20 -> 232 gates (43.1s)
[ 422/1000] limit= 25 trial  22 -> 230 gates (41.0s)
[ 423/1000] limit= 25 trial  24 -> 238 gates (41.2s)
[ 424/1000] limit= 25 trial  23 -> 238 gates (44.0s)
[ 425/1000] limit= 25 trial  25 -> 236 gates (42.7s)
[ 426/1000] limit= 25 trial  27 -> 232 gates (42.5s)
[ 427/1000] limit= 25 trial  26 -> 238 gates (46.0s)
[ 428/1000] limit= 25 trial  29 -> 238 gates (42.2s)
[ 429/1000] limit= 25 trial  31 -> 234 gates (42.6s)
[ 430/1000] limit= 25 trial  30 -> 236 gates (43.2s)
[ 431/1000] limit= 25 trial  28 -> 230 gates (46.5s)
[ 432/1000] limit= 25 trial  32 -> 230 gates (41.4s)
[ 433/1000] limit= 25 trial  35 -> 234 gates (40.9s)
[ 434/1000] limit= 25 trial  34 -> 232 gates (44.2s)
[ 435/1000] limit= 25 trial  33 -> 240 gates (47.4s)
[ 436/1000] limit= 25 trial  36 -> 236 gates (47.2s)
[ 437/1000] limit= 25 trial  39 -> 240 gates (42.8s)
[ 438/1000] limit= 25 trial  37 -> 232 gates (47.5s)
[ 439/1000] limit= 25 trial  43 -> 232 gates (40.7s)
[ 440/1000] limit= 25 trial  38 -> 238 gates (46.4s)
[ 441/1000] limit= 25 trial  44 -> 236 gates (40.2s)
[ 442/1000] limit= 25 trial  40 -> 238 gates (44.2s)
[ 443/1000] limit= 25 trial  42 -> 236 gates (43.8s)
[ 444/1000] limit= 25 trial  47 -> 236 gates (41.4s)
[ 445/1000] limit= 25 trial  45 -> 236 gates (43.5s)
[ 446/1000] limit= 25 trial  41 -> 236 gates (47.5s)
[ 447/1000] limit= 25 trial  46 -> 234 gates (43.6s)
[ 448/1000] limit= 25 trial  49 -> 236 gates (42.0s)
[ 449/1000] limit= 25 trial  48 -> 236 gates (43.8s)
[ 450/1000] limit= 25 trial  50 -> 234 gates (41.4s)
[ 451/1000] limit= 25 trial  52 -> 238 gates (41.1s)
[ 452/1000] limit= 25 trial  51 -> 238 gates (45.8s)
[ 453/1000] limit= 25 trial  53 -> 238 gates (43.7s)
[ 454/1000] limit= 25 trial  54 -> 240 gates (39.4s)
[ 455/1000] limit= 25 trial  55 -> 234 gates (40.8s)
[ 456/1000] limit= 25 trial  57 -> 236 gates (42.3s)
[ 457/1000] limit= 25 trial  56 -> 232 gates (43.3s)
[ 458/1000] limit= 25 trial  58 -> 232 gates (42.5s)
[ 459/1000] limit= 25 trial  59 -> 234 gates (47.3s)
[ 460/1000] limit= 25 trial  60 -> 234 gates (44.6s)
[ 461/1000] limit= 25 trial  61 -> 232 gates (43.9s)
[ 462/1000] limit= 25 trial  63 -> 236 gates (45.1s)
[ 463/1000] limit= 25 trial  62 -> 236 gates (47.5s)
[ 464/1000] limit= 25 trial  67 -> 234 gates (40.6s)
[ 465/1000] limit= 25 trial  70 -> 232 gates (41.5s)
[ 466/1000] limit= 25 trial  64 -> 232 gates (45.9s)
[ 467/1000] limit= 25 trial  65 -> 238 gates (45.4s)
[ 468/1000] limit= 25 trial  69 -> 238 gates (42.7s)
[ 469/1000] limit= 25 trial  66 -> 238 gates (47.6s)
[ 470/1000] limit= 25 trial  68 -> 238 gates (46.2s)
[ 471/1000] limit= 25 trial  73 -> 232 gates (42.8s)
[ 472/1000] limit= 25 trial  75 -> 232 gates (42.3s)
[ 473/1000] limit= 25 trial  72 -> 236 gates (44.0s)
[ 474/1000] limit= 25 trial  76 -> 236 gates (43.0s)
[ 475/1000] limit= 25 trial  78 -> 240 gates (41.5s)
[ 476/1000] limit= 25 trial  71 -> 234 gates (47.8s)
[ 477/1000] limit= 25 trial  74 -> 236 gates (47.4s)
[ 478/1000] limit= 25 trial  79 -> 236 gates (41.4s)
[ 479/1000] limit= 25 trial  77 -> 236 gates (47.5s)
[ 480/1000] limit= 25 trial  80 -> 240 gates (39.4s)
[ 481/1000] limit= 25 trial  82 -> 232 gates (41.2s)
[ 482/1000] limit= 25 trial  81 -> 238 gates (42.6s)
[ 483/1000] limit= 25 trial  85 -> 234 gates (40.6s)
[ 484/1000] limit= 25 trial  83 -> 234 gates (46.8s)
[ 485/1000] limit= 25 trial  86 -> 238 gates (42.4s)
[ 486/1000] limit= 25 trial  84 -> 236 gates (43.5s)
[ 487/1000] limit= 25 trial  88 -> 236 gates (41.6s)
[ 488/1000] limit= 25 trial  87 -> 230 gates (44.3s)
[ 489/1000] limit= 25 trial  89 -> 238 gates (47.6s)
[ 490/1000] limit= 25 trial  90 -> 236 gates (41.9s)
[ 491/1000] limit= 25 trial  92 -> 236 gates (40.7s)
[ 492/1000] limit= 25 trial  95 -> 234 gates (41.1s)
[ 493/1000] limit= 25 trial  91 -> 236 gates (47.5s)
[ 494/1000] limit= 25 trial  93 -> 232 gates (43.9s)
[ 495/1000] limit= 25 trial 100 -> 234 gates (40.4s)
[ 496/1000] limit= 25 trial  96 -> 230 gates (45.2s)
[ 497/1000] limit= 25 trial  97 -> 238 gates (42.8s)
[ 498/1000] limit= 25 trial  94 -> 236 gates (45.7s)
[ 499/1000] limit= 25 trial  99 -> 236 gates (43.0s)
[ 500/1000] limit= 30 trial   3 -> 236 gates (41.2s)
[ 501/1000] limit= 25 trial  98 -> 234 gates (44.3s)
[System] Config C05_lim025_N10 complete -> files written
[ 502/1000] limit= 30 trial   1 -> 234 gates (44.0s)
[ 503/1000] limit= 30 trial   4 -> 238 gates (42.8s)
[ 504/1000] limit= 30 trial   6 -> 234 gates (41.5s)
[ 505/1000] limit= 30 trial   2 -> 230 gates (47.5s)
[ 506/1000] limit= 30 trial   8 -> 236 gates (44.4s)
[ 507/1000] limit= 30 trial   5 -> 228 gates (47.5s)
[ 508/1000] limit= 30 trial   9 -> 230 gates (42.8s)
[ 509/1000] limit= 30 trial   7 -> 228 gates (47.5s)
[ 510/1000] limit= 30 trial  10 -> 230 gates (44.2s)
[ 511/1000] limit= 30 trial  11 -> 238 gates (40.8s)
[ 512/1000] limit= 30 trial  12 -> 234 gates (41.5s)
[ 513/1000] limit= 30 trial  14 -> 234 gates (41.6s)
[ 514/1000] limit= 30 trial  13 -> 234 gates (42.4s)
[ 515/1000] limit= 30 trial  16 -> 236 gates (41.6s)
[ 516/1000] limit= 30 trial  15 -> 232 gates (45.2s)
[ 517/1000] limit= 30 trial  18 -> 228 gates (43.2s)
[ 518/1000] limit= 30 trial  19 -> 230 gates (43.7s)
[ 519/1000] limit= 30 trial  17 -> 236 gates (47.6s)
[ 520/1000] limit= 30 trial  20 -> 228 gates (43.2s)
[ 521/1000] limit= 30 trial  24 -> 234 gates (41.8s)
[ 522/1000] limit= 30 trial  23 -> 238 gates (44.4s)
[ 523/1000] limit= 30 trial  21 -> 234 gates (47.3s)
[ 524/1000] limit= 30 trial  25 -> 232 gates (43.5s)
[ 525/1000] limit= 30 trial  30 -> 234 gates (41.2s)
[ 526/1000] limit= 30 trial  28 -> 236 gates (42.8s)
[ 527/1000] limit= 30 trial  22 -> 238 gates (47.5s)
[ 528/1000] limit= 30 trial  29 -> 236 gates (43.5s)
[ 529/1000] limit= 30 trial  31 -> 236 gates (43.3s)
[ 530/1000] limit= 30 trial  32 -> 234 gates (41.7s)
[ 531/1000] limit= 30 trial  26 -> 232 gates (47.4s)
[ 532/1000] limit= 30 trial  27 -> 234 gates (47.6s)
[ 533/1000] limit= 30 trial  34 -> 236 gates (41.1s)
[ 534/1000] limit= 30 trial  36 -> 232 gates (42.8s)
[ 535/1000] limit= 30 trial  33 -> 234 gates (47.6s)
[ 536/1000] limit= 30 trial  38 -> 236 gates (42.5s)
[ 537/1000] limit= 30 trial  35 -> 232 gates (46.9s)
[ 538/1000] limit= 30 trial  40 -> 234 gates (41.1s)
[ 539/1000] limit= 30 trial  39 -> 236 gates (42.7s)
[ 540/1000] limit= 30 trial  37 -> 230 gates (47.5s)
[ 541/1000] limit= 30 trial  41 -> 234 gates (40.8s)
[ 542/1000] limit= 30 trial  42 -> 230 gates (42.6s)
[ 543/1000] limit= 30 trial  44 -> 234 gates (40.8s)
[ 544/1000] limit= 30 trial  43 -> 234 gates (43.8s)
[ 545/1000] limit= 30 trial  45 -> 232 gates (41.9s)
[ 546/1000] limit= 30 trial  46 -> 236 gates (42.7s)
[ 547/1000] limit= 30 trial  48 -> 234 gates (42.0s)
[ 548/1000] limit= 30 trial  47 -> 232 gates (47.6s)
[ 549/1000] limit= 30 trial  49 -> 238 gates (43.4s)
[ 550/1000] limit= 30 trial  50 -> 232 gates (42.1s)
[ 551/1000] limit= 30 trial  53 -> 234 gates (42.3s)
[ 552/1000] limit= 30 trial  52 -> 232 gates (43.1s)
[ 553/1000] limit= 30 trial  58 -> 232 gates (40.8s)
[ 554/1000] limit= 30 trial  56 -> 234 gates (42.4s)
[ 555/1000] limit= 30 trial  54 -> 234 gates (44.2s)
[ 556/1000] limit= 30 trial  51 -> 234 gates (47.4s)
[ 557/1000] limit= 30 trial  57 -> 228 gates (44.8s)
[ 558/1000] limit= 30 trial  61 -> 234 gates (41.3s)
[ 559/1000] limit= 30 trial  55 -> 234 gates (47.4s)
[ 560/1000] limit= 30 trial  60 -> 230 gates (44.6s)
[ 561/1000] limit= 30 trial  59 -> 232 gates (46.5s)
[ 562/1000] limit= 30 trial  62 -> 230 gates (41.2s)
[ 563/1000] limit= 30 trial  64 -> 230 gates (42.9s)
[ 564/1000] limit= 30 trial  65 -> 232 gates (41.4s)
[ 565/1000] limit= 30 trial  66 -> 240 gates (42.5s)
[ 566/1000] limit= 30 trial  63 -> 232 gates (47.8s)
[ 567/1000] limit= 30 trial  69 -> 228 gates (41.9s)
[ 568/1000] limit= 30 trial  67 -> 234 gates (45.5s)
[ 569/1000] limit= 30 trial  68 -> 228 gates (47.4s)
[ 570/1000] limit= 30 trial  70 -> 232 gates (45.1s)
[ 571/1000] limit= 30 trial  71 -> 238 gates (43.2s)
[ 572/1000] limit= 30 trial  72 -> 238 gates (46.0s)
[ 573/1000] limit= 30 trial  73 -> 238 gates (42.1s)
[ 574/1000] limit= 30 trial  74 -> 236 gates (42.7s)
[ 575/1000] limit= 30 trial  75 -> 232 gates (42.0s)
[ 576/1000] limit= 30 trial  80 -> 232 gates (40.5s)
[ 577/1000] limit= 30 trial  79 -> 234 gates (41.3s)
[ 578/1000] limit= 30 trial  77 -> 228 gates (42.8s)
[ 579/1000] limit= 30 trial  83 -> 234 gates (41.8s)
[ 580/1000] limit= 30 trial  78 -> 230 gates (45.8s)
[ 581/1000] limit= 30 trial  82 -> 238 gates (43.1s)
[ 582/1000] limit= 30 trial  76 -> 234 gates (47.6s)
[ 583/1000] limit= 30 trial  88 -> 228 gates (40.2s)
[ 584/1000] limit= 30 trial  85 -> 234 gates (42.6s)
[ 585/1000] limit= 30 trial  81 -> 238 gates (46.6s)
[ 586/1000] limit= 30 trial  89 -> 236 gates (41.3s)
[ 587/1000] limit= 30 trial  86 -> 232 gates (43.8s)
[ 588/1000] limit= 30 trial  87 -> 234 gates (44.1s)
[ 589/1000] limit= 30 trial  90 -> 234 gates (41.9s)
[ 590/1000] limit= 30 trial  84 -> 236 gates (47.4s)
[ 591/1000] limit= 30 trial  92 -> 234 gates (40.9s)
[ 592/1000] limit= 30 trial  91 -> 234 gates (42.9s)
[ 593/1000] limit= 30 trial  93 -> 238 gates (42.9s)
[ 594/1000] limit= 30 trial  95 -> 234 gates (42.6s)
[ 595/1000] limit= 30 trial  96 -> 238 gates (42.4s)
[ 596/1000] limit= 30 trial  94 -> 232 gates (45.7s)
[ 597/1000] limit= 30 trial  97 -> 236 gates (42.9s)
[ 598/1000] limit= 30 trial  98 -> 232 gates (45.5s)
[ 599/1000] limit= 40 trial   1 -> 232 gates (42.3s)
[ 600/1000] limit= 30 trial  99 -> 232 gates (47.6s)
[ 601/1000] limit= 30 trial 100 -> 230 gates (47.2s)
[System] Config C06_lim030_N10 complete -> files written
[ 602/1000] limit= 40 trial   3 -> 236 gates (41.1s)
[ 603/1000] limit= 40 trial   2 -> 230 gates (43.5s)
[ 604/1000] limit= 40 trial   5 -> 230 gates (39.4s)
[ 605/1000] limit= 40 trial   4 -> 232 gates (44.4s)
[ 606/1000] limit= 40 trial   6 -> 234 gates (43.4s)
[ 607/1000] limit= 40 trial   7 -> 230 gates (42.4s)
[ 608/1000] limit= 40 trial  12 -> 234 gates (41.1s)
[ 609/1000] limit= 40 trial   8 -> 236 gates (45.2s)
[ 610/1000] limit= 40 trial  14 -> 234 gates (42.0s)
[ 611/1000] limit= 40 trial  17 -> 232 gates (40.2s)
[ 612/1000] limit= 40 trial  11 -> 236 gates (43.8s)
[ 613/1000] limit= 40 trial   9 -> 232 gates (47.4s)
[ 614/1000] limit= 40 trial  10 -> 232 gates (47.5s)
[ 615/1000] limit= 40 trial  13 -> 230 gates (47.2s)
[ 616/1000] limit= 40 trial  20 -> 240 gates (41.5s)
[ 617/1000] limit= 40 trial  19 -> 234 gates (43.1s)
[ 618/1000] limit= 40 trial  15 -> 236 gates (47.4s)
[ 619/1000] limit= 40 trial  16 -> 230 gates (47.5s)
[ 620/1000] limit= 40 trial  18 -> 232 gates (47.4s)
[ 621/1000] limit= 40 trial  21 -> 232 gates (42.6s)
[ 622/1000] limit= 40 trial  22 -> 232 gates (43.6s)
[ 623/1000] limit= 40 trial  23 -> 230 gates (41.6s)
[ 624/1000] limit= 40 trial  24 -> 234 gates (43.9s)
[ 625/1000] limit= 40 trial  25 -> 228 gates (41.5s)
[ 626/1000] limit= 40 trial  26 -> 234 gates (41.7s)
[ 627/1000] limit= 40 trial  27 -> 236 gates (41.0s)
[ 628/1000] limit= 40 trial  30 -> 234 gates (39.7s)
[ 629/1000] limit= 40 trial  31 -> 230 gates (41.5s)
[ 630/1000] limit= 40 trial  28 -> 232 gates (47.5s)
[ 631/1000] limit= 40 trial  32 -> 232 gates (41.5s)
[ 632/1000] limit= 40 trial  29 -> 234 gates (46.0s)
[ 633/1000] limit= 40 trial  34 -> 230 gates (44.1s)
[ 634/1000] limit= 40 trial  38 -> 232 gates (39.7s)
[ 635/1000] limit= 40 trial  37 -> 232 gates (40.9s)
[ 636/1000] limit= 40 trial  35 -> 234 gates (45.7s)
[ 637/1000] limit= 40 trial  33 -> 234 gates (47.2s)
[ 638/1000] limit= 40 trial  39 -> 226 gates (42.0s)
[ 639/1000] limit= 40 trial  41 -> 234 gates (41.2s)
[ 640/1000] limit= 40 trial  40 -> 232 gates (43.6s)
[ 641/1000] limit= 40 trial  36 -> 230 gates (46.5s)
[ 642/1000] limit= 40 trial  45 -> 228 gates (40.1s)
[ 643/1000] limit= 40 trial  44 -> 236 gates (43.1s)
[ 644/1000] limit= 40 trial  42 -> 232 gates (47.5s)
[ 645/1000] limit= 40 trial  43 -> 236 gates (47.4s)
[ 646/1000] limit= 40 trial  51 -> 236 gates (40.3s)
[ 647/1000] limit= 40 trial  49 -> 228 gates (43.7s)
[ 648/1000] limit= 40 trial  46 -> 232 gates (47.3s)
[ 649/1000] limit= 40 trial  50 -> 232 gates (42.2s)
[ 650/1000] limit= 40 trial  47 -> 230 gates (47.3s)
[ 651/1000] limit= 40 trial  48 -> 236 gates (47.3s)
[ 652/1000] limit= 40 trial  52 -> 234 gates (42.8s)
[ 653/1000] limit= 40 trial  54 -> 230 gates (41.7s)
[ 654/1000] limit= 40 trial  53 -> 238 gates (44.9s)
[ 655/1000] limit= 40 trial  55 -> 238 gates (41.0s)
[ 656/1000] limit= 40 trial  56 -> 230 gates (41.5s)
[ 657/1000] limit= 40 trial  57 -> 230 gates (42.5s)
[ 658/1000] limit= 40 trial  60 -> 230 gates (42.2s)
[ 659/1000] limit= 40 trial  59 -> 226 gates (44.5s)
[ 660/1000] limit= 40 trial  58 -> 228 gates (47.5s)
[ 661/1000] limit= 40 trial  61 -> 232 gates (41.0s)
[ 662/1000] limit= 40 trial  62 -> 230 gates (42.3s)
[ 663/1000] limit= 40 trial  65 -> 230 gates (40.9s)
[ 664/1000] limit= 40 trial  67 -> 232 gates (40.4s)
[ 665/1000] limit= 40 trial  63 -> 232 gates (44.6s)
[ 666/1000] limit= 40 trial  70 -> 232 gates (39.4s)
[ 667/1000] limit= 40 trial  68 -> 232 gates (41.8s)
[ 668/1000] limit= 40 trial  69 -> 232 gates (42.1s)
[ 669/1000] limit= 40 trial  66 -> 226 gates (45.1s)
[ 670/1000] limit= 40 trial  64 -> 236 gates (46.7s)
[ 671/1000] limit= 40 trial  71 -> 236 gates (41.7s)
[ 672/1000] limit= 40 trial  74 -> 234 gates (43.3s)
[ 673/1000] limit= 40 trial  78 -> 228 gates (41.2s)
[ 674/1000] limit= 40 trial  75 -> 228 gates (43.2s)
[ 675/1000] limit= 40 trial  73 -> 236 gates (45.0s)
[ 676/1000] limit= 40 trial  77 -> 234 gates (43.5s)
[ 677/1000] limit= 40 trial  72 -> 226 gates (47.7s)
[ 678/1000] limit= 40 trial  81 -> 234 gates (40.2s)
[ 679/1000] limit= 40 trial  79 -> 234 gates (45.2s)
[ 680/1000] limit= 40 trial  76 -> 228 gates (47.4s)
[ 681/1000] limit= 40 trial  82 -> 230 gates (42.6s)
[ 682/1000] limit= 40 trial  80 -> 236 gates (47.6s)
[ 683/1000] limit= 40 trial  83 -> 232 gates (45.1s)
[ 684/1000] limit= 40 trial  84 -> 234 gates (45.0s)
[ 685/1000] limit= 40 trial  85 -> 232 gates (45.9s)
[ 686/1000] limit= 40 trial  86 -> 232 gates (43.0s)
[ 687/1000] limit= 40 trial  89 -> 232 gates (42.3s)
[ 688/1000] limit= 40 trial  91 -> 230 gates (40.0s)
[ 689/1000] limit= 40 trial  87 -> 234 gates (47.4s)
[ 690/1000] limit= 40 trial  88 -> 234 gates (47.6s)
[ 691/1000] limit= 40 trial  90 -> 236 gates (44.2s)
[ 692/1000] limit= 40 trial  93 -> 230 gates (41.8s)
[ 693/1000] limit= 40 trial  94 -> 234 gates (41.5s)
[ 694/1000] limit= 40 trial  96 -> 230 gates (41.0s)
[ 695/1000] limit= 40 trial  92 -> 230 gates (45.0s)
[ 696/1000] limit= 40 trial  97 -> 230 gates (40.8s)
[ 697/1000] limit= 40 trial  95 -> 226 gates (43.0s)
[ 698/1000] limit= 40 trial  98 -> 236 gates (41.6s)
[ 699/1000] limit= 40 trial  99 -> 236 gates (41.7s)
[ 700/1000] limit= 55 trial   1 -> 232 gates (43.9s)
[ 701/1000] limit= 55 trial   2 -> 232 gates (43.3s)
[ 702/1000] limit= 55 trial   3 -> 232 gates (44.2s)
[ 703/1000] limit= 55 trial   6 -> 234 gates (41.4s)
[ 704/1000] limit= 55 trial   7 -> 228 gates (41.2s)
[ 705/1000] limit= 40 trial 100 -> 228 gates (47.1s)
[System] Config C07_lim040_N10 complete -> files written
[ 706/1000] limit= 55 trial   4 -> 232 gates (47.0s)
[ 707/1000] limit= 55 trial   5 -> 236 gates (47.0s)
[ 708/1000] limit= 55 trial   9 -> 232 gates (42.4s)
[ 709/1000] limit= 55 trial   8 -> 230 gates (47.3s)
[ 710/1000] limit= 55 trial  11 -> 236 gates (41.1s)
[ 711/1000] limit= 55 trial  10 -> 230 gates (47.8s)
[ 712/1000] limit= 55 trial  12 -> 228 gates (41.4s)
[ 713/1000] limit= 55 trial  14 -> 232 gates (42.3s)
[ 714/1000] limit= 55 trial  16 -> 232 gates (42.2s)
[ 715/1000] limit= 55 trial  13 -> 224 gates (47.0s)
[ 716/1000] limit= 55 trial  19 -> 232 gates (39.9s)
[ 717/1000] limit= 55 trial  15 -> 234 gates (45.6s)
[ 718/1000] limit= 55 trial  21 -> 232 gates (40.9s)
[ 719/1000] limit= 55 trial  20 -> 236 gates (42.6s)
[ 720/1000] limit= 55 trial  24 -> 238 gates (42.0s)
[ 721/1000] limit= 55 trial  17 -> 234 gates (47.3s)
[ 722/1000] limit= 55 trial  23 -> 232 gates (42.3s)
[ 723/1000] limit= 55 trial  22 -> 226 gates (43.5s)
[ 724/1000] limit= 55 trial  18 -> 232 gates (46.5s)
[ 725/1000] limit= 55 trial  26 -> 236 gates (41.8s)
[ 726/1000] limit= 55 trial  25 -> 234 gates (43.6s)
[ 727/1000] limit= 55 trial  27 -> 238 gates (43.0s)
[ 728/1000] limit= 55 trial  29 -> 232 gates (41.5s)
[ 729/1000] limit= 55 trial  28 -> 234 gates (42.9s)
[ 730/1000] limit= 55 trial  31 -> 228 gates (42.3s)
[ 731/1000] limit= 55 trial  35 -> 228 gates (40.7s)
[ 732/1000] limit= 55 trial  32 -> 226 gates (43.9s)
[ 733/1000] limit= 55 trial  30 -> 228 gates (47.2s)
[ 734/1000] limit= 55 trial  36 -> 236 gates (44.3s)
[ 735/1000] limit= 55 trial  33 -> 234 gates (47.0s)
[ 736/1000] limit= 55 trial  34 -> 234 gates (45.8s)
[ 737/1000] limit= 55 trial  38 -> 232 gates (44.3s)
[ 738/1000] limit= 55 trial  40 -> 232 gates (41.3s)
[ 739/1000] limit= 55 trial  37 -> 232 gates (47.3s)
[ 740/1000] limit= 55 trial  39 -> 232 gates (47.5s)
[ 741/1000] limit= 55 trial  41 -> 232 gates (42.8s)
[ 742/1000] limit= 55 trial  42 -> 224 gates (42.9s)
[ 743/1000] limit= 55 trial  44 -> 228 gates (42.1s)
[ 744/1000] limit= 55 trial  47 -> 234 gates (41.1s)
[ 745/1000] limit= 55 trial  46 -> 230 gates (42.8s)
[ 746/1000] limit= 55 trial  43 -> 236 gates (47.0s)
[ 747/1000] limit= 55 trial  52 -> 230 gates (40.9s)
[ 748/1000] limit= 55 trial  48 -> 232 gates (42.5s)
[ 749/1000] limit= 55 trial  45 -> 236 gates (46.2s)
[ 750/1000] limit= 55 trial  54 -> 238 gates (41.3s)
[ 751/1000] limit= 55 trial  53 -> 236 gates (42.4s)
[ 752/1000] limit= 55 trial  50 -> 232 gates (43.8s)
[ 753/1000] limit= 55 trial  49 -> 236 gates (45.3s)
[ 754/1000] limit= 55 trial  51 -> 234 gates (44.8s)
[ 755/1000] limit= 55 trial  55 -> 232 gates (42.0s)
[ 756/1000] limit= 55 trial  56 -> 228 gates (40.0s)
[ 757/1000] limit= 55 trial  58 -> 232 gates (42.2s)
[ 758/1000] limit= 55 trial  59 -> 238 gates (41.0s)
[ 759/1000] limit= 55 trial  57 -> 230 gates (45.4s)
[ 760/1000] limit= 55 trial  60 -> 230 gates (45.0s)
[ 761/1000] limit= 55 trial  64 -> 230 gates (44.0s)
[ 762/1000] limit= 55 trial  62 -> 236 gates (45.6s)
[ 763/1000] limit= 55 trial  61 -> 236 gates (47.2s)
[ 764/1000] limit= 55 trial  63 -> 236 gates (47.0s)
[ 765/1000] limit= 55 trial  65 -> 226 gates (43.6s)
[ 766/1000] limit= 55 trial  66 -> 234 gates (43.2s)
[ 767/1000] limit= 55 trial  67 -> 232 gates (47.3s)
[ 768/1000] limit= 55 trial  69 -> 230 gates (40.8s)
[ 769/1000] limit= 55 trial  68 -> 234 gates (43.9s)
[ 770/1000] limit= 55 trial  70 -> 232 gates (43.2s)
[ 771/1000] limit= 55 trial  73 -> 238 gates (40.6s)
[ 772/1000] limit= 55 trial  71 -> 230 gates (43.9s)
[ 773/1000] limit= 55 trial  72 -> 232 gates (43.3s)
[ 774/1000] limit= 55 trial  76 -> 228 gates (41.2s)
[ 775/1000] limit= 55 trial  75 -> 236 gates (42.3s)
[ 776/1000] limit= 55 trial  79 -> 236 gates (42.1s)
[ 777/1000] limit= 55 trial  78 -> 228 gates (42.4s)
[ 778/1000] limit= 55 trial  82 -> 236 gates (40.7s)
[ 779/1000] limit= 55 trial  81 -> 228 gates (41.7s)
[ 780/1000] limit= 55 trial  80 -> 230 gates (43.8s)
[ 781/1000] limit= 55 trial  74 -> 230 gates (47.0s)
[ 782/1000] limit= 55 trial  77 -> 232 gates (47.2s)
[ 783/1000] limit= 55 trial  83 -> 230 gates (44.3s)
[ 784/1000] limit= 55 trial  84 -> 236 gates (40.9s)
[ 785/1000] limit= 55 trial  86 -> 234 gates (42.0s)
[ 786/1000] limit= 55 trial  85 -> 232 gates (43.5s)
[ 787/1000] limit= 55 trial  89 -> 234 gates (40.2s)
[ 788/1000] limit= 55 trial  87 -> 230 gates (46.0s)
[ 789/1000] limit= 55 trial  88 -> 234 gates (46.9s)
[ 790/1000] limit= 55 trial  94 -> 232 gates (41.0s)
[ 791/1000] limit= 55 trial  93 -> 236 gates (43.0s)
[ 792/1000] limit= 55 trial  90 -> 234 gates (47.2s)
[ 793/1000] limit= 55 trial  91 -> 232 gates (47.1s)
[ 794/1000] limit= 55 trial  92 -> 238 gates (47.1s)
[ 795/1000] limit= 55 trial  96 -> 236 gates (42.7s)
[ 796/1000] limit= 55 trial  95 -> 230 gates (44.1s)
[ 797/1000] limit= 55 trial  97 -> 228 gates (44.6s)
[ 798/1000] limit= 55 trial  99 -> 234 gates (43.0s)
[ 799/1000] limit= 80 trial   1 -> 232 gates (41.2s)
[ 800/1000] limit= 55 trial 100 -> 230 gates (42.9s)
[ 801/1000] limit= 80 trial   4 -> 230 gates (40.9s)
[ 802/1000] limit= 55 trial  98 -> 230 gates (46.5s)
[System] Config C08_lim055_N10 complete -> files written
[ 803/1000] limit= 80 trial   3 -> 230 gates (43.2s)
[ 804/1000] limit= 80 trial   8 -> 234 gates (41.0s)
[ 805/1000] limit= 80 trial   2 -> 234 gates (45.9s)
[ 806/1000] limit= 80 trial   5 -> 236 gates (44.7s)
[ 807/1000] limit= 80 trial   6 -> 232 gates (44.1s)
[ 808/1000] limit= 80 trial   7 -> 228 gates (43.9s)
[ 809/1000] limit= 80 trial   9 -> 230 gates (43.0s)
[ 810/1000] limit= 80 trial  10 -> 234 gates (43.0s)
[ 811/1000] limit= 80 trial  11 -> 232 gates (43.5s)
[ 812/1000] limit= 80 trial  12 -> 234 gates (44.7s)
[ 813/1000] limit= 80 trial  13 -> 228 gates (43.3s)
[ 814/1000] limit= 80 trial  15 -> 232 gates (42.0s)
[ 815/1000] limit= 80 trial  14 -> 238 gates (47.4s)
[ 816/1000] limit= 80 trial  16 -> 234 gates (42.5s)
[ 817/1000] limit= 80 trial  18 -> 230 gates (40.3s)
[ 818/1000] limit= 80 trial  17 -> 230 gates (43.1s)
[ 819/1000] limit= 80 trial  19 -> 228 gates (41.7s)
[ 820/1000] limit= 80 trial  23 -> 234 gates (42.2s)
[ 821/1000] limit= 80 trial  25 -> 226 gates (39.5s)
[ 822/1000] limit= 80 trial  20 -> 228 gates (47.3s)
[ 823/1000] limit= 80 trial  21 -> 238 gates (47.2s)
[ 824/1000] limit= 80 trial  22 -> 236 gates (47.0s)
[ 825/1000] limit= 80 trial  24 -> 228 gates (44.7s)
[ 826/1000] limit= 80 trial  28 -> 232 gates (40.0s)
[ 827/1000] limit= 80 trial  26 -> 240 gates (41.2s)
[ 828/1000] limit= 80 trial  29 -> 234 gates (42.9s)
[ 829/1000] limit= 80 trial  31 -> 236 gates (42.0s)
[ 830/1000] limit= 80 trial  27 -> 230 gates (45.6s)
[ 831/1000] limit= 80 trial  30 -> 236 gates (43.6s)
[ 832/1000] limit= 80 trial  34 -> 232 gates (42.8s)
[ 833/1000] limit= 80 trial  38 -> 238 gates (40.0s)
[ 834/1000] limit= 80 trial  32 -> 230 gates (46.9s)
[ 835/1000] limit= 80 trial  36 -> 234 gates (45.0s)
[ 836/1000] limit= 80 trial  37 -> 236 gates (45.0s)
[ 837/1000] limit= 80 trial  33 -> 228 gates (47.0s)
[ 838/1000] limit= 80 trial  39 -> 228 gates (41.8s)
[ 839/1000] limit= 80 trial  35 -> 232 gates (46.9s)
[ 840/1000] limit= 80 trial  40 -> 232 gates (43.9s)
[ 841/1000] limit= 80 trial  41 -> 232 gates (41.8s)
[ 842/1000] limit= 80 trial  42 -> 236 gates (40.9s)
[ 843/1000] limit= 80 trial  44 -> 236 gates (41.8s)
[ 844/1000] limit= 80 trial  47 -> 232 gates (40.8s)
[ 845/1000] limit= 80 trial  43 -> 232 gates (47.2s)
[ 846/1000] limit= 80 trial  46 -> 234 gates (42.9s)
[ 847/1000] limit= 80 trial  45 -> 234 gates (44.5s)
[ 848/1000] limit= 80 trial  49 -> 234 gates (40.7s)
[ 849/1000] limit= 80 trial  50 -> 234 gates (40.5s)
[ 850/1000] limit= 80 trial  53 -> 228 gates (40.9s)
[ 851/1000] limit= 80 trial  48 -> 228 gates (45.7s)
[ 852/1000] limit= 80 trial  51 -> 234 gates (44.6s)
[ 853/1000] limit= 80 trial  55 -> 234 gates (41.5s)
[ 854/1000] limit= 80 trial  52 -> 236 gates (47.0s)
[ 855/1000] limit= 80 trial  54 -> 234 gates (43.4s)
[ 856/1000] limit= 80 trial  56 -> 238 gates (40.5s)
[ 857/1000] limit= 80 trial  58 -> 234 gates (42.1s)
[ 858/1000] limit= 80 trial  57 -> 232 gates (43.3s)
[ 859/1000] limit= 80 trial  61 -> 234 gates (40.7s)
[ 860/1000] limit= 80 trial  66 -> 230 gates (40.9s)
[ 861/1000] limit= 80 trial  59 -> 232 gates (47.3s)
[ 862/1000] limit= 80 trial  65 -> 234 gates (44.0s)
[ 863/1000] limit= 80 trial  62 -> 232 gates (45.2s)
[ 864/1000] limit= 80 trial  60 -> 234 gates (47.4s)
[ 865/1000] limit= 80 trial  63 -> 232 gates (45.4s)
[ 866/1000] limit= 80 trial  64 -> 234 gates (45.5s)
[ 867/1000] limit= 80 trial  67 -> 236 gates (47.3s)
[ 868/1000] limit= 80 trial  69 -> 234 gates (41.7s)
[ 869/1000] limit= 80 trial  68 -> 230 gates (47.3s)
[ 870/1000] limit= 80 trial  71 -> 236 gates (41.0s)
[ 871/1000] limit= 80 trial  70 -> 234 gates (42.8s)
[ 872/1000] limit= 80 trial  75 -> 238 gates (40.3s)
[ 873/1000] limit= 80 trial  72 -> 238 gates (42.2s)
[ 874/1000] limit= 80 trial  74 -> 228 gates (43.1s)
[ 875/1000] limit= 80 trial  76 -> 230 gates (40.9s)
[ 876/1000] limit= 80 trial  73 -> 240 gates (47.2s)
[ 877/1000] limit= 80 trial  77 -> 234 gates (43.0s)
[ 878/1000] limit= 80 trial  79 -> 238 gates (41.5s)
[ 879/1000] limit= 80 trial  78 -> 230 gates (43.2s)
[ 880/1000] limit= 80 trial  81 -> 236 gates (39.5s)
[ 881/1000] limit= 80 trial  80 -> 230 gates (45.7s)
[ 882/1000] limit= 80 trial  83 -> 236 gates (42.6s)
[ 883/1000] limit= 80 trial  84 -> 232 gates (43.9s)
[ 884/1000] limit= 80 trial  86 -> 230 gates (41.3s)
[ 885/1000] limit= 80 trial  82 -> 240 gates (47.1s)
[ 886/1000] limit= 80 trial  85 -> 232 gates (47.0s)
[ 887/1000] limit= 80 trial  91 -> 228 gates (40.3s)
[ 888/1000] limit= 80 trial  88 -> 232 gates (43.7s)
[ 889/1000] limit= 80 trial  87 -> 238 gates (47.4s)
[ 890/1000] limit= 80 trial  90 -> 240 gates (41.4s)
[ 891/1000] limit= 80 trial  89 -> 232 gates (46.9s)
[ 892/1000] limit= 80 trial  94 -> 234 gates (43.0s)
[ 893/1000] limit= 80 trial  95 -> 232 gates (41.2s)
[ 894/1000] limit= 80 trial  93 -> 232 gates (44.7s)
[ 895/1000] limit= 80 trial  92 -> 230 gates (45.8s)
[ 896/1000] limit= 80 trial  96 -> 236 gates (41.6s)
[ 897/1000] limit= 80 trial 100 -> 234 gates (39.6s)
[ 898/1000] limit= 80 trial  99 -> 228 gates (44.6s)
[ 899/1000] limit= 80 trial  98 -> 236 gates (45.8s)
[ 900/1000] limit= 80 trial  97 -> 240 gates (47.3s)
[System] Config C09_lim080_N10 complete -> files written
[ 901/1000] limit=120 trial   2 -> 234 gates (43.8s)
[ 902/1000] limit=120 trial   1 -> 236 gates (45.8s)
[ 903/1000] limit=120 trial   3 -> 236 gates (42.9s)
[ 904/1000] limit=120 trial   5 -> 232 gates (43.8s)
[ 905/1000] limit=120 trial   7 -> 234 gates (41.7s)
[ 906/1000] limit=120 trial   4 -> 236 gates (46.9s)
[ 907/1000] limit=120 trial   6 -> 240 gates (42.7s)
[ 908/1000] limit=120 trial   8 -> 236 gates (42.7s)
[ 909/1000] limit=120 trial   9 -> 234 gates (42.0s)
[ 910/1000] limit=120 trial  12 -> 238 gates (41.7s)
[ 911/1000] limit=120 trial  10 -> 232 gates (46.6s)
[ 912/1000] limit=120 trial  11 -> 236 gates (47.4s)
[ 913/1000] limit=120 trial  13 -> 234 gates (47.2s)
[ 914/1000] limit=120 trial  14 -> 234 gates (42.9s)
[ 915/1000] limit=120 trial  17 -> 236 gates (41.5s)
[ 916/1000] limit=120 trial  18 -> 230 gates (42.3s)
[ 917/1000] limit=120 trial  19 -> 242 gates (40.3s)
[ 918/1000] limit=120 trial  16 -> 236 gates (44.9s)
[ 919/1000] limit=120 trial  20 -> 236 gates (42.2s)
[ 920/1000] limit=120 trial  21 -> 234 gates (41.8s)
[ 921/1000] limit=120 trial  15 -> 234 gates (47.4s)
[ 922/1000] limit=120 trial  23 -> 234 gates (42.6s)
[ 923/1000] limit=120 trial  24 -> 238 gates (43.2s)
[ 924/1000] limit=120 trial  22 -> 228 gates (47.3s)
[ 925/1000] limit=120 trial  25 -> 240 gates (39.7s)
[ 926/1000] limit=120 trial  27 -> 230 gates (40.4s)
[ 927/1000] limit=120 trial  26 -> 230 gates (47.0s)
[ 928/1000] limit=120 trial  29 -> 240 gates (41.1s)
[ 929/1000] limit=120 trial  28 -> 232 gates (47.3s)
[ 930/1000] limit=120 trial  31 -> 228 gates (41.9s)
[ 931/1000] limit=120 trial  30 -> 240 gates (44.5s)
[ 932/1000] limit=120 trial  33 -> 234 gates (39.4s)
[ 933/1000] limit=120 trial  36 -> 234 gates (40.0s)
[ 934/1000] limit=120 trial  32 -> 238 gates (43.2s)
[ 935/1000] limit=120 trial  35 -> 238 gates (43.1s)
[ 936/1000] limit=120 trial  37 -> 230 gates (41.7s)
[ 937/1000] limit=120 trial  34 -> 236 gates (47.1s)
[ 938/1000] limit=120 trial  38 -> 240 gates (44.7s)
[ 939/1000] limit=120 trial  39 -> 236 gates (43.6s)
[ 940/1000] limit=120 trial  42 -> 234 gates (40.7s)
[ 941/1000] limit=120 trial  40 -> 232 gates (42.0s)
[ 942/1000] limit=120 trial  43 -> 234 gates (40.7s)
[ 943/1000] limit=120 trial  41 -> 234 gates (42.6s)
[ 944/1000] limit=120 trial  44 -> 228 gates (43.6s)
[ 945/1000] limit=120 trial  48 -> 232 gates (41.3s)
[ 946/1000] limit=120 trial  45 -> 232 gates (45.7s)
[ 947/1000] limit=120 trial  50 -> 236 gates (42.8s)
[ 948/1000] limit=120 trial  47 -> 240 gates (45.9s)
[ 949/1000] limit=120 trial  46 -> 232 gates (47.1s)
[ 950/1000] limit=120 trial  49 -> 238 gates (46.5s)
[ 951/1000] limit=120 trial  51 -> 240 gates (47.6s)
[ 952/1000] limit=120 trial  54 -> 236 gates (42.4s)
[ 953/1000] limit=120 trial  52 -> 232 gates (45.3s)
[ 954/1000] limit=120 trial  53 -> 236 gates (47.1s)
[ 955/1000] limit=120 trial  56 -> 228 gates (40.9s)
[ 956/1000] limit=120 trial  57 -> 234 gates (40.5s)
[ 957/1000] limit=120 trial  60 -> 238 gates (40.5s)
[ 958/1000] limit=120 trial  58 -> 234 gates (42.5s)
[ 959/1000] limit=120 trial  55 -> 234 gates (46.9s)
[ 960/1000] limit=120 trial  59 -> 228 gates (42.7s)
[ 961/1000] limit=120 trial  62 -> 238 gates (42.0s)
[ 962/1000] limit=120 trial  63 -> 232 gates (42.6s)
[ 963/1000] limit=120 trial  64 -> 236 gates (41.7s)
[ 964/1000] limit=120 trial  61 -> 236 gates (46.5s)
[ 965/1000] limit=120 trial  65 -> 232 gates (47.3s)
[ 966/1000] limit=120 trial  68 -> 234 gates (40.1s)
[ 967/1000] limit=120 trial  67 -> 238 gates (43.3s)
[ 968/1000] limit=120 trial  66 -> 238 gates (44.9s)
[ 969/1000] limit=120 trial  71 -> 234 gates (42.0s)
[ 970/1000] limit=120 trial  70 -> 234 gates (43.2s)
[ 971/1000] limit=120 trial  72 -> 234 gates (40.7s)
[ 972/1000] limit=120 trial  73 -> 236 gates (41.1s)
[ 973/1000] limit=120 trial  69 -> 232 gates (47.3s)
[ 974/1000] limit=120 trial  74 -> 234 gates (41.6s)
[ 975/1000] limit=120 trial  75 -> 230 gates (42.6s)
[ 976/1000] limit=120 trial  78 -> 238 gates (41.2s)
[ 977/1000] limit=120 trial  76 -> 232 gates (44.3s)
[ 978/1000] limit=120 trial  77 -> 240 gates (45.7s)
[ 979/1000] limit=120 trial  80 -> 238 gates (42.1s)
[ 980/1000] limit=120 trial  79 -> 236 gates (45.0s)
[ 981/1000] limit=120 trial  81 -> 234 gates (44.3s)
[ 982/1000] limit=120 trial  83 -> 240 gates (40.7s)
[ 983/1000] limit=120 trial  84 -> 236 gates (41.4s)
[ 984/1000] limit=120 trial  82 -> 236 gates (44.0s)
[ 985/1000] limit=120 trial  85 -> 238 gates (39.8s)
[ 986/1000] limit=120 trial  86 -> 234 gates (39.9s)
[ 987/1000] limit=120 trial  88 -> 236 gates (40.4s)
[ 988/1000] limit=120 trial  87 -> 236 gates (41.3s)
[ 989/1000] limit=120 trial  89 -> 236 gates (38.6s)
[ 990/1000] limit=120 trial  91 -> 232 gates (37.3s)
[ 991/1000] limit=120 trial  90 -> 234 gates (39.2s)
[ 992/1000] limit=120 trial  92 -> 234 gates (38.9s)
[ 993/1000] limit=120 trial  94 -> 234 gates (34.6s)
[ 994/1000] limit=120 trial  93 -> 236 gates (35.5s)
[ 995/1000] limit=120 trial  95 -> 234 gates (34.3s)
[ 996/1000] limit=120 trial  97 -> 230 gates (32.8s)
[ 997/1000] limit=120 trial  96 -> 236 gates (33.5s)
[ 998/1000] limit=120 trial  98 -> 234 gates (32.5s)
[ 999/1000] limit=120 trial  99 -> 238 gates (31.5s)
[1000/1000] limit=120 trial 100 -> 238 gates (31.3s)
[System] Config C10_lim120_N10 complete -> files written

        config  limit  num_neighbors  final_avg_gates  final_std  best_gates  worst_gates  median_gates  avg_time_s
C07_lim040_N10     40             10           232.18      2.941         226          240         232.0       43.53
C08_lim055_N10     55             10           232.30      3.217         224          238         232.0       43.71
C09_lim080_N10     80             10           233.12      3.302         226          240         234.0       43.50
C06_lim030_N10     30             10           233.46      2.896         228          240         234.0       43.74
C10_lim120_N10    120             10           234.86      3.102         228          242         234.0       42.29
C05_lim025_N10     25             10           235.28      2.569         230          240         236.0       43.69
C04_lim020_N10     20             10           236.66      2.593         228          242         236.0       43.69
C03_lim015_N10     15             10           239.80      2.030         234          244         240.0       44.00
C02_lim010_N10     10             10           244.52      2.032         238          248         244.0       44.00
C01_lim005_N10      5             10           249.46      2.398         240          254         250.0       43.60

[System] All results in: param_sweep\6bit_p1_ABC
[Plot] Wrote convergence_facets.pdf/png, convergence_all.pdf/png and convergence_data.csv to param_sweep\6bit_p1_ABC (10 configs)
